<!doctype html public "-//w3c//dtd html 4.0 transitional//en">
<html><head>
<title>Static Call Graph - [B-L475E-IOT01-NOSENSOR\B-L475E-IOT01-NOSENSOR.axf]</title></head>
<body><HR>
<H1>Static Call Graph for image B-L475E-IOT01-NOSENSOR\B-L475E-IOT01-NOSENSOR.axf</H1><HR>
<BR><P>#&#060CALLGRAPH&#062# ARM Linker, 5060528: Last Updated: Sun Feb 18 21:47:30 2018
<BR><P>
<H3>Maximum Stack Usage =       5384 bytes + Unknown(Cycles, Untraceable Function Pointers)</H3><H3>
Call chain for Maximum Stack Depth:</H3>
main &rArr; subscribe_publish_sensor_values &rArr; aws_iot_mqtt_yield &rArr; _aws_iot_mqtt_internal_yield &rArr; aws_iot_mqtt_attempt_reconnect &rArr; aws_iot_mqtt_resubscribe &rArr; _aws_iot_mqtt_internal_resubscribe &rArr; aws_iot_mqtt_internal_wait_for_read &rArr; aws_iot_mqtt_internal_cycle_read &rArr; _aws_iot_mqtt_internal_read_packet &rArr; countdown_ms
<P>
<H3>
Mutually Recursive functions
</H3> <LI><a href="#[5]">MemManage_Handler</a>&nbsp;&nbsp;&nbsp;&rArr;&nbsp;&nbsp;&nbsp;<a href="#[5]">MemManage_Handler</a><BR>
 <LI><a href="#[7]">UsageFault_Handler</a>&nbsp;&nbsp;&nbsp;&rArr;&nbsp;&nbsp;&nbsp;<a href="#[7]">UsageFault_Handler</a><BR>
 <LI><a href="#[233]">mbedtls_cipher_update</a>&nbsp;&nbsp;&nbsp;&rArr;&nbsp;&nbsp;&nbsp;<a href="#[234]">mbedtls_gcm_update</a><BR>
 <LI><a href="#[3e6]">x509_crt_verify_child</a>&nbsp;&nbsp;&nbsp;&rArr;&nbsp;&nbsp;&nbsp;<a href="#[3e6]">x509_crt_verify_child</a><BR>
 <LI><a href="#[1e]">ADC1_2_IRQHandler</a>&nbsp;&nbsp;&nbsp;&rArr;&nbsp;&nbsp;&nbsp;<a href="#[1e]">ADC1_2_IRQHandler</a><BR>
 <LI><a href="#[6]">BusFault_Handler</a>&nbsp;&nbsp;&nbsp;&rArr;&nbsp;&nbsp;&nbsp;<a href="#[6]">BusFault_Handler</a><BR>
 <LI><a href="#[4]">HardFault_Handler</a>&nbsp;&nbsp;&nbsp;&rArr;&nbsp;&nbsp;&nbsp;<a href="#[4]">HardFault_Handler</a><BR>
 <LI><a href="#[123]">Error_Handler</a>&nbsp;&nbsp;&nbsp;&rArr;&nbsp;&nbsp;&nbsp;<a href="#[123]">Error_Handler</a><BR>
</UL>
<P>
<H3>
Function Pointers
</H3><UL>
 <LI><a href="#[1e]">ADC1_2_IRQHandler</a> from startup_stm32l475xx.o(.text) referenced from startup_stm32l475xx.o(RESET)
 <LI><a href="#[3b]">ADC3_IRQHandler</a> from startup_stm32l475xx.o(.text) referenced from startup_stm32l475xx.o(RESET)
 <LI><a href="#[6]">BusFault_Handler</a> from stm32l4xx_it.o(i.BusFault_Handler) referenced from startup_stm32l475xx.o(RESET)
 <LI><a href="#[20]">CAN1_RX0_IRQHandler</a> from startup_stm32l475xx.o(.text) referenced from startup_stm32l475xx.o(RESET)
 <LI><a href="#[21]">CAN1_RX1_IRQHandler</a> from startup_stm32l475xx.o(.text) referenced from startup_stm32l475xx.o(RESET)
 <LI><a href="#[22]">CAN1_SCE_IRQHandler</a> from startup_stm32l475xx.o(.text) referenced from startup_stm32l475xx.o(RESET)
 <LI><a href="#[1f]">CAN1_TX_IRQHandler</a> from startup_stm32l475xx.o(.text) referenced from startup_stm32l475xx.o(RESET)
 <LI><a href="#[4c]">COMP_IRQHandler</a> from startup_stm32l475xx.o(.text) referenced from startup_stm32l475xx.o(RESET)
 <LI><a href="#[49]">DFSDM1_FLT0_IRQHandler</a> from startup_stm32l475xx.o(.text) referenced from startup_stm32l475xx.o(RESET)
 <LI><a href="#[4a]">DFSDM1_FLT1_IRQHandler</a> from startup_stm32l475xx.o(.text) referenced from startup_stm32l475xx.o(RESET)
 <LI><a href="#[4b]">DFSDM1_FLT2_IRQHandler</a> from startup_stm32l475xx.o(.text) referenced from startup_stm32l475xx.o(RESET)
 <LI><a href="#[36]">DFSDM1_FLT3_IRQHandler</a> from startup_stm32l475xx.o(.text) referenced from startup_stm32l475xx.o(RESET)
 <LI><a href="#[17]">DMA1_Channel1_IRQHandler</a> from startup_stm32l475xx.o(.text) referenced from startup_stm32l475xx.o(RESET)
 <LI><a href="#[18]">DMA1_Channel2_IRQHandler</a> from startup_stm32l475xx.o(.text) referenced from startup_stm32l475xx.o(RESET)
 <LI><a href="#[19]">DMA1_Channel3_IRQHandler</a> from startup_stm32l475xx.o(.text) referenced from startup_stm32l475xx.o(RESET)
 <LI><a href="#[1a]">DMA1_Channel4_IRQHandler</a> from startup_stm32l475xx.o(.text) referenced from startup_stm32l475xx.o(RESET)
 <LI><a href="#[1b]">DMA1_Channel5_IRQHandler</a> from startup_stm32l475xx.o(.text) referenced from startup_stm32l475xx.o(RESET)
 <LI><a href="#[1c]">DMA1_Channel6_IRQHandler</a> from startup_stm32l475xx.o(.text) referenced from startup_stm32l475xx.o(RESET)
 <LI><a href="#[1d]">DMA1_Channel7_IRQHandler</a> from startup_stm32l475xx.o(.text) referenced from startup_stm32l475xx.o(RESET)
 <LI><a href="#[44]">DMA2_Channel1_IRQHandler</a> from startup_stm32l475xx.o(.text) referenced from startup_stm32l475xx.o(RESET)
 <LI><a href="#[45]">DMA2_Channel2_IRQHandler</a> from startup_stm32l475xx.o(.text) referenced from startup_stm32l475xx.o(RESET)
 <LI><a href="#[46]">DMA2_Channel3_IRQHandler</a> from startup_stm32l475xx.o(.text) referenced from startup_stm32l475xx.o(RESET)
 <LI><a href="#[47]">DMA2_Channel4_IRQHandler</a> from startup_stm32l475xx.o(.text) referenced from startup_stm32l475xx.o(RESET)
 <LI><a href="#[48]">DMA2_Channel5_IRQHandler</a> from startup_stm32l475xx.o(.text) referenced from startup_stm32l475xx.o(RESET)
 <LI><a href="#[50]">DMA2_Channel6_IRQHandler</a> from startup_stm32l475xx.o(.text) referenced from startup_stm32l475xx.o(RESET)
 <LI><a href="#[51]">DMA2_Channel7_IRQHandler</a> from startup_stm32l475xx.o(.text) referenced from startup_stm32l475xx.o(RESET)
 <LI><a href="#[9]">DebugMon_Handler</a> from stm32l4xx_it.o(i.DebugMon_Handler) referenced from startup_stm32l475xx.o(RESET)
 <LI><a href="#[12]">EXTI0_IRQHandler</a> from startup_stm32l475xx.o(.text) referenced from startup_stm32l475xx.o(RESET)
 <LI><a href="#[34]">EXTI15_10_IRQHandler</a> from stm32l4xx_it.o(i.EXTI15_10_IRQHandler) referenced from startup_stm32l475xx.o(RESET)
 <LI><a href="#[13]">EXTI1_IRQHandler</a> from startup_stm32l475xx.o(.text) referenced from startup_stm32l475xx.o(RESET)
 <LI><a href="#[14]">EXTI2_IRQHandler</a> from startup_stm32l475xx.o(.text) referenced from startup_stm32l475xx.o(RESET)
 <LI><a href="#[15]">EXTI3_IRQHandler</a> from startup_stm32l475xx.o(.text) referenced from startup_stm32l475xx.o(RESET)
 <LI><a href="#[16]">EXTI4_IRQHandler</a> from startup_stm32l475xx.o(.text) referenced from startup_stm32l475xx.o(RESET)
 <LI><a href="#[23]">EXTI9_5_IRQHandler</a> from startup_stm32l475xx.o(.text) referenced from startup_stm32l475xx.o(RESET)
 <LI><a href="#[10]">FLASH_IRQHandler</a> from startup_stm32l475xx.o(.text) referenced from startup_stm32l475xx.o(RESET)
 <LI><a href="#[3c]">FMC_IRQHandler</a> from startup_stm32l475xx.o(.text) referenced from startup_stm32l475xx.o(RESET)
 <LI><a href="#[5b]">FPU_IRQHandler</a> from startup_stm32l475xx.o(.text) referenced from startup_stm32l475xx.o(RESET)
 <LI><a href="#[4]">HardFault_Handler</a> from stm32l4xx_it.o(i.HardFault_Handler) referenced from startup_stm32l475xx.o(RESET)
 <LI><a href="#[2c]">I2C1_ER_IRQHandler</a> from startup_stm32l475xx.o(.text) referenced from startup_stm32l475xx.o(RESET)
 <LI><a href="#[2b]">I2C1_EV_IRQHandler</a> from startup_stm32l475xx.o(.text) referenced from startup_stm32l475xx.o(RESET)
 <LI><a href="#[2e]">I2C2_ER_IRQHandler</a> from startup_stm32l475xx.o(.text) referenced from startup_stm32l475xx.o(RESET)
 <LI><a href="#[2d]">I2C2_EV_IRQHandler</a> from startup_stm32l475xx.o(.text) referenced from startup_stm32l475xx.o(RESET)
 <LI><a href="#[55]">I2C3_ER_IRQHandler</a> from startup_stm32l475xx.o(.text) referenced from startup_stm32l475xx.o(RESET)
 <LI><a href="#[54]">I2C3_EV_IRQHandler</a> from startup_stm32l475xx.o(.text) referenced from startup_stm32l475xx.o(RESET)
 <LI><a href="#[4d]">LPTIM1_IRQHandler</a> from startup_stm32l475xx.o(.text) referenced from startup_stm32l475xx.o(RESET)
 <LI><a href="#[4e]">LPTIM2_IRQHandler</a> from startup_stm32l475xx.o(.text) referenced from startup_stm32l475xx.o(RESET)
 <LI><a href="#[52]">LPUART1_IRQHandler</a> from startup_stm32l475xx.o(.text) referenced from startup_stm32l475xx.o(RESET)
 <LI><a href="#[d6]">MQTTcallbackHandler</a> from aws_subscribe_publish_sensor_values.o(i.MQTTcallbackHandler) referenced from aws_subscribe_publish_sensor_values.o(i.subscribe_publish_sensor_values)
 <LI><a href="#[5]">MemManage_Handler</a> from stm32l4xx_it.o(i.MemManage_Handler) referenced from startup_stm32l475xx.o(RESET)
 <LI><a href="#[3]">NMI_Handler</a> from stm32l4xx_it.o(i.NMI_Handler) referenced from startup_stm32l475xx.o(RESET)
 <LI><a href="#[4f]">OTG_FS_IRQHandler</a> from startup_stm32l475xx.o(.text) referenced from startup_stm32l475xx.o(RESET)
 <LI><a href="#[d]">PVD_PVM_IRQHandler</a> from startup_stm32l475xx.o(.text) referenced from startup_stm32l475xx.o(RESET)
 <LI><a href="#[a]">PendSV_Handler</a> from stm32l4xx_it.o(i.PendSV_Handler) referenced from startup_stm32l475xx.o(RESET)
 <LI><a href="#[53]">QUADSPI_IRQHandler</a> from startup_stm32l475xx.o(.text) referenced from startup_stm32l475xx.o(RESET)
 <LI><a href="#[11]">RCC_IRQHandler</a> from startup_stm32l475xx.o(.text) referenced from startup_stm32l475xx.o(RESET)
 <LI><a href="#[5a]">RNG_IRQHandler</a> from startup_stm32l475xx.o(.text) referenced from startup_stm32l475xx.o(RESET)
 <LI><a href="#[35]">RTC_Alarm_IRQHandler</a> from startup_stm32l475xx.o(.text) referenced from startup_stm32l475xx.o(RESET)
 <LI><a href="#[f]">RTC_WKUP_IRQHandler</a> from startup_stm32l475xx.o(.text) referenced from startup_stm32l475xx.o(RESET)
 <LI><a href="#[2]">Reset_Handler</a> from startup_stm32l475xx.o(.text) referenced from startup_stm32l475xx.o(RESET)
 <LI><a href="#[56]">SAI1_IRQHandler</a> from startup_stm32l475xx.o(.text) referenced from startup_stm32l475xx.o(RESET)
 <LI><a href="#[57]">SAI2_IRQHandler</a> from startup_stm32l475xx.o(.text) referenced from startup_stm32l475xx.o(RESET)
 <LI><a href="#[3d]">SDMMC1_IRQHandler</a> from startup_stm32l475xx.o(.text) referenced from startup_stm32l475xx.o(RESET)
 <LI><a href="#[2f]">SPI1_IRQHandler</a> from startup_stm32l475xx.o(.text) referenced from startup_stm32l475xx.o(RESET)
 <LI><a href="#[30]">SPI2_IRQHandler</a> from startup_stm32l475xx.o(.text) referenced from startup_stm32l475xx.o(RESET)
 <LI><a href="#[3f]">SPI3_IRQHandler</a> from startup_stm32l475xx.o(.text) referenced from startup_stm32l475xx.o(RESET)
 <LI><a href="#[b6]">SPI_WIFI_DeInit</a> from es_wifi_io.o(i.SPI_WIFI_DeInit) referenced from wifi.o(i.WIFI_Init)
 <LI><a href="#[b5]">SPI_WIFI_Delay</a> from es_wifi_io.o(i.SPI_WIFI_Delay) referenced from wifi.o(i.WIFI_Init)
 <LI><a href="#[b7]">SPI_WIFI_Init</a> from es_wifi_io.o(i.SPI_WIFI_Init) referenced from wifi.o(i.WIFI_Init)
 <LI><a href="#[b3]">SPI_WIFI_ReceiveData</a> from es_wifi_io.o(i.SPI_WIFI_ReceiveData) referenced from wifi.o(i.WIFI_Init)
 <LI><a href="#[b4]">SPI_WIFI_SendData</a> from es_wifi_io.o(i.SPI_WIFI_SendData) referenced from wifi.o(i.WIFI_Init)
 <LI><a href="#[8]">SVC_Handler</a> from stm32l4xx_it.o(i.SVC_Handler) referenced from startup_stm32l475xx.o(RESET)
 <LI><a href="#[58]">SWPMI1_IRQHandler</a> from startup_stm32l475xx.o(.text) referenced from startup_stm32l475xx.o(RESET)
 <LI><a href="#[b]">SysTick_Handler</a> from stm32l4xx_it.o(i.SysTick_Handler) referenced from startup_stm32l475xx.o(RESET)
 <LI><a href="#[af]">SystemInit</a> from system_stm32l4xx.o(i.SystemInit) referenced from startup_stm32l475xx.o(.text)
 <LI><a href="#[e]">TAMP_STAMP_IRQHandler</a> from startup_stm32l475xx.o(.text) referenced from startup_stm32l475xx.o(RESET)
 <LI><a href="#[24]">TIM1_BRK_TIM15_IRQHandler</a> from startup_stm32l475xx.o(.text) referenced from startup_stm32l475xx.o(RESET)
 <LI><a href="#[27]">TIM1_CC_IRQHandler</a> from startup_stm32l475xx.o(.text) referenced from startup_stm32l475xx.o(RESET)
 <LI><a href="#[26]">TIM1_TRG_COM_TIM17_IRQHandler</a> from startup_stm32l475xx.o(.text) referenced from startup_stm32l475xx.o(RESET)
 <LI><a href="#[25]">TIM1_UP_TIM16_IRQHandler</a> from startup_stm32l475xx.o(.text) referenced from startup_stm32l475xx.o(RESET)
 <LI><a href="#[28]">TIM2_IRQHandler</a> from startup_stm32l475xx.o(.text) referenced from startup_stm32l475xx.o(RESET)
 <LI><a href="#[29]">TIM3_IRQHandler</a> from startup_stm32l475xx.o(.text) referenced from startup_stm32l475xx.o(RESET)
 <LI><a href="#[2a]">TIM4_IRQHandler</a> from startup_stm32l475xx.o(.text) referenced from startup_stm32l475xx.o(RESET)
 <LI><a href="#[3e]">TIM5_IRQHandler</a> from startup_stm32l475xx.o(.text) referenced from startup_stm32l475xx.o(RESET)
 <LI><a href="#[42]">TIM6_DAC_IRQHandler</a> from startup_stm32l475xx.o(.text) referenced from startup_stm32l475xx.o(RESET)
 <LI><a href="#[43]">TIM7_IRQHandler</a> from startup_stm32l475xx.o(.text) referenced from startup_stm32l475xx.o(RESET)
 <LI><a href="#[37]">TIM8_BRK_IRQHandler</a> from startup_stm32l475xx.o(.text) referenced from startup_stm32l475xx.o(RESET)
 <LI><a href="#[3a]">TIM8_CC_IRQHandler</a> from startup_stm32l475xx.o(.text) referenced from startup_stm32l475xx.o(RESET)
 <LI><a href="#[39]">TIM8_TRG_COM_IRQHandler</a> from startup_stm32l475xx.o(.text) referenced from startup_stm32l475xx.o(RESET)
 <LI><a href="#[38]">TIM8_UP_IRQHandler</a> from startup_stm32l475xx.o(.text) referenced from startup_stm32l475xx.o(RESET)
 <LI><a href="#[59]">TSC_IRQHandler</a> from startup_stm32l475xx.o(.text) referenced from startup_stm32l475xx.o(RESET)
 <LI><a href="#[40]">UART4_IRQHandler</a> from startup_stm32l475xx.o(.text) referenced from startup_stm32l475xx.o(RESET)
 <LI><a href="#[41]">UART5_IRQHandler</a> from startup_stm32l475xx.o(.text) referenced from startup_stm32l475xx.o(RESET)
 <LI><a href="#[31]">USART1_IRQHandler</a> from startup_stm32l475xx.o(.text) referenced from startup_stm32l475xx.o(RESET)
 <LI><a href="#[32]">USART2_IRQHandler</a> from startup_stm32l475xx.o(.text) referenced from startup_stm32l475xx.o(RESET)
 <LI><a href="#[33]">USART3_IRQHandler</a> from startup_stm32l475xx.o(.text) referenced from startup_stm32l475xx.o(RESET)
 <LI><a href="#[7]">UsageFault_Handler</a> from stm32l4xx_it.o(i.UsageFault_Handler) referenced from startup_stm32l475xx.o(RESET)
 <LI><a href="#[c]">WWDG_IRQHandler</a> from startup_stm32l475xx.o(.text) referenced from startup_stm32l475xx.o(RESET)
 <LI><a href="#[b0]">__main</a> from entry.o(.ARM.Collect$$$$00000000) referenced from startup_stm32l475xx.o(.text)
 <LI><a href="#[bc]">_iot_tls_verify_cert</a> from aws_network_st_wrapper.o(i._iot_tls_verify_cert) referenced from aws_network_st_wrapper.o(i.iot_tls_connect)
 <LI><a href="#[5e]">_sbackspace</a> from _sgetc.o(.text) referenced from __0sscanf.o(.text)
 <LI><a href="#[b1]">_scanf_char_input</a> from scanf_char.o(.text) referenced from scanf_char.o(.text)
 <LI><a href="#[5d]">_sgetc</a> from _sgetc.o(.text) referenced from __0sscanf.o(.text)
 <LI><a href="#[5f]">_snputc</a> from printfa.o(i._snputc) referenced from printfa.o(i.__0snprintf)
 <LI><a href="#[5f]">_snputc</a> from printfa.o(i._snputc) referenced from printfa.o(i.__0vsnprintf)
 <LI><a href="#[60]">_sputc</a> from printfa.o(i._sputc) referenced from printfa.o(i.__0sprintf)
 <LI><a href="#[e3]">aes_crypt_ecb_wrap</a> from cipher_wrap.o(i.aes_crypt_ecb_wrap) referenced from cipher_wrap.o(.constdata)
 <LI><a href="#[e6]">aes_ctx_alloc</a> from cipher_wrap.o(i.aes_ctx_alloc) referenced from cipher_wrap.o(.constdata)
 <LI><a href="#[e7]">aes_ctx_free</a> from cipher_wrap.o(i.aes_ctx_free) referenced from cipher_wrap.o(.constdata)
 <LI><a href="#[e5]">aes_setkey_dec_wrap</a> from cipher_wrap.o(i.aes_setkey_dec_wrap) referenced from cipher_wrap.o(.constdata)
 <LI><a href="#[e4]">aes_setkey_enc_wrap</a> from cipher_wrap.o(i.aes_setkey_enc_wrap) referenced from cipher_wrap.o(.constdata)
 <LI><a href="#[ad]">calloc</a> from calloc.o(.text) referenced from platform.o(.data)
 <LI><a href="#[ad]">calloc</a> from calloc.o(.text) referenced from aws_network_st_wrapper.o(i.iot_tls_connect)
 <LI><a href="#[ad]">calloc</a> from calloc.o(.text) referenced from net_tls_mbedtls.o(i.net_sock_open_mbedtls)
 <LI><a href="#[e8]">ccm_aes_setkey_wrap</a> from cipher_wrap.o(i.ccm_aes_setkey_wrap) referenced 2 times from cipher_wrap.o(.constdata)
 <LI><a href="#[e9]">ccm_ctx_alloc</a> from cipher_wrap.o(i.ccm_ctx_alloc) referenced from cipher_wrap.o(.constdata)
 <LI><a href="#[ea]">ccm_ctx_free</a> from cipher_wrap.o(i.ccm_ctx_free) referenced from cipher_wrap.o(.constdata)
 <LI><a href="#[9b]">des3_crypt_ecb_wrap</a> from cipher_wrap.o(i.des3_crypt_ecb_wrap) referenced 2 times from cipher_wrap.o(.constdata)
 <LI><a href="#[9e]">des3_ctx_alloc</a> from cipher_wrap.o(i.des3_ctx_alloc) referenced 2 times from cipher_wrap.o(.constdata)
 <LI><a href="#[9f]">des3_ctx_free</a> from cipher_wrap.o(i.des3_ctx_free) referenced 2 times from cipher_wrap.o(.constdata)
 <LI><a href="#[ec]">des3_set2key_dec_wrap</a> from cipher_wrap.o(i.des3_set2key_dec_wrap) referenced from cipher_wrap.o(.constdata)
 <LI><a href="#[eb]">des3_set2key_enc_wrap</a> from cipher_wrap.o(i.des3_set2key_enc_wrap) referenced from cipher_wrap.o(.constdata)
 <LI><a href="#[9d]">des3_set3key_dec_wrap</a> from cipher_wrap.o(i.des3_set3key_dec_wrap) referenced from cipher_wrap.o(.constdata)
 <LI><a href="#[9c]">des3_set3key_enc_wrap</a> from cipher_wrap.o(i.des3_set3key_enc_wrap) referenced from cipher_wrap.o(.constdata)
 <LI><a href="#[96]">des_crypt_ecb_wrap</a> from cipher_wrap.o(i.des_crypt_ecb_wrap) referenced from cipher_wrap.o(.constdata)
 <LI><a href="#[99]">des_ctx_alloc</a> from cipher_wrap.o(i.des_ctx_alloc) referenced from cipher_wrap.o(.constdata)
 <LI><a href="#[9a]">des_ctx_free</a> from cipher_wrap.o(i.des_ctx_free) referenced from cipher_wrap.o(.constdata)
 <LI><a href="#[98]">des_setkey_dec_wrap</a> from cipher_wrap.o(i.des_setkey_dec_wrap) referenced from cipher_wrap.o(.constdata)
 <LI><a href="#[97]">des_setkey_enc_wrap</a> from cipher_wrap.o(i.des_setkey_enc_wrap) referenced from cipher_wrap.o(.constdata)
 <LI><a href="#[d5]">disconnectCallbackHandler</a> from aws_subscribe_publish_sensor_values.o(i.disconnectCallbackHandler) referenced from aws_subscribe_publish_sensor_values.o(i.subscribe_publish_sensor_values)
 <LI><a href="#[ab]">ecdsa_alloc_wrap</a> from pk_wrap.o(i.ecdsa_alloc_wrap) referenced from pk_wrap.o(.constdata)
 <LI><a href="#[a8]">ecdsa_can_do</a> from pk_wrap.o(i.ecdsa_can_do) referenced from pk_wrap.o(.constdata)
 <LI><a href="#[ac]">ecdsa_free_wrap</a> from pk_wrap.o(i.ecdsa_free_wrap) referenced from pk_wrap.o(.constdata)
 <LI><a href="#[aa]">ecdsa_sign_wrap</a> from pk_wrap.o(i.ecdsa_sign_wrap) referenced from pk_wrap.o(.constdata)
 <LI><a href="#[a9]">ecdsa_verify_wrap</a> from pk_wrap.o(i.ecdsa_verify_wrap) referenced from pk_wrap.o(.constdata)
 <LI><a href="#[a5]">eckey_alloc_wrap</a> from pk_wrap.o(i.eckey_alloc_wrap) referenced 2 times from pk_wrap.o(.constdata)
 <LI><a href="#[a1]">eckey_can_do</a> from pk_wrap.o(i.eckey_can_do) referenced from pk_wrap.o(.constdata)
 <LI><a href="#[a4]">eckey_check_pair</a> from pk_wrap.o(i.eckey_check_pair) referenced 3 times from pk_wrap.o(.constdata)
 <LI><a href="#[a7]">eckey_debug</a> from pk_wrap.o(i.eckey_debug) referenced 3 times from pk_wrap.o(.constdata)
 <LI><a href="#[a6]">eckey_free_wrap</a> from pk_wrap.o(i.eckey_free_wrap) referenced 2 times from pk_wrap.o(.constdata)
 <LI><a href="#[a0]">eckey_get_bitlen</a> from pk_wrap.o(i.eckey_get_bitlen) referenced 3 times from pk_wrap.o(.constdata)
 <LI><a href="#[a3]">eckey_sign_wrap</a> from pk_wrap.o(i.eckey_sign_wrap) referenced from pk_wrap.o(.constdata)
 <LI><a href="#[a2]">eckey_verify_wrap</a> from pk_wrap.o(i.eckey_verify_wrap) referenced from pk_wrap.o(.constdata)
 <LI><a href="#[f7]">eckeydh_can_do</a> from pk_wrap.o(i.eckeydh_can_do) referenced from pk_wrap.o(.constdata)
 <LI><a href="#[c0]">ecp_mod_p192</a> from ecp_curves.o(i.ecp_mod_p192) referenced from ecp_curves.o(i.mbedtls_ecp_group_load)
 <LI><a href="#[c5]">ecp_mod_p192k1</a> from ecp_curves.o(i.ecp_mod_p192k1) referenced from ecp_curves.o(i.mbedtls_ecp_group_load)
 <LI><a href="#[c1]">ecp_mod_p224</a> from ecp_curves.o(i.ecp_mod_p224) referenced from ecp_curves.o(i.mbedtls_ecp_group_load)
 <LI><a href="#[c6]">ecp_mod_p224k1</a> from ecp_curves.o(i.ecp_mod_p224k1) referenced from ecp_curves.o(i.mbedtls_ecp_group_load)
 <LI><a href="#[c8]">ecp_mod_p255</a> from ecp_curves.o(i.ecp_mod_p255) referenced from ecp_curves.o(i.mbedtls_ecp_group_load)
 <LI><a href="#[c2]">ecp_mod_p256</a> from ecp_curves.o(i.ecp_mod_p256) referenced from ecp_curves.o(i.mbedtls_ecp_group_load)
 <LI><a href="#[c7]">ecp_mod_p256k1</a> from ecp_curves.o(i.ecp_mod_p256k1) referenced from ecp_curves.o(i.mbedtls_ecp_group_load)
 <LI><a href="#[c3]">ecp_mod_p384</a> from ecp_curves.o(i.ecp_mod_p384) referenced from ecp_curves.o(i.mbedtls_ecp_group_load)
 <LI><a href="#[c4]">ecp_mod_p521</a> from ecp_curves.o(i.ecp_mod_p521) referenced from ecp_curves.o(i.mbedtls_ecp_group_load)
 <LI><a href="#[b8]">fputc</a> from main.o(i.fputc) referenced from printfa.o(i.__0fprintf)
 <LI><a href="#[b8]">fputc</a> from main.o(i.fputc) referenced from printfa.o(i.__0printf)
 <LI><a href="#[ae]">free</a> from malloc.o(i.free) referenced from platform.o(.data)
 <LI><a href="#[ae]">free</a> from malloc.o(i.free) referenced from aws_network_st_wrapper.o(i.iot_tls_connect)
 <LI><a href="#[ae]">free</a> from malloc.o(i.free) referenced from net_tls_mbedtls.o(i.net_sock_open_mbedtls)
 <LI><a href="#[93]">gcm_aes_setkey_wrap</a> from cipher_wrap.o(i.gcm_aes_setkey_wrap) referenced 2 times from cipher_wrap.o(.constdata)
 <LI><a href="#[94]">gcm_ctx_alloc</a> from cipher_wrap.o(i.gcm_ctx_alloc) referenced from cipher_wrap.o(.constdata)
 <LI><a href="#[95]">gcm_ctx_free</a> from cipher_wrap.o(i.gcm_ctx_free) referenced from cipher_wrap.o(.constdata)
 <LI><a href="#[61]">iot_tls_connect</a> from aws_network_st_wrapper.o(i.iot_tls_connect) referenced from aws_network_st_wrapper.o(i.iot_tls_init)
 <LI><a href="#[66]">iot_tls_destroy</a> from aws_network_st_wrapper.o(i.iot_tls_destroy) referenced from aws_network_st_wrapper.o(i.iot_tls_init)
 <LI><a href="#[64]">iot_tls_disconnect</a> from aws_network_st_wrapper.o(i.iot_tls_disconnect) referenced from aws_network_st_wrapper.o(i.iot_tls_init)
 <LI><a href="#[65]">iot_tls_is_connected</a> from aws_network_st_wrapper.o(i.iot_tls_is_connected) referenced from aws_network_st_wrapper.o(i.iot_tls_init)
 <LI><a href="#[62]">iot_tls_read</a> from aws_network_st_wrapper.o(i.iot_tls_read) referenced from aws_network_st_wrapper.o(i.iot_tls_init)
 <LI><a href="#[63]">iot_tls_write</a> from aws_network_st_wrapper.o(i.iot_tls_write) referenced from aws_network_st_wrapper.o(i.iot_tls_init)
 <LI><a href="#[b2]">isspace</a> from isspace_o.o(.text) referenced from scanf_char.o(.text)
 <LI><a href="#[5c]">main</a> from main.o(i.main) referenced from entry9a.o(.ARM.Collect$$$$0000000B)
 <LI><a href="#[bd]">mbedtls_ctr_drbg_random</a> from ctr_drbg.o(i.mbedtls_ctr_drbg_random) referenced from aws_network_st_wrapper.o(i.iot_tls_connect)
 <LI><a href="#[bd]">mbedtls_ctr_drbg_random</a> from ctr_drbg.o(i.mbedtls_ctr_drbg_random) referenced from net_tls_mbedtls.o(i.net_sock_open_mbedtls)
 <LI><a href="#[bb]">mbedtls_entropy_func</a> from entropy.o(i.mbedtls_entropy_func) referenced from aws_network_st_wrapper.o(i.iot_tls_connect)
 <LI><a href="#[bb]">mbedtls_entropy_func</a> from entropy.o(i.mbedtls_entropy_func) referenced from net_tls_mbedtls.o(i.net_sock_open_mbedtls)
 <LI><a href="#[ba]">mbedtls_hardware_poll</a> from entropy_hardware_poll.o(i.mbedtls_hardware_poll) referenced from aws_network_st_wrapper.o(i.iot_tls_connect)
 <LI><a href="#[ba]">mbedtls_hardware_poll</a> from entropy_hardware_poll.o(i.mbedtls_hardware_poll) referenced from entropy.o(i.mbedtls_entropy_init)
 <LI><a href="#[ba]">mbedtls_hardware_poll</a> from entropy_hardware_poll.o(i.mbedtls_hardware_poll) referenced from net_tls_mbedtls.o(i.net_sock_open_mbedtls)
 <LI><a href="#[67]">mbedtls_hmac_drbg_random</a> from hmac_drbg.o(i.mbedtls_hmac_drbg_random) referenced from ecdsa.o(i.mbedtls_ecdsa_sign_det)
 <LI><a href="#[76]">mbedtls_md5</a> from md5.o(i.mbedtls_md5) referenced from md_wrap.o(.constdata)
 <LI><a href="#[be]">mbedtls_net_recv</a> from mbedtls_net.o(i.mbedtls_net_recv) referenced from aws_network_st_wrapper.o(i.iot_tls_connect)
 <LI><a href="#[be]">mbedtls_net_recv</a> from mbedtls_net.o(i.mbedtls_net_recv) referenced from net_tls_mbedtls.o(i.net_sock_open_mbedtls)
 <LI><a href="#[d2]">mbedtls_net_recv_blocking</a> from mbedtls_net.o(i.mbedtls_net_recv_blocking) referenced from net_tls_mbedtls.o(i.net_sock_open_mbedtls)
 <LI><a href="#[bf]">mbedtls_net_send</a> from mbedtls_net.o(i.mbedtls_net_send) referenced from aws_network_st_wrapper.o(i.iot_tls_connect)
 <LI><a href="#[bf]">mbedtls_net_send</a> from mbedtls_net.o(i.mbedtls_net_send) referenced from net_tls_mbedtls.o(i.net_sock_open_mbedtls)
 <LI><a href="#[da]">mbedtls_ripemd160</a> from ripemd160.o(i.mbedtls_ripemd160) referenced from md_wrap.o(.constdata)
 <LI><a href="#[7e]">mbedtls_sha1</a> from sha1.o(i.mbedtls_sha1) referenced from md_wrap.o(.constdata)
 <LI><a href="#[79]">md5_clone_wrap</a> from md_wrap.o(i.md5_clone_wrap) referenced from md_wrap.o(.constdata)
 <LI><a href="#[77]">md5_ctx_alloc</a> from md_wrap.o(i.md5_ctx_alloc) referenced from md_wrap.o(.constdata)
 <LI><a href="#[78]">md5_ctx_free</a> from md_wrap.o(i.md5_ctx_free) referenced from md_wrap.o(.constdata)
 <LI><a href="#[75]">md5_finish_wrap</a> from md_wrap.o(i.md5_finish_wrap) referenced from md_wrap.o(.constdata)
 <LI><a href="#[7a]">md5_process_wrap</a> from md_wrap.o(i.md5_process_wrap) referenced from md_wrap.o(.constdata)
 <LI><a href="#[73]">md5_starts_wrap</a> from md_wrap.o(i.md5_starts_wrap) referenced from md_wrap.o(.constdata)
 <LI><a href="#[74]">md5_update_wrap</a> from md_wrap.o(i.md5_update_wrap) referenced from md_wrap.o(.constdata)
 <LI><a href="#[b9]">my_debug</a> from aws_network_st_wrapper.o(i.my_debug) referenced from aws_network_st_wrapper.o(i.iot_tls_connect)
 <LI><a href="#[d1]">my_debug</a> from net_tls_mbedtls.o(i.my_debug) referenced from net_tls_mbedtls.o(i.net_sock_open_mbedtls)
 <LI><a href="#[72]">net_if_deinit</a> from wifi_net.o(i.net_if_deinit) referenced from cloud.o(i.platform_deinit)
 <LI><a href="#[d3]">net_if_init</a> from wifi_net.o(i.net_if_init) referenced from cloud.o(i.platform_init)
 <LI><a href="#[6b]">net_sock_close_mbedtls</a> from net_tls_mbedtls.o(i.net_sock_close_mbedtls) referenced from net_tls_mbedtls.o(i.net_sock_create_mbedtls)
 <LI><a href="#[70]">net_sock_close_tcp_wifi</a> from net_tcp_wifi.o(i.net_sock_close_tcp_wifi) referenced from net_tcp_wifi.o(i.net_sock_create_tcp_wifi)
 <LI><a href="#[2d4]">net_sock_create_mbedtls</a> from net_tls_mbedtls.o(i.net_sock_create_mbedtls) referenced from net_tls_mbedtls.o(i.net_sock_create_mbedtls)
 <LI><a href="#[2d5]">net_sock_create_tcp_wifi</a> from net_tcp_wifi.o(i.net_sock_create_tcp_wifi) referenced from net_tcp_wifi.o(i.net_sock_create_tcp_wifi)
 <LI><a href="#[6c]">net_sock_destroy_mbedtls</a> from net_tls_mbedtls.o(i.net_sock_destroy_mbedtls) referenced from net_tls_mbedtls.o(i.net_sock_create_mbedtls)
 <LI><a href="#[71]">net_sock_destroy_tcp_wifi</a> from net_tcp_wifi.o(i.net_sock_destroy_tcp_wifi) referenced from net_tcp_wifi.o(i.net_sock_create_tcp_wifi)
 <LI><a href="#[68]">net_sock_open_mbedtls</a> from net_tls_mbedtls.o(i.net_sock_open_mbedtls) referenced from net_tls_mbedtls.o(i.net_sock_create_mbedtls)
 <LI><a href="#[6d]">net_sock_open_tcp_wifi</a> from net_tcp_wifi.o(i.net_sock_open_tcp_wifi) referenced from net_tcp_wifi.o(i.net_sock_create_tcp_wifi)
 <LI><a href="#[69]">net_sock_recv_mbedtls</a> from net_tls_mbedtls.o(i.net_sock_recv_mbedtls) referenced from net_tls_mbedtls.o(i.net_sock_create_mbedtls)
 <LI><a href="#[6e]">net_sock_recv_tcp_wifi</a> from net_tcp_wifi.o(i.net_sock_recv_tcp_wifi) referenced from net_tcp_wifi.o(i.net_sock_create_tcp_wifi)
 <LI><a href="#[6a]">net_sock_send_mbedtls</a> from net_tls_mbedtls.o(i.net_sock_send_mbedtls) referenced from net_tls_mbedtls.o(i.net_sock_create_mbedtls)
 <LI><a href="#[6f]">net_sock_send_tcp_wifi</a> from net_tcp_wifi.o(i.net_sock_send_tcp_wifi) referenced from net_tcp_wifi.o(i.net_sock_create_tcp_wifi)
 <LI><a href="#[dd]">ripemd160_clone_wrap</a> from md_wrap.o(i.ripemd160_clone_wrap) referenced from md_wrap.o(.constdata)
 <LI><a href="#[db]">ripemd160_ctx_alloc</a> from md_wrap.o(i.ripemd160_ctx_alloc) referenced from md_wrap.o(.constdata)
 <LI><a href="#[dc]">ripemd160_ctx_free</a> from md_wrap.o(i.ripemd160_ctx_free) referenced from md_wrap.o(.constdata)
 <LI><a href="#[d9]">ripemd160_finish_wrap</a> from md_wrap.o(i.ripemd160_finish_wrap) referenced from md_wrap.o(.constdata)
 <LI><a href="#[de]">ripemd160_process_wrap</a> from md_wrap.o(i.ripemd160_process_wrap) referenced from md_wrap.o(.constdata)
 <LI><a href="#[d7]">ripemd160_starts_wrap</a> from md_wrap.o(i.ripemd160_starts_wrap) referenced from md_wrap.o(.constdata)
 <LI><a href="#[d8]">ripemd160_update_wrap</a> from md_wrap.o(i.ripemd160_update_wrap) referenced from md_wrap.o(.constdata)
 <LI><a href="#[f4]">rsa_alloc_wrap</a> from pk_wrap.o(i.rsa_alloc_wrap) referenced from pk_wrap.o(.constdata)
 <LI><a href="#[ee]">rsa_can_do</a> from pk_wrap.o(i.rsa_can_do) referenced from pk_wrap.o(.constdata)
 <LI><a href="#[f3]">rsa_check_pair_wrap</a> from pk_wrap.o(i.rsa_check_pair_wrap) referenced from pk_wrap.o(.constdata)
 <LI><a href="#[f6]">rsa_debug</a> from pk_wrap.o(i.rsa_debug) referenced from pk_wrap.o(.constdata)
 <LI><a href="#[f1]">rsa_decrypt_wrap</a> from pk_wrap.o(i.rsa_decrypt_wrap) referenced from pk_wrap.o(.constdata)
 <LI><a href="#[f2]">rsa_encrypt_wrap</a> from pk_wrap.o(i.rsa_encrypt_wrap) referenced from pk_wrap.o(.constdata)
 <LI><a href="#[f5]">rsa_free_wrap</a> from pk_wrap.o(i.rsa_free_wrap) referenced from pk_wrap.o(.constdata)
 <LI><a href="#[ed]">rsa_get_bitlen</a> from pk_wrap.o(i.rsa_get_bitlen) referenced from pk_wrap.o(.constdata)
 <LI><a href="#[f0]">rsa_sign_wrap</a> from pk_wrap.o(i.rsa_sign_wrap) referenced from pk_wrap.o(.constdata)
 <LI><a href="#[ef]">rsa_verify_wrap</a> from pk_wrap.o(i.rsa_verify_wrap) referenced from pk_wrap.o(.constdata)
 <LI><a href="#[81]">sha1_clone_wrap</a> from md_wrap.o(i.sha1_clone_wrap) referenced from md_wrap.o(.constdata)
 <LI><a href="#[7f]">sha1_ctx_alloc</a> from md_wrap.o(i.sha1_ctx_alloc) referenced from md_wrap.o(.constdata)
 <LI><a href="#[80]">sha1_ctx_free</a> from md_wrap.o(i.sha1_ctx_free) referenced from md_wrap.o(.constdata)
 <LI><a href="#[7d]">sha1_finish_wrap</a> from md_wrap.o(i.sha1_finish_wrap) referenced from md_wrap.o(.constdata)
 <LI><a href="#[82]">sha1_process_wrap</a> from md_wrap.o(i.sha1_process_wrap) referenced from md_wrap.o(.constdata)
 <LI><a href="#[7b]">sha1_starts_wrap</a> from md_wrap.o(i.sha1_starts_wrap) referenced from md_wrap.o(.constdata)
 <LI><a href="#[7c]">sha1_update_wrap</a> from md_wrap.o(i.sha1_update_wrap) referenced from md_wrap.o(.constdata)
 <LI><a href="#[89]">sha224_clone_wrap</a> from md_wrap.o(i.sha224_clone_wrap) referenced 2 times from md_wrap.o(.constdata)
 <LI><a href="#[87]">sha224_ctx_alloc</a> from md_wrap.o(i.sha224_ctx_alloc) referenced 2 times from md_wrap.o(.constdata)
 <LI><a href="#[88]">sha224_ctx_free</a> from md_wrap.o(i.sha224_ctx_free) referenced 2 times from md_wrap.o(.constdata)
 <LI><a href="#[85]">sha224_finish_wrap</a> from md_wrap.o(i.sha224_finish_wrap) referenced 2 times from md_wrap.o(.constdata)
 <LI><a href="#[8a]">sha224_process_wrap</a> from md_wrap.o(i.sha224_process_wrap) referenced 2 times from md_wrap.o(.constdata)
 <LI><a href="#[df]">sha224_starts_wrap</a> from md_wrap.o(i.sha224_starts_wrap) referenced from md_wrap.o(.constdata)
 <LI><a href="#[84]">sha224_update_wrap</a> from md_wrap.o(i.sha224_update_wrap) referenced 2 times from md_wrap.o(.constdata)
 <LI><a href="#[e0]">sha224_wrap</a> from md_wrap.o(i.sha224_wrap) referenced from md_wrap.o(.constdata)
 <LI><a href="#[83]">sha256_starts_wrap</a> from md_wrap.o(i.sha256_starts_wrap) referenced from md_wrap.o(.constdata)
 <LI><a href="#[86]">sha256_wrap</a> from md_wrap.o(i.sha256_wrap) referenced from md_wrap.o(.constdata)
 <LI><a href="#[91]">sha384_clone_wrap</a> from md_wrap.o(i.sha384_clone_wrap) referenced 2 times from md_wrap.o(.constdata)
 <LI><a href="#[8f]">sha384_ctx_alloc</a> from md_wrap.o(i.sha384_ctx_alloc) referenced 2 times from md_wrap.o(.constdata)
 <LI><a href="#[90]">sha384_ctx_free</a> from md_wrap.o(i.sha384_ctx_free) referenced 2 times from md_wrap.o(.constdata)
 <LI><a href="#[8d]">sha384_finish_wrap</a> from md_wrap.o(i.sha384_finish_wrap) referenced 2 times from md_wrap.o(.constdata)
 <LI><a href="#[92]">sha384_process_wrap</a> from md_wrap.o(i.sha384_process_wrap) referenced 2 times from md_wrap.o(.constdata)
 <LI><a href="#[e1]">sha384_starts_wrap</a> from md_wrap.o(i.sha384_starts_wrap) referenced from md_wrap.o(.constdata)
 <LI><a href="#[8c]">sha384_update_wrap</a> from md_wrap.o(i.sha384_update_wrap) referenced 2 times from md_wrap.o(.constdata)
 <LI><a href="#[e2]">sha384_wrap</a> from md_wrap.o(i.sha384_wrap) referenced from md_wrap.o(.constdata)
 <LI><a href="#[8b]">sha512_starts_wrap</a> from md_wrap.o(i.sha512_starts_wrap) referenced from md_wrap.o(.constdata)
 <LI><a href="#[8e]">sha512_wrap</a> from md_wrap.o(i.sha512_wrap) referenced from md_wrap.o(.constdata)
 <LI><a href="#[cb]">ssl_calc_finished_tls_sha256</a> from ssl_tls.o(i.ssl_calc_finished_tls_sha256) referenced from ssl_tls.o(i.mbedtls_ssl_derive_keys)
 <LI><a href="#[ce]">ssl_calc_finished_tls_sha384</a> from ssl_tls.o(i.ssl_calc_finished_tls_sha384) referenced from ssl_tls.o(i.mbedtls_ssl_derive_keys)
 <LI><a href="#[ca]">ssl_calc_verify_tls_sha256</a> from ssl_tls.o(i.ssl_calc_verify_tls_sha256) referenced from ssl_tls.o(i.mbedtls_ssl_derive_keys)
 <LI><a href="#[cd]">ssl_calc_verify_tls_sha384</a> from ssl_tls.o(i.ssl_calc_verify_tls_sha384) referenced from ssl_tls.o(i.mbedtls_ssl_derive_keys)
 <LI><a href="#[cf]">ssl_update_checksum_sha256</a> from ssl_tls.o(i.ssl_update_checksum_sha256) referenced from ssl_tls.o(i.mbedtls_ssl_optimize_checksum)
 <LI><a href="#[d0]">ssl_update_checksum_sha384</a> from ssl_tls.o(i.ssl_update_checksum_sha384) referenced from ssl_tls.o(i.mbedtls_ssl_optimize_checksum)
 <LI><a href="#[d4]">ssl_update_checksum_start</a> from ssl_tls.o(i.ssl_update_checksum_start) referenced from ssl_tls.o(i.ssl_handshake_init)
 <LI><a href="#[c9]">tls_prf_sha256</a> from ssl_tls.o(i.tls_prf_sha256) referenced from ssl_tls.o(i.mbedtls_ssl_derive_keys)
 <LI><a href="#[cc]">tls_prf_sha384</a> from ssl_tls.o(i.tls_prf_sha384) referenced from ssl_tls.o(i.mbedtls_ssl_derive_keys)
</UL>
<P>
<H3>
Global Symbols
</H3>
<P><STRONG><a name="[b0]"></a>__main</STRONG> (Thumb, 0 bytes, Stack size unknown bytes, entry.o(.ARM.Collect$$$$00000000))
<BR>[Address Reference Count : 1]<UL><LI> startup_stm32l475xx.o(.text)
</UL>
<P><STRONG><a name="[40d]"></a>_main_stk</STRONG> (Thumb, 0 bytes, Stack size unknown bytes, entry2.o(.ARM.Collect$$$$00000001))

<P><STRONG><a name="[f8]"></a>_main_scatterload</STRONG> (Thumb, 0 bytes, Stack size unknown bytes, entry5.o(.ARM.Collect$$$$00000004))
<BR><BR>[Calls]<UL><LI><a href="#[f9]">&gt;&gt;</a>&nbsp;&nbsp;&nbsp;__scatterload
</UL>

<P><STRONG><a name="[ff]"></a>__main_after_scatterload</STRONG> (Thumb, 0 bytes, Stack size unknown bytes, entry5.o(.ARM.Collect$$$$00000004))
<BR><BR>[Called By]<UL><LI><a href="#[f9]">&gt;&gt;</a>&nbsp;&nbsp;&nbsp;__scatterload
</UL>

<P><STRONG><a name="[40e]"></a>_main_clock</STRONG> (Thumb, 0 bytes, Stack size unknown bytes, entry7b.o(.ARM.Collect$$$$00000008))

<P><STRONG><a name="[40f]"></a>_main_cpp_init</STRONG> (Thumb, 0 bytes, Stack size unknown bytes, entry8b.o(.ARM.Collect$$$$0000000A))

<P><STRONG><a name="[410]"></a>_main_init</STRONG> (Thumb, 0 bytes, Stack size unknown bytes, entry9a.o(.ARM.Collect$$$$0000000B))

<P><STRONG><a name="[411]"></a>__rt_final_cpp</STRONG> (Thumb, 0 bytes, Stack size unknown bytes, entry10a.o(.ARM.Collect$$$$0000000D))

<P><STRONG><a name="[412]"></a>__rt_final_exit</STRONG> (Thumb, 0 bytes, Stack size unknown bytes, entry11a.o(.ARM.Collect$$$$0000000F))

<P><STRONG><a name="[413]"></a>rand</STRONG> (Thumb, 20 bytes, Stack size 0 bytes, rand.o(.text), UNUSED)

<P><STRONG><a name="[3ef]"></a>srand</STRONG> (Thumb, 6 bytes, Stack size 0 bytes, rand.o(.text))
<BR><BR>[Called By]<UL><LI><a href="#[39a]">&gt;&gt;</a>&nbsp;&nbsp;&nbsp;platform_init
</UL>

<P><STRONG><a name="[414]"></a>___aeabi_memcpy8$move</STRONG> (Thumb, 0 bytes, Stack size 8 bytes, memmovea.o(.text), UNUSED)

<P><STRONG><a name="[128]"></a>__aeabi_memcpy</STRONG> (Thumb, 64 bytes, Stack size 8 bytes, memmovea.o(.text))
<BR><BR>[Stack]<UL><LI>Max Depth = 8<LI>Call Chain = __aeabi_memcpy
</UL>
<BR>[Called By]<UL><LI><a href="#[201]">&gt;&gt;</a>&nbsp;&nbsp;&nbsp;mbedtls_ctr_drbg_reseed
<LI><a href="#[3a3]">&gt;&gt;</a>&nbsp;&nbsp;&nbsp;mbedtls_ctr_drbg_random_with_add
<LI><a href="#[36a]">&gt;&gt;</a>&nbsp;&nbsp;&nbsp;block_cipher_df
<LI><a href="#[260]">&gt;&gt;</a>&nbsp;&nbsp;&nbsp;mbedtls_ripemd160_update
<LI><a href="#[23e]">&gt;&gt;</a>&nbsp;&nbsp;&nbsp;mbedtls_md5_update
<LI><a href="#[231]">&gt;&gt;</a>&nbsp;&nbsp;&nbsp;mbedtls_gcm_starts
<LI><a href="#[3b0]">&gt;&gt;</a>&nbsp;&nbsp;&nbsp;mbedtls_gcm_finish
<LI><a href="#[1fd]">&gt;&gt;</a>&nbsp;&nbsp;&nbsp;mbedtls_cipher_set_iv
<LI><a href="#[27a]">&gt;&gt;</a>&nbsp;&nbsp;&nbsp;mbedtls_sha1_update
<LI><a href="#[3c5]">&gt;&gt;</a>&nbsp;&nbsp;&nbsp;mbedtls_pkcs5_pbes2
<LI><a href="#[27f]">&gt;&gt;</a>&nbsp;&nbsp;&nbsp;mbedtls_sha256_update
<LI><a href="#[1c9]">&gt;&gt;</a>&nbsp;&nbsp;&nbsp;mbedtls_sha512_update
<LI><a href="#[3a4]">&gt;&gt;</a>&nbsp;&nbsp;&nbsp;mbedtls_debug_print_crt
<LI><a href="#[29e]">&gt;&gt;</a>&nbsp;&nbsp;&nbsp;mbedtls_ssl_write_finished
<LI><a href="#[29a]">&gt;&gt;</a>&nbsp;&nbsp;&nbsp;mbedtls_ssl_write_certificate
<LI><a href="#[395]">&gt;&gt;</a>&nbsp;&nbsp;&nbsp;mbedtls_ssl_set_hostname
<LI><a href="#[1e7]">&gt;&gt;</a>&nbsp;&nbsp;&nbsp;mbedtls_ssl_read
<LI><a href="#[3d2]">&gt;&gt;</a>&nbsp;&nbsp;&nbsp;mbedtls_ssl_derive_keys
<LI><a href="#[308]">&gt;&gt;</a>&nbsp;&nbsp;&nbsp;tls_prf_generic
<LI><a href="#[3d8]">&gt;&gt;</a>&nbsp;&nbsp;&nbsp;ssl_write_real
<LI><a href="#[2ff]">&gt;&gt;</a>&nbsp;&nbsp;&nbsp;ssl_decrypt_buf
<LI><a href="#[1f2]">&gt;&gt;</a>&nbsp;&nbsp;&nbsp;ccm_auth_crypt
<LI><a href="#[2b9]">&gt;&gt;</a>&nbsp;&nbsp;&nbsp;mbedtls_x509_crl_parse_der
<LI><a href="#[3c7]">&gt;&gt;</a>&nbsp;&nbsp;&nbsp;mbedtls_pkcs5_pbkdf2_hmac
<LI><a href="#[236]">&gt;&gt;</a>&nbsp;&nbsp;&nbsp;mbedtls_hmac_drbg_reseed
<LI><a href="#[3b1]">&gt;&gt;</a>&nbsp;&nbsp;&nbsp;mbedtls_hmac_drbg_random_with_add
<LI><a href="#[374]">&gt;&gt;</a>&nbsp;&nbsp;&nbsp;ecdsa_signature_to_asn1
<LI><a href="#[306]">&gt;&gt;</a>&nbsp;&nbsp;&nbsp;ssl_write_session_ticket_ext
<LI><a href="#[3fe]">&gt;&gt;</a>&nbsp;&nbsp;&nbsp;ssl_write_renegotiation_ext
<LI><a href="#[304]">&gt;&gt;</a>&nbsp;&nbsp;&nbsp;ssl_write_hostname_ext
<LI><a href="#[294]">&gt;&gt;</a>&nbsp;&nbsp;&nbsp;ssl_write_client_hello
<LI><a href="#[300]">&gt;&gt;</a>&nbsp;&nbsp;&nbsp;ssl_write_alpn_ext
<LI><a href="#[295]">&gt;&gt;</a>&nbsp;&nbsp;&nbsp;ssl_parse_server_hello
<LI><a href="#[29f]">&gt;&gt;</a>&nbsp;&nbsp;&nbsp;ssl_parse_new_session_ticket
<LI><a href="#[bb]">&gt;&gt;</a>&nbsp;&nbsp;&nbsp;mbedtls_entropy_func
<LI><a href="#[3e4]">&gt;&gt;</a>&nbsp;&nbsp;&nbsp;x509_crt_parse_der_core
<LI><a href="#[2e2]">&gt;&gt;</a>&nbsp;&nbsp;&nbsp;mbedtls_pkcs12_derivation
<LI><a href="#[3c1]">&gt;&gt;</a>&nbsp;&nbsp;&nbsp;pkcs12_fill_buffer
<LI><a href="#[268]">&gt;&gt;</a>&nbsp;&nbsp;&nbsp;mbedtls_rsa_rsassa_pss_sign
<LI><a href="#[267]">&gt;&gt;</a>&nbsp;&nbsp;&nbsp;mbedtls_rsa_rsassa_pkcs1_v15_sign
<LI><a href="#[271]">&gt;&gt;</a>&nbsp;&nbsp;&nbsp;mbedtls_rsa_rsaes_pkcs1_v15_encrypt
<LI><a href="#[3ca]">&gt;&gt;</a>&nbsp;&nbsp;&nbsp;mbedtls_rsa_rsaes_pkcs1_v15_decrypt
<LI><a href="#[3cb]">&gt;&gt;</a>&nbsp;&nbsp;&nbsp;mbedtls_rsa_rsaes_oaep_encrypt
<LI><a href="#[26c]">&gt;&gt;</a>&nbsp;&nbsp;&nbsp;mbedtls_rsa_rsaes_oaep_decrypt
<LI><a href="#[16b]">&gt;&gt;</a>&nbsp;&nbsp;&nbsp;aws_iot_mqtt_internal_write_utf8_string
<LI><a href="#[166]">&gt;&gt;</a>&nbsp;&nbsp;&nbsp;_aws_iot_mqtt_internal_serialize_publish
<LI><a href="#[3f6]">&gt;&gt;</a>&nbsp;&nbsp;&nbsp;rfu_update
<LI><a href="#[3f5]">&gt;&gt;</a>&nbsp;&nbsp;&nbsp;updateFirmwareVersion
<LI><a href="#[386]">&gt;&gt;</a>&nbsp;&nbsp;&nbsp;http_sock_open
<LI><a href="#[384]">&gt;&gt;</a>&nbsp;&nbsp;&nbsp;http_read
<LI><a href="#[115]">&gt;&gt;</a>&nbsp;&nbsp;&nbsp;FLASH_update
<LI><a href="#[11e]">&gt;&gt;</a>&nbsp;&nbsp;&nbsp;ReceiveShortDataLen
</UL>

<P><STRONG><a name="[1b3]"></a>__aeabi_memcpy4</STRONG> (Thumb, 0 bytes, Stack size 8 bytes, memmovea.o(.text))
<BR><BR>[Stack]<UL><LI>Max Depth = 8<LI>Call Chain = __aeabi_memcpy4
</UL>
<BR>[Called By]<UL><LI><a href="#[39b]">&gt;&gt;</a>&nbsp;&nbsp;&nbsp;subscribe_publish_sensor_values
<LI><a href="#[244]">&gt;&gt;</a>&nbsp;&nbsp;&nbsp;mbedtls_mpi_grow
<LI><a href="#[c4]">&gt;&gt;</a>&nbsp;&nbsp;&nbsp;ecp_mod_p521
<LI><a href="#[c8]">&gt;&gt;</a>&nbsp;&nbsp;&nbsp;ecp_mod_p255
<LI><a href="#[1b2]">&gt;&gt;</a>&nbsp;&nbsp;&nbsp;ecp_mod_koblitz
<LI><a href="#[3c8]">&gt;&gt;</a>&nbsp;&nbsp;&nbsp;mbedtls_ripemd160_clone
<LI><a href="#[241]">&gt;&gt;</a>&nbsp;&nbsp;&nbsp;mbedtls_md5_clone
<LI><a href="#[2eb]">&gt;&gt;</a>&nbsp;&nbsp;&nbsp;mbedtls_sha1_clone
<LI><a href="#[27d]">&gt;&gt;</a>&nbsp;&nbsp;&nbsp;mbedtls_sha256_clone
<LI><a href="#[283]">&gt;&gt;</a>&nbsp;&nbsp;&nbsp;mbedtls_sha512_clone
<LI><a href="#[2a1]">&gt;&gt;</a>&nbsp;&nbsp;&nbsp;mbedtls_ssl_parse_finished
<LI><a href="#[3d2]">&gt;&gt;</a>&nbsp;&nbsp;&nbsp;mbedtls_ssl_derive_keys
<LI><a href="#[3c7]">&gt;&gt;</a>&nbsp;&nbsp;&nbsp;mbedtls_pkcs5_pbkdf2_hmac
<LI><a href="#[2cd]">&gt;&gt;</a>&nbsp;&nbsp;&nbsp;mpi_montmul
<LI><a href="#[250]">&gt;&gt;</a>&nbsp;&nbsp;&nbsp;mbedtls_mpi_shrink
<LI><a href="#[1b8]">&gt;&gt;</a>&nbsp;&nbsp;&nbsp;mbedtls_mpi_copy
<LI><a href="#[367]">&gt;&gt;</a>&nbsp;&nbsp;&nbsp;aws_iot_mqtt_init
<LI><a href="#[d6]">&gt;&gt;</a>&nbsp;&nbsp;&nbsp;MQTTcallbackHandler
</UL>

<P><STRONG><a name="[2a7]"></a>__aeabi_memmove</STRONG> (Thumb, 0 bytes, Stack size 8 bytes, memmovea.o(.text))
<BR><BR>[Stack]<UL><LI>Max Depth = 8<LI>Call Chain = __aeabi_memmove
</UL>
<BR>[Called By]<UL><LI><a href="#[2a6]">&gt;&gt;</a>&nbsp;&nbsp;&nbsp;mbedtls_ssl_read_record_layer
</UL>

<P><STRONG><a name="[415]"></a>__aeabi_memmove4</STRONG> (Thumb, 0 bytes, Stack size 8 bytes, memmovea.o(.text), UNUSED)

<P><STRONG><a name="[416]"></a>__aeabi_memmove8</STRONG> (Thumb, 0 bytes, Stack size 8 bytes, memmovea.o(.text), UNUSED)

<P><STRONG><a name="[409]"></a>strcat</STRONG> (Thumb, 24 bytes, Stack size 0 bytes, strcat.o(.text))
<BR><BR>[Called By]<UL><LI><a href="#[39b]">&gt;&gt;</a>&nbsp;&nbsp;&nbsp;subscribe_publish_sensor_values
</UL>

<P><STRONG><a name="[109]"></a>strstr</STRONG> (Thumb, 36 bytes, Stack size 12 bytes, strstr.o(.text))
<BR><BR>[Stack]<UL><LI>Max Depth = 12<LI>Call Chain = strstr
</UL>
<BR>[Called By]<UL><LI><a href="#[39b]">&gt;&gt;</a>&nbsp;&nbsp;&nbsp;subscribe_publish_sensor_values
<LI><a href="#[2b7]">&gt;&gt;</a>&nbsp;&nbsp;&nbsp;mbedtls_pem_read_buffer
<LI><a href="#[2be]">&gt;&gt;</a>&nbsp;&nbsp;&nbsp;mbedtls_x509_crt_parse
<LI><a href="#[d6]">&gt;&gt;</a>&nbsp;&nbsp;&nbsp;MQTTcallbackHandler
<LI><a href="#[3f4]">&gt;&gt;</a>&nbsp;&nbsp;&nbsp;setRTCTimeDateFromNetwork
<LI><a href="#[384]">&gt;&gt;</a>&nbsp;&nbsp;&nbsp;http_read
<LI><a href="#[120]">&gt;&gt;</a>&nbsp;&nbsp;&nbsp;ES_WIFI_SendData
<LI><a href="#[11e]">&gt;&gt;</a>&nbsp;&nbsp;&nbsp;ReceiveShortDataLen
<LI><a href="#[11f]">&gt;&gt;</a>&nbsp;&nbsp;&nbsp;ReceiveLongDataLen
<LI><a href="#[110]">&gt;&gt;</a>&nbsp;&nbsp;&nbsp;AT_RequestSendData
<LI><a href="#[107]">&gt;&gt;</a>&nbsp;&nbsp;&nbsp;AT_ExecuteCommand
</UL>

<P><STRONG><a name="[2d8]"></a>strcmp</STRONG> (Thumb, 28 bytes, Stack size 8 bytes, strcmp.o(.text))
<BR><BR>[Stack]<UL><LI>Max Depth = 8<LI>Call Chain = strcmp
</UL>
<BR>[Called By]<UL><LI><a href="#[1d0]">&gt;&gt;</a>&nbsp;&nbsp;&nbsp;net_sock_setopt
<LI><a href="#[3f4]">&gt;&gt;</a>&nbsp;&nbsp;&nbsp;setRTCTimeDateFromNetwork
</UL>

<P><STRONG><a name="[147]"></a>memcmp</STRONG> (Thumb, 26 bytes, Stack size 12 bytes, memcmp.o(.text))
<BR><BR>[Stack]<UL><LI>Max Depth = 12<LI>Call Chain = memcmp
</UL>
<BR>[Called By]<UL><LI><a href="#[256]">&gt;&gt;</a>&nbsp;&nbsp;&nbsp;mbedtls_oid_get_x509_ext_type
<LI><a href="#[3b7]">&gt;&gt;</a>&nbsp;&nbsp;&nbsp;mbedtls_oid_get_extended_key_usage
<LI><a href="#[3b6]">&gt;&gt;</a>&nbsp;&nbsp;&nbsp;mbedtls_oid_get_cipher_alg
<LI><a href="#[2da]">&gt;&gt;</a>&nbsp;&nbsp;&nbsp;oid_sig_alg_from_asn1
<LI><a href="#[3c5]">&gt;&gt;</a>&nbsp;&nbsp;&nbsp;mbedtls_pkcs5_pbes2
<LI><a href="#[2b7]">&gt;&gt;</a>&nbsp;&nbsp;&nbsp;mbedtls_pem_read_buffer
<LI><a href="#[255]">&gt;&gt;</a>&nbsp;&nbsp;&nbsp;mbedtls_oid_get_pkcs12_pbe_alg
<LI><a href="#[3b8]">&gt;&gt;</a>&nbsp;&nbsp;&nbsp;mbedtls_oid_get_pk_alg
<LI><a href="#[253]">&gt;&gt;</a>&nbsp;&nbsp;&nbsp;mbedtls_oid_get_ec_grp
<LI><a href="#[3bd]">&gt;&gt;</a>&nbsp;&nbsp;&nbsp;pk_parse_key_pkcs8_encrypted_der
<LI><a href="#[2db]">&gt;&gt;</a>&nbsp;&nbsp;&nbsp;pk_group_from_specified
<LI><a href="#[254]">&gt;&gt;</a>&nbsp;&nbsp;&nbsp;mbedtls_oid_get_md_alg
<LI><a href="#[252]">&gt;&gt;</a>&nbsp;&nbsp;&nbsp;mbedtls_oid_get_attr_short_name
<LI><a href="#[2c2]">&gt;&gt;</a>&nbsp;&nbsp;&nbsp;mbedtls_x509_get_rsassa_pss_params
<LI><a href="#[3d5]">&gt;&gt;</a>&nbsp;&nbsp;&nbsp;mbedtls_x509_crt_verify_with_profile
<LI><a href="#[3d1]">&gt;&gt;</a>&nbsp;&nbsp;&nbsp;mbedtls_x509_crt_check_extended_key_usage
<LI><a href="#[296]">&gt;&gt;</a>&nbsp;&nbsp;&nbsp;mbedtls_ssl_parse_certificate
<LI><a href="#[2f0]">&gt;&gt;</a>&nbsp;&nbsp;&nbsp;ssl_check_ctr_renegotiate
<LI><a href="#[2b9]">&gt;&gt;</a>&nbsp;&nbsp;&nbsp;mbedtls_x509_crl_parse_der
<LI><a href="#[3c6]">&gt;&gt;</a>&nbsp;&nbsp;&nbsp;pkcs5_parse_pbkdf2_params
<LI><a href="#[295]">&gt;&gt;</a>&nbsp;&nbsp;&nbsp;ssl_parse_server_hello
<LI><a href="#[277]">&gt;&gt;</a>&nbsp;&nbsp;&nbsp;mbedtls_rsa_rsassa_pss_verify_ext
<LI><a href="#[2bc]">&gt;&gt;</a>&nbsp;&nbsp;&nbsp;mbedtls_x509_crt_is_revoked
<LI><a href="#[30c]">&gt;&gt;</a>&nbsp;&nbsp;&nbsp;x509_name_cmp
<LI><a href="#[30e]">&gt;&gt;</a>&nbsp;&nbsp;&nbsp;x509_crt_verifycrl
<LI><a href="#[3e7]">&gt;&gt;</a>&nbsp;&nbsp;&nbsp;x509_crt_verify_top
<LI><a href="#[3e4]">&gt;&gt;</a>&nbsp;&nbsp;&nbsp;x509_crt_parse_der_core
<LI><a href="#[30b]">&gt;&gt;</a>&nbsp;&nbsp;&nbsp;x509_crt_check_parent
<LI><a href="#[272]">&gt;&gt;</a>&nbsp;&nbsp;&nbsp;mbedtls_rsa_rsassa_pkcs1_v15_verify
<LI><a href="#[11f]">&gt;&gt;</a>&nbsp;&nbsp;&nbsp;ReceiveLongDataLen
</UL>

<P><STRONG><a name="[1d6]"></a>strncmp</STRONG> (Thumb, 30 bytes, Stack size 12 bytes, strncmp.o(.text))
<BR><BR>[Stack]<UL><LI>Max Depth = 12<LI>Call Chain = strncmp
</UL>
<BR>[Called By]<UL><LI><a href="#[163]">&gt;&gt;</a>&nbsp;&nbsp;&nbsp;_aws_iot_mqtt_internal_deliver_message
<LI><a href="#[329]">&gt;&gt;</a>&nbsp;&nbsp;&nbsp;enterPemString
<LI><a href="#[1ce]">&gt;&gt;</a>&nbsp;&nbsp;&nbsp;http_url_parse
</UL>

<P><STRONG><a name="[10b]"></a>strtok</STRONG> (Thumb, 62 bytes, Stack size 16 bytes, strtok.o(.text))
<BR><BR>[Stack]<UL><LI>Max Depth = 16<LI>Call Chain = strtok
</UL>
<BR>[Called By]<UL><LI><a href="#[32c]">&gt;&gt;</a>&nbsp;&nbsp;&nbsp;ES_WIFI_GetMACAddress
<LI><a href="#[32b]">&gt;&gt;</a>&nbsp;&nbsp;&nbsp;ES_WIFI_DNS_LookUp
<LI><a href="#[10f]">&gt;&gt;</a>&nbsp;&nbsp;&nbsp;AT_ParseInfo
<LI><a href="#[10a]">&gt;&gt;</a>&nbsp;&nbsp;&nbsp;AT_ParseConnSettings
</UL>

<P><STRONG><a name="[ad]"></a>calloc</STRONG> (Thumb, 28 bytes, Stack size 8 bytes, calloc.o(.text))
<BR><BR>[Stack]<UL><LI>Max Depth = 28<LI>Call Chain = calloc &rArr; malloc
</UL>
<BR>[Calls]<UL><LI><a href="#[fa]">&gt;&gt;</a>&nbsp;&nbsp;&nbsp;malloc
</UL>
<BR>[Address Reference Count : 3]<UL><LI> platform.o(.data)
<LI> aws_network_st_wrapper.o(i.iot_tls_connect)
<LI> net_tls_mbedtls.o(i.net_sock_open_mbedtls)
</UL>
<P><STRONG><a name="[fb]"></a>__0sscanf</STRONG> (Thumb, 48 bytes, Stack size 72 bytes, __0sscanf.o(.text))
<BR><BR>[Stack]<UL><LI>Max Depth = 216<LI>Call Chain = __0sscanf &rArr; __vfscanf_char &rArr; __vfscanf &rArr; _scanf_string
</UL>
<BR>[Calls]<UL><LI><a href="#[fc]">&gt;&gt;</a>&nbsp;&nbsp;&nbsp;__vfscanf_char
</UL>
<BR>[Called By]<UL><LI><a href="#[3f4]">&gt;&gt;</a>&nbsp;&nbsp;&nbsp;setRTCTimeDateFromNetwork
<LI><a href="#[1ce]">&gt;&gt;</a>&nbsp;&nbsp;&nbsp;http_url_parse
<LI><a href="#[384]">&gt;&gt;</a>&nbsp;&nbsp;&nbsp;http_read
</UL>

<P><STRONG><a name="[fd]"></a>_scanf_int</STRONG> (Thumb, 332 bytes, Stack size 56 bytes, _scanf_int.o(.text))
<BR><BR>[Stack]<UL><LI>Max Depth = 56<LI>Call Chain = _scanf_int
</UL>
<BR>[Calls]<UL><LI><a href="#[fe]">&gt;&gt;</a>&nbsp;&nbsp;&nbsp;_chval
</UL>
<BR>[Called By]<UL><LI><a href="#[31b]">&gt;&gt;</a>&nbsp;&nbsp;&nbsp;__vfscanf
</UL>

<P><STRONG><a name="[31f]"></a>_scanf_string</STRONG> (Thumb, 224 bytes, Stack size 56 bytes, _scanf_str.o(.text))
<BR><BR>[Stack]<UL><LI>Max Depth = 56<LI>Call Chain = _scanf_string
</UL>
<BR>[Called By]<UL><LI><a href="#[31b]">&gt;&gt;</a>&nbsp;&nbsp;&nbsp;__vfscanf
</UL>

<P><STRONG><a name="[105]"></a>__aeabi_llsr</STRONG> (Thumb, 32 bytes, Stack size 0 bytes, llushr.o(.text))
<BR><BR>[Called By]<UL><LI><a href="#[181]">&gt;&gt;</a>&nbsp;&nbsp;&nbsp;__aeabi_d2ulz
<LI><a href="#[182]">&gt;&gt;</a>&nbsp;&nbsp;&nbsp;__aeabi_uldivmod
<LI><a href="#[103]">&gt;&gt;</a>&nbsp;&nbsp;&nbsp;_double_epilogue
</UL>

<P><STRONG><a name="[417]"></a>_ll_ushift_r</STRONG> (Thumb, 0 bytes, Stack size 0 bytes, llushr.o(.text), UNUSED)

<P><STRONG><a name="[418]"></a>__I$use$fp</STRONG> (Thumb, 0 bytes, Stack size 0 bytes, iusefp.o(.text), UNUSED)

<P><STRONG><a name="[17f]"></a>__aeabi_cdrcmple</STRONG> (Thumb, 48 bytes, Stack size 0 bytes, cdrcmple.o(.text), UNUSED)
<BR><BR>[Called By]<UL><LI><a href="#[17c]">&gt;&gt;</a>&nbsp;&nbsp;&nbsp;_fp_digits
</UL>

<P><STRONG><a name="[f9]"></a>__scatterload</STRONG> (Thumb, 28 bytes, Stack size 0 bytes, init.o(.text))
<BR><BR>[Calls]<UL><LI><a href="#[ff]">&gt;&gt;</a>&nbsp;&nbsp;&nbsp;__main_after_scatterload
</UL>
<BR>[Called By]<UL><LI><a href="#[f8]">&gt;&gt;</a>&nbsp;&nbsp;&nbsp;_main_scatterload
</UL>

<P><STRONG><a name="[419]"></a>__scatterload_rt2</STRONG> (Thumb, 0 bytes, Stack size 0 bytes, init.o(.text), UNUSED)

<P><STRONG><a name="[31c]"></a>__aeabi_lasr</STRONG> (Thumb, 36 bytes, Stack size 0 bytes, llsshr.o(.text), UNUSED)
<BR><BR>[Called By]<UL><LI><a href="#[180]">&gt;&gt;</a>&nbsp;&nbsp;&nbsp;__aeabi_dadd
</UL>

<P><STRONG><a name="[41a]"></a>_ll_sshift_r</STRONG> (Thumb, 0 bytes, Stack size 0 bytes, llsshr.o(.text), UNUSED)

<P><STRONG><a name="[b2]"></a>isspace</STRONG> (Thumb, 18 bytes, Stack size 8 bytes, isspace_o.o(.text))
<BR><BR>[Stack]<UL><LI>Max Depth = 8<LI>Call Chain = isspace
</UL>
<BR>[Calls]<UL><LI><a href="#[100]">&gt;&gt;</a>&nbsp;&nbsp;&nbsp;__rt_ctype_table
</UL>
<BR>[Address Reference Count : 1]<UL><LI> scanf_char.o(.text)
</UL>
<P><STRONG><a name="[101]"></a>_strtoul</STRONG> (Thumb, 158 bytes, Stack size 40 bytes, _strtoul.o(.text))
<BR><BR>[Stack]<UL><LI>Max Depth = 40<LI>Call Chain = _strtoul
</UL>
<BR>[Calls]<UL><LI><a href="#[fe]">&gt;&gt;</a>&nbsp;&nbsp;&nbsp;_chval
<LI><a href="#[102]">&gt;&gt;</a>&nbsp;&nbsp;&nbsp;__aeabi_errno_addr
</UL>
<BR>[Called By]<UL><LI><a href="#[31a]">&gt;&gt;</a>&nbsp;&nbsp;&nbsp;strtol
</UL>

<P><STRONG><a name="[106]"></a>_double_round</STRONG> (Thumb, 30 bytes, Stack size 8 bytes, depilogue.o(.text), UNUSED)
<BR><BR>[Called By]<UL><LI><a href="#[17e]">&gt;&gt;</a>&nbsp;&nbsp;&nbsp;__aeabi_ddiv
<LI><a href="#[180]">&gt;&gt;</a>&nbsp;&nbsp;&nbsp;__aeabi_dadd
<LI><a href="#[103]">&gt;&gt;</a>&nbsp;&nbsp;&nbsp;_double_epilogue
</UL>

<P><STRONG><a name="[103]"></a>_double_epilogue</STRONG> (Thumb, 156 bytes, Stack size 32 bytes, depilogue.o(.text), UNUSED)
<BR><BR>[Calls]<UL><LI><a href="#[106]">&gt;&gt;</a>&nbsp;&nbsp;&nbsp;_double_round
<LI><a href="#[105]">&gt;&gt;</a>&nbsp;&nbsp;&nbsp;__aeabi_llsr
<LI><a href="#[104]">&gt;&gt;</a>&nbsp;&nbsp;&nbsp;__aeabi_llsl
</UL>
<BR>[Called By]<UL><LI><a href="#[17d]">&gt;&gt;</a>&nbsp;&nbsp;&nbsp;__aeabi_dmul
<LI><a href="#[180]">&gt;&gt;</a>&nbsp;&nbsp;&nbsp;__aeabi_dadd
</UL>

<P><STRONG><a name="[111]"></a>AWSServerDeviceConfig</STRONG> (Thumb, 110 bytes, Stack size 352 bytes, iot_flash_config.o(i.AWSServerDeviceConfig))
<BR><BR>[Stack]<UL><LI>Max Depth = 2536<LI>Call Chain = AWSServerDeviceConfig &rArr; FLASH_update &rArr; FLASH_write_at &rArr; HAL_FLASH_Program &rArr; FLASH_WaitForLastOperation
</UL>
<BR>[Calls]<UL><LI><a href="#[114]">&gt;&gt;</a>&nbsp;&nbsp;&nbsp;getInputString
<LI><a href="#[115]">&gt;&gt;</a>&nbsp;&nbsp;&nbsp;FLASH_update
<LI><a href="#[113]">&gt;&gt;</a>&nbsp;&nbsp;&nbsp;__2printf
<LI><a href="#[112]">&gt;&gt;</a>&nbsp;&nbsp;&nbsp;__aeabi_memclr4
</UL>
<BR>[Called By]<UL><LI><a href="#[39a]">&gt;&gt;</a>&nbsp;&nbsp;&nbsp;platform_init
</UL>

<P><STRONG><a name="[116]"></a>BSP_LED_Init</STRONG> (Thumb, 60 bytes, Stack size 32 bytes, stm32l475e_iot01.o(i.BSP_LED_Init))
<BR><BR>[Stack]<UL><LI>Max Depth = 72<LI>Call Chain = BSP_LED_Init &rArr; HAL_GPIO_Init
</UL>
<BR>[Calls]<UL><LI><a href="#[117]">&gt;&gt;</a>&nbsp;&nbsp;&nbsp;HAL_GPIO_Init
</UL>
<BR>[Called By]<UL><LI><a href="#[5c]">&gt;&gt;</a>&nbsp;&nbsp;&nbsp;main
</UL>

<P><STRONG><a name="[118]"></a>BSP_LED_On</STRONG> (Thumb, 20 bytes, Stack size 0 bytes, stm32l475e_iot01.o(i.BSP_LED_On))
<BR><BR>[Calls]<UL><LI><a href="#[119]">&gt;&gt;</a>&nbsp;&nbsp;&nbsp;HAL_GPIO_WritePin
</UL>
<BR>[Called By]<UL><LI><a href="#[352]">&gt;&gt;</a>&nbsp;&nbsp;&nbsp;Led_On
</UL>

<P><STRONG><a name="[9]"></a>DebugMon_Handler</STRONG> (Thumb, 2 bytes, Stack size 0 bytes, stm32l4xx_it.o(i.DebugMon_Handler))
<BR>[Address Reference Count : 1]<UL><LI> startup_stm32l475xx.o(RESET)
</UL>
<P><STRONG><a name="[11a]"></a>ES_WIFI_Connect</STRONG> (Thumb, 122 bytes, Stack size 24 bytes, es_wifi.o(i.ES_WIFI_Connect))
<BR><BR>[Stack]<UL><LI>Max Depth = 52<LI>Call Chain = ES_WIFI_Connect &rArr; AT_ExecuteCommand &rArr; strstr
</UL>
<BR>[Calls]<UL><LI><a href="#[11b]">&gt;&gt;</a>&nbsp;&nbsp;&nbsp;__2sprintf
<LI><a href="#[107]">&gt;&gt;</a>&nbsp;&nbsp;&nbsp;AT_ExecuteCommand
</UL>
<BR>[Called By]<UL><LI><a href="#[152]">&gt;&gt;</a>&nbsp;&nbsp;&nbsp;WIFI_Connect
</UL>

<P><STRONG><a name="[11c]"></a>ES_WIFI_Init</STRONG> (Thumb, 52 bytes, Stack size 16 bytes, es_wifi.o(i.ES_WIFI_Init))
<BR><BR>[Stack]<UL><LI>Max Depth = 52<LI>Call Chain = ES_WIFI_Init &rArr; AT_ParseInfo &rArr; ParseNumber
</UL>
<BR>[Calls]<UL><LI><a href="#[10f]">&gt;&gt;</a>&nbsp;&nbsp;&nbsp;AT_ParseInfo
<LI><a href="#[107]">&gt;&gt;</a>&nbsp;&nbsp;&nbsp;AT_ExecuteCommand
</UL>
<BR>[Called By]<UL><LI><a href="#[35c]">&gt;&gt;</a>&nbsp;&nbsp;&nbsp;WIFI_Init
</UL>

<P><STRONG><a name="[11d]"></a>ES_WIFI_ReceiveData</STRONG> (Thumb, 186 bytes, Stack size 32 bytes, es_wifi.o(i.ES_WIFI_ReceiveData))
<BR><BR>[Stack]<UL><LI>Max Depth = 76<LI>Call Chain = ES_WIFI_ReceiveData &rArr; ReceiveShortDataLen &rArr; strstr
</UL>
<BR>[Calls]<UL><LI><a href="#[11b]">&gt;&gt;</a>&nbsp;&nbsp;&nbsp;__2sprintf
<LI><a href="#[108]">&gt;&gt;</a>&nbsp;&nbsp;&nbsp;strlen
<LI><a href="#[11e]">&gt;&gt;</a>&nbsp;&nbsp;&nbsp;ReceiveShortDataLen
<LI><a href="#[11f]">&gt;&gt;</a>&nbsp;&nbsp;&nbsp;ReceiveLongDataLen
<LI><a href="#[107]">&gt;&gt;</a>&nbsp;&nbsp;&nbsp;AT_ExecuteCommand
</UL>
<BR>[Called By]<UL><LI><a href="#[2d7]">&gt;&gt;</a>&nbsp;&nbsp;&nbsp;WIFI_ReceiveData
</UL>

<P><STRONG><a name="[120]"></a>ES_WIFI_SendData</STRONG> (Thumb, 134 bytes, Stack size 40 bytes, es_wifi.o(i.ES_WIFI_SendData))
<BR><BR>[Stack]<UL><LI>Max Depth = 84<LI>Call Chain = ES_WIFI_SendData &rArr; AT_RequestSendData &rArr; strstr
</UL>
<BR>[Calls]<UL><LI><a href="#[11b]">&gt;&gt;</a>&nbsp;&nbsp;&nbsp;__2sprintf
<LI><a href="#[109]">&gt;&gt;</a>&nbsp;&nbsp;&nbsp;strstr
<LI><a href="#[110]">&gt;&gt;</a>&nbsp;&nbsp;&nbsp;AT_RequestSendData
<LI><a href="#[107]">&gt;&gt;</a>&nbsp;&nbsp;&nbsp;AT_ExecuteCommand
</UL>
<BR>[Called By]<UL><LI><a href="#[157]">&gt;&gt;</a>&nbsp;&nbsp;&nbsp;WIFI_SendData
</UL>

<P><STRONG><a name="[121]"></a>ES_WIFI_StartClientConnection</STRONG> (Thumb, 176 bytes, Stack size 24 bytes, es_wifi.o(i.ES_WIFI_StartClientConnection))
<BR><BR>[Stack]<UL><LI>Max Depth = 52<LI>Call Chain = ES_WIFI_StartClientConnection &rArr; AT_ExecuteCommand &rArr; strstr
</UL>
<BR>[Calls]<UL><LI><a href="#[11b]">&gt;&gt;</a>&nbsp;&nbsp;&nbsp;__2sprintf
<LI><a href="#[107]">&gt;&gt;</a>&nbsp;&nbsp;&nbsp;AT_ExecuteCommand
</UL>
<BR>[Called By]<UL><LI><a href="#[156]">&gt;&gt;</a>&nbsp;&nbsp;&nbsp;WIFI_OpenClientConnection
</UL>

<P><STRONG><a name="[122]"></a>ES_WIFI_StopClientConnection</STRONG> (Thumb, 56 bytes, Stack size 16 bytes, es_wifi.o(i.ES_WIFI_StopClientConnection))
<BR><BR>[Stack]<UL><LI>Max Depth = 44<LI>Call Chain = ES_WIFI_StopClientConnection &rArr; AT_ExecuteCommand &rArr; strstr
</UL>
<BR>[Calls]<UL><LI><a href="#[11b]">&gt;&gt;</a>&nbsp;&nbsp;&nbsp;__2sprintf
<LI><a href="#[107]">&gt;&gt;</a>&nbsp;&nbsp;&nbsp;AT_ExecuteCommand
</UL>
<BR>[Called By]<UL><LI><a href="#[2d3]">&gt;&gt;</a>&nbsp;&nbsp;&nbsp;WIFI_CloseClientConnection
</UL>

<P><STRONG><a name="[123]"></a>Error_Handler</STRONG> (Thumb, 14 bytes, Stack size 0 bytes, main.o(i.Error_Handler))
<BR><BR>[Stack]<UL><LI>Max Depth = 16 + In Cycle
<LI>Call Chain = Error_Handler &rArr;  Error_Handler (Cycle)
</UL>
<BR>[Calls]<UL><LI><a href="#[124]">&gt;&gt;</a>&nbsp;&nbsp;&nbsp;BSP_LED_Toggle
<LI><a href="#[123]">&gt;&gt;</a>&nbsp;&nbsp;&nbsp;Error_Handler
<LI><a href="#[125]">&gt;&gt;</a>&nbsp;&nbsp;&nbsp;HAL_Delay
</UL>
<BR>[Called By]<UL><LI><a href="#[5c]">&gt;&gt;</a>&nbsp;&nbsp;&nbsp;main
<LI><a href="#[355]">&gt;&gt;</a>&nbsp;&nbsp;&nbsp;SystemClock_Config
<LI><a href="#[123]">&gt;&gt;</a>&nbsp;&nbsp;&nbsp;Error_Handler
<LI><a href="#[140]">&gt;&gt;</a>&nbsp;&nbsp;&nbsp;Periph_Config
</UL>

<P><STRONG><a name="[33a]"></a>FLASH_PageErase</STRONG> (Thumb, 62 bytes, Stack size 0 bytes, stm32l4xx_hal_flash_ex.o(i.FLASH_PageErase))
<BR><BR>[Called By]<UL><LI><a href="#[338]">&gt;&gt;</a>&nbsp;&nbsp;&nbsp;HAL_FLASHEx_Erase
</UL>

<P><STRONG><a name="[336]"></a>FLASH_get_bank</STRONG> (Thumb, 68 bytes, Stack size 12 bytes, flash_l4.o(i.FLASH_get_bank))
<BR><BR>[Stack]<UL><LI>Max Depth = 12<LI>Call Chain = FLASH_get_bank
</UL>
<BR>[Called By]<UL><LI><a href="#[3f5]">&gt;&gt;</a>&nbsp;&nbsp;&nbsp;updateFirmwareVersion
<LI><a href="#[129]">&gt;&gt;</a>&nbsp;&nbsp;&nbsp;FLASH_unlock_erase
</UL>

<P><STRONG><a name="[115]"></a>FLASH_update</STRONG> (Thumb, 148 bytes, Stack size 2088 bytes, flash_l4.o(i.FLASH_update))
<BR><BR>[Stack]<UL><LI>Max Depth = 2184<LI>Call Chain = FLASH_update &rArr; FLASH_write_at &rArr; HAL_FLASH_Program &rArr; FLASH_WaitForLastOperation
</UL>
<BR>[Calls]<UL><LI><a href="#[12a]">&gt;&gt;</a>&nbsp;&nbsp;&nbsp;FLASH_write_at
<LI><a href="#[129]">&gt;&gt;</a>&nbsp;&nbsp;&nbsp;FLASH_unlock_erase
<LI><a href="#[113]">&gt;&gt;</a>&nbsp;&nbsp;&nbsp;__2printf
<LI><a href="#[128]">&gt;&gt;</a>&nbsp;&nbsp;&nbsp;__aeabi_memcpy
</UL>
<BR>[Called By]<UL><LI><a href="#[3f6]">&gt;&gt;</a>&nbsp;&nbsp;&nbsp;rfu_update
<LI><a href="#[3ec]">&gt;&gt;</a>&nbsp;&nbsp;&nbsp;updateWiFiCredentials
<LI><a href="#[3f3]">&gt;&gt;</a>&nbsp;&nbsp;&nbsp;updateTLSCredentials
<LI><a href="#[328]">&gt;&gt;</a>&nbsp;&nbsp;&nbsp;CaptureAndFlashPem
<LI><a href="#[111]">&gt;&gt;</a>&nbsp;&nbsp;&nbsp;AWSServerDeviceConfig
</UL>

<P><STRONG><a name="[12a]"></a>FLASH_write_at</STRONG> (Thumb, 106 bytes, Stack size 24 bytes, flash_l4.o(i.FLASH_write_at))
<BR><BR>[Stack]<UL><LI>Max Depth = 96<LI>Call Chain = FLASH_write_at &rArr; HAL_FLASH_Program &rArr; FLASH_WaitForLastOperation
</UL>
<BR>[Calls]<UL><LI><a href="#[12b]">&gt;&gt;</a>&nbsp;&nbsp;&nbsp;HAL_FLASH_Program
<LI><a href="#[113]">&gt;&gt;</a>&nbsp;&nbsp;&nbsp;__2printf
</UL>
<BR>[Called By]<UL><LI><a href="#[3f6]">&gt;&gt;</a>&nbsp;&nbsp;&nbsp;rfu_update
<LI><a href="#[115]">&gt;&gt;</a>&nbsp;&nbsp;&nbsp;FLASH_update
</UL>

<P><STRONG><a name="[3f8]"></a>HAL_FLASH_Lock</STRONG> (Thumb, 14 bytes, Stack size 0 bytes, stm32l4xx_hal_flash.o(i.HAL_FLASH_Lock))
<BR><BR>[Called By]<UL><LI><a href="#[3f6]">&gt;&gt;</a>&nbsp;&nbsp;&nbsp;rfu_update
</UL>

<P><STRONG><a name="[12c]"></a>HAL_FLASH_OB_Launch</STRONG> (Thumb, 18 bytes, Stack size 0 bytes, stm32l4xx_hal_flash.o(i.HAL_FLASH_OB_Launch))
<BR><BR>[Stack]<UL><LI>Max Depth = 16<LI>Call Chain = HAL_FLASH_OB_Launch &rArr; FLASH_WaitForLastOperation
</UL>
<BR>[Calls]<UL><LI><a href="#[127]">&gt;&gt;</a>&nbsp;&nbsp;&nbsp;FLASH_WaitForLastOperation
</UL>
<BR>[Called By]<UL><LI><a href="#[331]">&gt;&gt;</a>&nbsp;&nbsp;&nbsp;FLASH_set_boot_bank
</UL>

<P><STRONG><a name="[333]"></a>HAL_FLASH_OB_Unlock</STRONG> (Thumb, 24 bytes, Stack size 0 bytes, stm32l4xx_hal_flash.o(i.HAL_FLASH_OB_Unlock))
<BR><BR>[Called By]<UL><LI><a href="#[331]">&gt;&gt;</a>&nbsp;&nbsp;&nbsp;FLASH_set_boot_bank
</UL>

<P><STRONG><a name="[12e]"></a>HAL_GPIO_EXTI_Callback</STRONG> (Thumb, 16 bytes, Stack size 0 bytes, main.o(i.HAL_GPIO_EXTI_Callback))
<BR><BR>[Called By]<UL><LI><a href="#[12d]">&gt;&gt;</a>&nbsp;&nbsp;&nbsp;HAL_GPIO_EXTI_IRQHandler
</UL>

<P><STRONG><a name="[12d]"></a>HAL_GPIO_EXTI_IRQHandler</STRONG> (Thumb, 18 bytes, Stack size 8 bytes, stm32l4xx_hal_gpio.o(i.HAL_GPIO_EXTI_IRQHandler))
<BR><BR>[Stack]<UL><LI>Max Depth = 8<LI>Call Chain = HAL_GPIO_EXTI_IRQHandler
</UL>
<BR>[Calls]<UL><LI><a href="#[12e]">&gt;&gt;</a>&nbsp;&nbsp;&nbsp;HAL_GPIO_EXTI_Callback
</UL>
<BR>[Called By]<UL><LI><a href="#[34]">&gt;&gt;</a>&nbsp;&nbsp;&nbsp;EXTI15_10_IRQHandler
</UL>

<P><STRONG><a name="[117]"></a>HAL_GPIO_Init</STRONG> (Thumb, 414 bytes, Stack size 40 bytes, stm32l4xx_hal_gpio.o(i.HAL_GPIO_Init))
<BR><BR>[Stack]<UL><LI>Max Depth = 40<LI>Call Chain = HAL_GPIO_Init
</UL>
<BR>[Called By]<UL><LI><a href="#[324]">&gt;&gt;</a>&nbsp;&nbsp;&nbsp;BSP_PB_Init
<LI><a href="#[116]">&gt;&gt;</a>&nbsp;&nbsp;&nbsp;BSP_LED_Init
<LI><a href="#[320]">&gt;&gt;</a>&nbsp;&nbsp;&nbsp;BSP_COM_Init
<LI><a href="#[14b]">&gt;&gt;</a>&nbsp;&nbsp;&nbsp;SPI_WIFI_MspInit
</UL>

<P><STRONG><a name="[14e]"></a>HAL_GPIO_ReadPin</STRONG> (Thumb, 10 bytes, Stack size 0 bytes, stm32l4xx_hal_gpio.o(i.HAL_GPIO_ReadPin))
<BR><BR>[Called By]<UL><LI><a href="#[b4]">&gt;&gt;</a>&nbsp;&nbsp;&nbsp;SPI_WIFI_SendData
<LI><a href="#[b3]">&gt;&gt;</a>&nbsp;&nbsp;&nbsp;SPI_WIFI_ReceiveData
<LI><a href="#[b7]">&gt;&gt;</a>&nbsp;&nbsp;&nbsp;SPI_WIFI_Init
</UL>

<P><STRONG><a name="[323]"></a>HAL_GPIO_TogglePin</STRONG> (Thumb, 8 bytes, Stack size 0 bytes, stm32l4xx_hal_gpio.o(i.HAL_GPIO_TogglePin))
<BR><BR>[Called By]<UL><LI><a href="#[124]">&gt;&gt;</a>&nbsp;&nbsp;&nbsp;BSP_LED_Toggle
</UL>

<P><STRONG><a name="[14f]"></a>HAL_IncTick</STRONG> (Thumb, 10 bytes, Stack size 0 bytes, stm32l4xx_hal.o(i.HAL_IncTick))
<BR><BR>[Called By]<UL><LI><a href="#[b]">&gt;&gt;</a>&nbsp;&nbsp;&nbsp;SysTick_Handler
</UL>

<P><STRONG><a name="[325]"></a>HAL_NVIC_EnableIRQ</STRONG> (Thumb, 22 bytes, Stack size 0 bytes, stm32l4xx_hal_cortex.o(i.HAL_NVIC_EnableIRQ))
<BR><BR>[Called By]<UL><LI><a href="#[324]">&gt;&gt;</a>&nbsp;&nbsp;&nbsp;BSP_PB_Init
</UL>

<P><STRONG><a name="[12f]"></a>HAL_NVIC_SetPriority</STRONG> (Thumb, 60 bytes, Stack size 16 bytes, stm32l4xx_hal_cortex.o(i.HAL_NVIC_SetPriority))
<BR><BR>[Stack]<UL><LI>Max Depth = 16<LI>Call Chain = HAL_NVIC_SetPriority
</UL>
<BR>[Calls]<UL><LI><a href="#[130]">&gt;&gt;</a>&nbsp;&nbsp;&nbsp;NVIC_SetPriority
</UL>
<BR>[Called By]<UL><LI><a href="#[324]">&gt;&gt;</a>&nbsp;&nbsp;&nbsp;BSP_PB_Init
<LI><a href="#[134]">&gt;&gt;</a>&nbsp;&nbsp;&nbsp;HAL_InitTick
</UL>

<P><STRONG><a name="[131]"></a>HAL_RCC_ClockConfig</STRONG> (Thumb, 358 bytes, Stack size 32 bytes, stm32l4xx_hal_rcc.o(i.HAL_RCC_ClockConfig))
<BR><BR>[Stack]<UL><LI>Max Depth = 56<LI>Call Chain = HAL_RCC_ClockConfig &rArr; HAL_InitTick &rArr; HAL_NVIC_SetPriority
</UL>
<BR>[Calls]<UL><LI><a href="#[132]">&gt;&gt;</a>&nbsp;&nbsp;&nbsp;HAL_GetTick
<LI><a href="#[133]">&gt;&gt;</a>&nbsp;&nbsp;&nbsp;HAL_RCC_GetSysClockFreq
<LI><a href="#[134]">&gt;&gt;</a>&nbsp;&nbsp;&nbsp;HAL_InitTick
</UL>
<BR>[Called By]<UL><LI><a href="#[355]">&gt;&gt;</a>&nbsp;&nbsp;&nbsp;SystemClock_Config
</UL>

<P><STRONG><a name="[358]"></a>HAL_RCC_GetPCLK2Freq</STRONG> (Thumb, 20 bytes, Stack size 0 bytes, stm32l4xx_hal_rcc.o(i.HAL_RCC_GetPCLK2Freq))
<BR><BR>[Called By]<UL><LI><a href="#[34f]">&gt;&gt;</a>&nbsp;&nbsp;&nbsp;UART_SetConfig
</UL>

<P><STRONG><a name="[133]"></a>HAL_RCC_GetSysClockFreq</STRONG> (Thumb, 182 bytes, Stack size 12 bytes, stm32l4xx_hal_rcc.o(i.HAL_RCC_GetSysClockFreq))
<BR><BR>[Stack]<UL><LI>Max Depth = 12<LI>Call Chain = HAL_RCC_GetSysClockFreq
</UL>
<BR>[Called By]<UL><LI><a href="#[343]">&gt;&gt;</a>&nbsp;&nbsp;&nbsp;HAL_RCC_OscConfig
<LI><a href="#[131]">&gt;&gt;</a>&nbsp;&nbsp;&nbsp;HAL_RCC_ClockConfig
<LI><a href="#[34f]">&gt;&gt;</a>&nbsp;&nbsp;&nbsp;UART_SetConfig
</UL>

<P><STRONG><a name="[135]"></a>HAL_RNG_GenerateRandomNumber</STRONG> (Thumb, 106 bytes, Stack size 32 bytes, stm32l4xx_hal_rng.o(i.HAL_RNG_GenerateRandomNumber))
<BR><BR>[Stack]<UL><LI>Max Depth = 32<LI>Call Chain = HAL_RNG_GenerateRandomNumber
</UL>
<BR>[Calls]<UL><LI><a href="#[132]">&gt;&gt;</a>&nbsp;&nbsp;&nbsp;HAL_GetTick
</UL>
<BR>[Called By]<UL><LI><a href="#[39a]">&gt;&gt;</a>&nbsp;&nbsp;&nbsp;platform_init
<LI><a href="#[ba]">&gt;&gt;</a>&nbsp;&nbsp;&nbsp;mbedtls_hardware_poll
</UL>

<P><STRONG><a name="[345]"></a>HAL_RNG_MspInit</STRONG> (Thumb, 30 bytes, Stack size 8 bytes, stm32l4xx_hal_msp.o(i.HAL_RNG_MspInit))
<BR><BR>[Stack]<UL><LI>Max Depth = 8<LI>Call Chain = HAL_RNG_MspInit
</UL>
<BR>[Called By]<UL><LI><a href="#[344]">&gt;&gt;</a>&nbsp;&nbsp;&nbsp;HAL_RNG_Init
</UL>

<P><STRONG><a name="[136]"></a>HAL_RTC_SetTime</STRONG> (Thumb, 244 bytes, Stack size 32 bytes, stm32l4xx_hal_rtc.o(i.HAL_RTC_SetTime))
<BR><BR>[Stack]<UL><LI>Max Depth = 48<LI>Call Chain = HAL_RTC_SetTime &rArr; RTC_EnterInitMode
</UL>
<BR>[Calls]<UL><LI><a href="#[139]">&gt;&gt;</a>&nbsp;&nbsp;&nbsp;RTC_EnterInitMode
<LI><a href="#[137]">&gt;&gt;</a>&nbsp;&nbsp;&nbsp;RTC_Bcd2ToByte
<LI><a href="#[13a]">&gt;&gt;</a>&nbsp;&nbsp;&nbsp;HAL_RTC_WaitForSynchro
<LI><a href="#[138]">&gt;&gt;</a>&nbsp;&nbsp;&nbsp;RTC_ByteToBcd2
</UL>
<BR>[Called By]<UL><LI><a href="#[3f4]">&gt;&gt;</a>&nbsp;&nbsp;&nbsp;setRTCTimeDateFromNetwork
</UL>

<P><STRONG><a name="[13a]"></a>HAL_RTC_WaitForSynchro</STRONG> (Thumb, 54 bytes, Stack size 16 bytes, stm32l4xx_hal_rtc.o(i.HAL_RTC_WaitForSynchro))
<BR><BR>[Stack]<UL><LI>Max Depth = 16<LI>Call Chain = HAL_RTC_WaitForSynchro
</UL>
<BR>[Calls]<UL><LI><a href="#[132]">&gt;&gt;</a>&nbsp;&nbsp;&nbsp;HAL_GetTick
</UL>
<BR>[Called By]<UL><LI><a href="#[346]">&gt;&gt;</a>&nbsp;&nbsp;&nbsp;HAL_RTC_Init
<LI><a href="#[136]">&gt;&gt;</a>&nbsp;&nbsp;&nbsp;HAL_RTC_SetTime
<LI><a href="#[348]">&gt;&gt;</a>&nbsp;&nbsp;&nbsp;HAL_RTC_SetDate
</UL>

<P><STRONG><a name="[354]"></a>HAL_SPIEx_FlushRxFifo</STRONG> (Thumb, 36 bytes, Stack size 8 bytes, stm32l4xx_hal_spi_ex.o(i.HAL_SPIEx_FlushRxFifo))
<BR><BR>[Stack]<UL><LI>Max Depth = 8<LI>Call Chain = HAL_SPIEx_FlushRxFifo
</UL>
<BR>[Called By]<UL><LI><a href="#[b3]">&gt;&gt;</a>&nbsp;&nbsp;&nbsp;SPI_WIFI_ReceiveData
</UL>

<P><STRONG><a name="[13b]"></a>HAL_SPI_DeInit</STRONG> (Thumb, 46 bytes, Stack size 8 bytes, stm32l4xx_hal_spi.o(i.HAL_SPI_DeInit))
<BR><BR>[Stack]<UL><LI>Max Depth = 8<LI>Call Chain = HAL_SPI_DeInit
</UL>
<BR>[Calls]<UL><LI><a href="#[13c]">&gt;&gt;</a>&nbsp;&nbsp;&nbsp;HAL_SPI_MspDeInit
</UL>
<BR>[Called By]<UL><LI><a href="#[b6]">&gt;&gt;</a>&nbsp;&nbsp;&nbsp;SPI_WIFI_DeInit
</UL>

<P><STRONG><a name="[13c]"></a>HAL_SPI_MspDeInit</STRONG> (Thumb, 2 bytes, Stack size 0 bytes, stm32l4xx_hal_spi.o(i.HAL_SPI_MspDeInit))
<BR><BR>[Called By]<UL><LI><a href="#[13b]">&gt;&gt;</a>&nbsp;&nbsp;&nbsp;HAL_SPI_DeInit
</UL>

<P><STRONG><a name="[34e]"></a>HAL_UART_MspInit</STRONG> (Thumb, 2 bytes, Stack size 0 bytes, stm32l4xx_hal_uart.o(i.HAL_UART_MspInit))
<BR><BR>[Called By]<UL><LI><a href="#[321]">&gt;&gt;</a>&nbsp;&nbsp;&nbsp;HAL_UART_Init
</UL>

<P><STRONG><a name="[13d]"></a>HAL_UART_Receive</STRONG> (Thumb, 228 bytes, Stack size 40 bytes, stm32l4xx_hal_uart.o(i.HAL_UART_Receive))
<BR><BR>[Stack]<UL><LI>Max Depth = 64<LI>Call Chain = HAL_UART_Receive &rArr; UART_WaitOnFlagUntilTimeout
</UL>
<BR>[Calls]<UL><LI><a href="#[132]">&gt;&gt;</a>&nbsp;&nbsp;&nbsp;HAL_GetTick
<LI><a href="#[13e]">&gt;&gt;</a>&nbsp;&nbsp;&nbsp;UART_WaitOnFlagUntilTimeout
</UL>
<BR>[Called By]<UL><LI><a href="#[383]">&gt;&gt;</a>&nbsp;&nbsp;&nbsp;fgetc
</UL>

<P><STRONG><a name="[13f]"></a>HAL_UART_Transmit</STRONG> (Thumb, 176 bytes, Stack size 32 bytes, stm32l4xx_hal_uart.o(i.HAL_UART_Transmit))
<BR><BR>[Stack]<UL><LI>Max Depth = 56<LI>Call Chain = HAL_UART_Transmit &rArr; UART_WaitOnFlagUntilTimeout
</UL>
<BR>[Calls]<UL><LI><a href="#[132]">&gt;&gt;</a>&nbsp;&nbsp;&nbsp;HAL_GetTick
<LI><a href="#[13e]">&gt;&gt;</a>&nbsp;&nbsp;&nbsp;UART_WaitOnFlagUntilTimeout
</UL>
<BR>[Called By]<UL><LI><a href="#[b8]">&gt;&gt;</a>&nbsp;&nbsp;&nbsp;fputc
</UL>

<P><STRONG><a name="[5]"></a>MemManage_Handler</STRONG> (Thumb, 2 bytes, Stack size 0 bytes, stm32l4xx_it.o(i.MemManage_Handler))
<BR><BR>[Calls]<UL><LI><a href="#[5]">&gt;&gt;</a>&nbsp;&nbsp;&nbsp;MemManage_Handler
</UL>
<BR>[Called By]<UL><LI><a href="#[5]">&gt;&gt;</a>&nbsp;&nbsp;&nbsp;MemManage_Handler
</UL>
<BR>[Address Reference Count : 1]<UL><LI> startup_stm32l475xx.o(RESET)
</UL>
<P><STRONG><a name="[a]"></a>PendSV_Handler</STRONG> (Thumb, 2 bytes, Stack size 0 bytes, stm32l4xx_it.o(i.PendSV_Handler))
<BR>[Address Reference Count : 1]<UL><LI> startup_stm32l475xx.o(RESET)
</UL>
<P><STRONG><a name="[140]"></a>Periph_Config</STRONG> (Thumb, 78 bytes, Stack size 144 bytes, stm32l4xx_hal_msp.o(i.Periph_Config))
<BR><BR>[Stack]<UL><LI>Max Depth = 208<LI>Call Chain = Periph_Config &rArr; HAL_RCCEx_PeriphCLKConfig &rArr; RCCEx_PLLSAI2_Config
</UL>
<BR>[Calls]<UL><LI><a href="#[141]">&gt;&gt;</a>&nbsp;&nbsp;&nbsp;HAL_RCCEx_PeriphCLKConfig
<LI><a href="#[142]">&gt;&gt;</a>&nbsp;&nbsp;&nbsp;HAL_PWREx_ControlVoltageScaling
<LI><a href="#[123]">&gt;&gt;</a>&nbsp;&nbsp;&nbsp;Error_Handler
</UL>
<BR>[Called By]<UL><LI><a href="#[5c]">&gt;&gt;</a>&nbsp;&nbsp;&nbsp;main
</UL>

<P><STRONG><a name="[137]"></a>RTC_Bcd2ToByte</STRONG> (Thumb, 18 bytes, Stack size 0 bytes, stm32l4xx_hal_rtc.o(i.RTC_Bcd2ToByte))
<BR><BR>[Called By]<UL><LI><a href="#[136]">&gt;&gt;</a>&nbsp;&nbsp;&nbsp;HAL_RTC_SetTime
<LI><a href="#[348]">&gt;&gt;</a>&nbsp;&nbsp;&nbsp;HAL_RTC_SetDate
</UL>

<P><STRONG><a name="[139]"></a>RTC_EnterInitMode</STRONG> (Thumb, 58 bytes, Stack size 16 bytes, stm32l4xx_hal_rtc.o(i.RTC_EnterInitMode))
<BR><BR>[Stack]<UL><LI>Max Depth = 16<LI>Call Chain = RTC_EnterInitMode
</UL>
<BR>[Calls]<UL><LI><a href="#[132]">&gt;&gt;</a>&nbsp;&nbsp;&nbsp;HAL_GetTick
</UL>
<BR>[Called By]<UL><LI><a href="#[346]">&gt;&gt;</a>&nbsp;&nbsp;&nbsp;HAL_RTC_Init
<LI><a href="#[136]">&gt;&gt;</a>&nbsp;&nbsp;&nbsp;HAL_RTC_SetTime
<LI><a href="#[348]">&gt;&gt;</a>&nbsp;&nbsp;&nbsp;HAL_RTC_SetDate
</UL>

<P><STRONG><a name="[b5]"></a>SPI_WIFI_Delay</STRONG> (Thumb, 4 bytes, Stack size 0 bytes, es_wifi_io.o(i.SPI_WIFI_Delay))
<BR><BR>[Stack]<UL><LI>Max Depth = 16<LI>Call Chain = SPI_WIFI_Delay &rArr; HAL_Delay
</UL>
<BR>[Calls]<UL><LI><a href="#[125]">&gt;&gt;</a>&nbsp;&nbsp;&nbsp;HAL_Delay
</UL>
<BR>[Address Reference Count : 1]<UL><LI> wifi.o(i.WIFI_Init)
</UL>
<P><STRONG><a name="[b7]"></a>SPI_WIFI_Init</STRONG> (Thumb, 280 bytes, Stack size 48 bytes, es_wifi_io.o(i.SPI_WIFI_Init))
<BR><BR>[Stack]<UL><LI>Max Depth = 184<LI>Call Chain = SPI_WIFI_Init &rArr; HAL_SPI_Receive &rArr; HAL_SPI_TransmitReceive &rArr; SPI_EndRxTxTransaction &rArr; SPI_WaitFifoStateUntilTimeout
</UL>
<BR>[Calls]<UL><LI><a href="#[132]">&gt;&gt;</a>&nbsp;&nbsp;&nbsp;HAL_GetTick
<LI><a href="#[119]">&gt;&gt;</a>&nbsp;&nbsp;&nbsp;HAL_GPIO_WritePin
<LI><a href="#[125]">&gt;&gt;</a>&nbsp;&nbsp;&nbsp;HAL_Delay
<LI><a href="#[14e]">&gt;&gt;</a>&nbsp;&nbsp;&nbsp;HAL_GPIO_ReadPin
<LI><a href="#[14d]">&gt;&gt;</a>&nbsp;&nbsp;&nbsp;HAL_SPI_Receive
<LI><a href="#[14c]">&gt;&gt;</a>&nbsp;&nbsp;&nbsp;HAL_SPI_Init
<LI><a href="#[14b]">&gt;&gt;</a>&nbsp;&nbsp;&nbsp;SPI_WIFI_MspInit
</UL>
<BR>[Address Reference Count : 1]<UL><LI> wifi.o(i.WIFI_Init)
</UL>
<P><STRONG><a name="[b]"></a>SysTick_Handler</STRONG> (Thumb, 14 bytes, Stack size 8 bytes, stm32l4xx_it.o(i.SysTick_Handler))
<BR><BR>[Stack]<UL><LI>Max Depth = 16<LI>Call Chain = SysTick_Handler &rArr; HAL_SYSTICK_IRQHandler
</UL>
<BR>[Calls]<UL><LI><a href="#[150]">&gt;&gt;</a>&nbsp;&nbsp;&nbsp;HAL_SYSTICK_IRQHandler
<LI><a href="#[14f]">&gt;&gt;</a>&nbsp;&nbsp;&nbsp;HAL_IncTick
</UL>
<BR>[Address Reference Count : 1]<UL><LI> startup_stm32l475xx.o(RESET)
</UL>
<P><STRONG><a name="[151]"></a>UART_CheckIdleState</STRONG> (Thumb, 92 bytes, Stack size 24 bytes, stm32l4xx_hal_uart.o(i.UART_CheckIdleState))
<BR><BR>[Stack]<UL><LI>Max Depth = 48<LI>Call Chain = UART_CheckIdleState &rArr; UART_WaitOnFlagUntilTimeout
</UL>
<BR>[Calls]<UL><LI><a href="#[132]">&gt;&gt;</a>&nbsp;&nbsp;&nbsp;HAL_GetTick
<LI><a href="#[13e]">&gt;&gt;</a>&nbsp;&nbsp;&nbsp;UART_WaitOnFlagUntilTimeout
</UL>
<BR>[Called By]<UL><LI><a href="#[321]">&gt;&gt;</a>&nbsp;&nbsp;&nbsp;HAL_UART_Init
</UL>

<P><STRONG><a name="[13e]"></a>UART_WaitOnFlagUntilTimeout</STRONG> (Thumb, 100 bytes, Stack size 24 bytes, stm32l4xx_hal_uart.o(i.UART_WaitOnFlagUntilTimeout))
<BR><BR>[Stack]<UL><LI>Max Depth = 24<LI>Call Chain = UART_WaitOnFlagUntilTimeout
</UL>
<BR>[Calls]<UL><LI><a href="#[132]">&gt;&gt;</a>&nbsp;&nbsp;&nbsp;HAL_GetTick
</UL>
<BR>[Called By]<UL><LI><a href="#[13f]">&gt;&gt;</a>&nbsp;&nbsp;&nbsp;HAL_UART_Transmit
<LI><a href="#[13d]">&gt;&gt;</a>&nbsp;&nbsp;&nbsp;HAL_UART_Receive
<LI><a href="#[151]">&gt;&gt;</a>&nbsp;&nbsp;&nbsp;UART_CheckIdleState
</UL>

<P><STRONG><a name="[7]"></a>UsageFault_Handler</STRONG> (Thumb, 2 bytes, Stack size 0 bytes, stm32l4xx_it.o(i.UsageFault_Handler))
<BR><BR>[Calls]<UL><LI><a href="#[7]">&gt;&gt;</a>&nbsp;&nbsp;&nbsp;UsageFault_Handler
</UL>
<BR>[Called By]<UL><LI><a href="#[7]">&gt;&gt;</a>&nbsp;&nbsp;&nbsp;UsageFault_Handler
</UL>
<BR>[Address Reference Count : 1]<UL><LI> startup_stm32l475xx.o(RESET)
</UL>
<P><STRONG><a name="[152]"></a>WIFI_Connect</STRONG> (Thumb, 32 bytes, Stack size 8 bytes, wifi.o(i.WIFI_Connect))
<BR><BR>[Stack]<UL><LI>Max Depth = 84<LI>Call Chain = WIFI_Connect &rArr; ES_WIFI_GetNetworkSettings &rArr; AT_ParseConnSettings &rArr; ParseIP &rArr; ParseNumber
</UL>
<BR>[Calls]<UL><LI><a href="#[153]">&gt;&gt;</a>&nbsp;&nbsp;&nbsp;ES_WIFI_GetNetworkSettings
<LI><a href="#[11a]">&gt;&gt;</a>&nbsp;&nbsp;&nbsp;ES_WIFI_Connect
</UL>
<BR>[Called By]<UL><LI><a href="#[d3]">&gt;&gt;</a>&nbsp;&nbsp;&nbsp;net_if_init
</UL>

<P><STRONG><a name="[2d1]"></a>WIFI_GetIP_Address</STRONG> (Thumb, 28 bytes, Stack size 0 bytes, wifi.o(i.WIFI_GetIP_Address))
<BR><BR>[Called By]<UL><LI><a href="#[2d0]">&gt;&gt;</a>&nbsp;&nbsp;&nbsp;net_get_ip_address
</UL>

<P><STRONG><a name="[154]"></a>WIFI_GetModuleFwRevision</STRONG> (Thumb, 14 bytes, Stack size 8 bytes, wifi.o(i.WIFI_GetModuleFwRevision))
<BR><BR>[Stack]<UL><LI>Max Depth = 16<LI>Call Chain = WIFI_GetModuleFwRevision &rArr; strncpy
</UL>
<BR>[Calls]<UL><LI><a href="#[10c]">&gt;&gt;</a>&nbsp;&nbsp;&nbsp;strncpy
</UL>
<BR>[Called By]<UL><LI><a href="#[d3]">&gt;&gt;</a>&nbsp;&nbsp;&nbsp;net_if_init
</UL>

<P><STRONG><a name="[155]"></a>WIFI_GetModuleName</STRONG> (Thumb, 14 bytes, Stack size 8 bytes, wifi.o(i.WIFI_GetModuleName))
<BR><BR>[Stack]<UL><LI>Max Depth = 16<LI>Call Chain = WIFI_GetModuleName &rArr; strncpy
</UL>
<BR>[Calls]<UL><LI><a href="#[10c]">&gt;&gt;</a>&nbsp;&nbsp;&nbsp;strncpy
</UL>
<BR>[Called By]<UL><LI><a href="#[d3]">&gt;&gt;</a>&nbsp;&nbsp;&nbsp;net_if_init
</UL>

<P><STRONG><a name="[156]"></a>WIFI_OpenClientConnection</STRONG> (Thumb, 74 bytes, Stack size 32 bytes, wifi.o(i.WIFI_OpenClientConnection))
<BR><BR>[Stack]<UL><LI>Max Depth = 84<LI>Call Chain = WIFI_OpenClientConnection &rArr; ES_WIFI_StartClientConnection &rArr; AT_ExecuteCommand &rArr; strstr
</UL>
<BR>[Calls]<UL><LI><a href="#[121]">&gt;&gt;</a>&nbsp;&nbsp;&nbsp;ES_WIFI_StartClientConnection
</UL>
<BR>[Called By]<UL><LI><a href="#[6d]">&gt;&gt;</a>&nbsp;&nbsp;&nbsp;net_sock_open_tcp_wifi
</UL>

<P><STRONG><a name="[157]"></a>WIFI_SendData</STRONG> (Thumb, 30 bytes, Stack size 24 bytes, wifi.o(i.WIFI_SendData))
<BR><BR>[Stack]<UL><LI>Max Depth = 108<LI>Call Chain = WIFI_SendData &rArr; ES_WIFI_SendData &rArr; AT_RequestSendData &rArr; strstr
</UL>
<BR>[Calls]<UL><LI><a href="#[120]">&gt;&gt;</a>&nbsp;&nbsp;&nbsp;ES_WIFI_SendData
</UL>
<BR>[Called By]<UL><LI><a href="#[6f]">&gt;&gt;</a>&nbsp;&nbsp;&nbsp;net_sock_send_tcp_wifi
</UL>

<P><STRONG><a name="[158]"></a>__0snprintf</STRONG> (Thumb, 44 bytes, Stack size 32 bytes, printfa.o(i.__0snprintf), UNUSED)
<BR><BR>[Calls]<UL><LI><a href="#[159]">&gt;&gt;</a>&nbsp;&nbsp;&nbsp;_printf_core
</UL>

<P><STRONG><a name="[41b]"></a>__1snprintf</STRONG> (Thumb, 0 bytes, Stack size 32 bytes, printfa.o(i.__0snprintf), UNUSED)

<P><STRONG><a name="[1d3]"></a>__2snprintf</STRONG> (Thumb, 0 bytes, Stack size 32 bytes, printfa.o(i.__0snprintf))
<BR><BR>[Stack]<UL><LI>Max Depth = 32<LI>Call Chain = __2snprintf
</UL>
<BR>[Called By]<UL><LI><a href="#[39b]">&gt;&gt;</a>&nbsp;&nbsp;&nbsp;subscribe_publish_sensor_values
<LI><a href="#[183]">&gt;&gt;</a>&nbsp;&nbsp;&nbsp;mbedtls_x509_crt_info
<LI><a href="#[204]">&gt;&gt;</a>&nbsp;&nbsp;&nbsp;mbedtls_debug_print_mpi
<LI><a href="#[2f4]">&gt;&gt;</a>&nbsp;&nbsp;&nbsp;mbedtls_debug_print_ecp
<LI><a href="#[36e]">&gt;&gt;</a>&nbsp;&nbsp;&nbsp;debug_print_pk
<LI><a href="#[3e0]">&gt;&gt;</a>&nbsp;&nbsp;&nbsp;mbedtls_x509_sig_alg_gets
<LI><a href="#[3df]">&gt;&gt;</a>&nbsp;&nbsp;&nbsp;mbedtls_x509_serial_gets
<LI><a href="#[2ca]">&gt;&gt;</a>&nbsp;&nbsp;&nbsp;mbedtls_x509_key_size_helper
<LI><a href="#[2c0]">&gt;&gt;</a>&nbsp;&nbsp;&nbsp;mbedtls_x509_dn_gets
<LI><a href="#[205]">&gt;&gt;</a>&nbsp;&nbsp;&nbsp;mbedtls_debug_print_ret
<LI><a href="#[3a4]">&gt;&gt;</a>&nbsp;&nbsp;&nbsp;mbedtls_debug_print_crt
<LI><a href="#[202]">&gt;&gt;</a>&nbsp;&nbsp;&nbsp;mbedtls_debug_print_buf
<LI><a href="#[398]">&gt;&gt;</a>&nbsp;&nbsp;&nbsp;mbedtls_x509_crt_verify_info
<LI><a href="#[3e3]">&gt;&gt;</a>&nbsp;&nbsp;&nbsp;x509_info_key_usage
<LI><a href="#[3e2]">&gt;&gt;</a>&nbsp;&nbsp;&nbsp;x509_info_cert_type
<LI><a href="#[61]">&gt;&gt;</a>&nbsp;&nbsp;&nbsp;iot_tls_connect
<LI><a href="#[1d2]">&gt;&gt;</a>&nbsp;&nbsp;&nbsp;http_req_create
<LI><a href="#[d2]">&gt;&gt;</a>&nbsp;&nbsp;&nbsp;mbedtls_net_recv_blocking
</UL>

<P><STRONG><a name="[41c]"></a>__c89snprintf</STRONG> (Thumb, 0 bytes, Stack size 32 bytes, printfa.o(i.__0snprintf), UNUSED)

<P><STRONG><a name="[41d]"></a>snprintf</STRONG> (Thumb, 0 bytes, Stack size 32 bytes, printfa.o(i.__0snprintf), UNUSED)

<P><STRONG><a name="[15a]"></a>__0sprintf</STRONG> (Thumb, 34 bytes, Stack size 24 bytes, printfa.o(i.__0sprintf), UNUSED)
<BR><BR>[Calls]<UL><LI><a href="#[60]">&gt;&gt;</a>&nbsp;&nbsp;&nbsp;_sputc
<LI><a href="#[159]">&gt;&gt;</a>&nbsp;&nbsp;&nbsp;_printf_core
</UL>

<P><STRONG><a name="[41e]"></a>__1sprintf</STRONG> (Thumb, 0 bytes, Stack size 24 bytes, printfa.o(i.__0sprintf), UNUSED)

<P><STRONG><a name="[11b]"></a>__2sprintf</STRONG> (Thumb, 0 bytes, Stack size 24 bytes, printfa.o(i.__0sprintf))
<BR><BR>[Stack]<UL><LI>Max Depth = 24<LI>Call Chain = __2sprintf
</UL>
<BR>[Called By]<UL><LI><a href="#[39b]">&gt;&gt;</a>&nbsp;&nbsp;&nbsp;subscribe_publish_sensor_values
<LI><a href="#[122]">&gt;&gt;</a>&nbsp;&nbsp;&nbsp;ES_WIFI_StopClientConnection
<LI><a href="#[121]">&gt;&gt;</a>&nbsp;&nbsp;&nbsp;ES_WIFI_StartClientConnection
<LI><a href="#[120]">&gt;&gt;</a>&nbsp;&nbsp;&nbsp;ES_WIFI_SendData
<LI><a href="#[11d]">&gt;&gt;</a>&nbsp;&nbsp;&nbsp;ES_WIFI_ReceiveData
<LI><a href="#[153]">&gt;&gt;</a>&nbsp;&nbsp;&nbsp;ES_WIFI_GetNetworkSettings
[...]
<LI><a href="#[168]">&gt;&gt;</a>&nbsp;&nbsp;&nbsp;aws_iot_mqtt_internal_init_header
<LI><a href="#[167]">&gt;&gt;</a>&nbsp;&nbsp;&nbsp;aws_iot_mqtt_internal_get_final_packet_length_from_remaining_length
</UL>
<BR>[Called By]<UL><LI><a href="#[16d]">&gt;&gt;</a>&nbsp;&nbsp;&nbsp;_aws_iot_mqtt_internal_subscribe
<LI><a href="#[193]">&gt;&gt;</a>&nbsp;&nbsp;&nbsp;_aws_iot_mqtt_internal_resubscribe
</UL>

<P><STRONG><a name="[17b]"></a>_aws_iot_mqtt_handle_disconnect</STRONG> (Thumb, 56 bytes, Stack size 16 bytes, aws_iot_mqtt_client_yield.o(i._aws_iot_mqtt_handle_disconnect))
<BR><BR>[Stack]<UL><LI>Max Depth = 104<LI>Call Chain = _aws_iot_mqtt_handle_disconnect &rArr; aws_iot_mqtt_disconnect &rArr; _aws_iot_mqtt_internal_disconnect &rArr; aws_iot_mqtt_internal_send_packet &rArr; has_timer_expired
</UL>
<BR>[Calls]<UL><LI><a href="#[18a]">&gt;&gt;</a>&nbsp;&nbsp;&nbsp;aws_iot_mqtt_disconnect
</UL>
<BR>[Called By]<UL><LI><a href="#[17a]">&gt;&gt;</a>&nbsp;&nbsp;&nbsp;_aws_iot_mqtt_keep_alive
<LI><a href="#[174]">&gt;&gt;</a>&nbsp;&nbsp;&nbsp;_aws_iot_mqtt_internal_yield
</UL>

<P><STRONG><a name="[174]"></a>_aws_iot_mqtt_internal_yield</STRONG> (Thumb, 262 bytes, Stack size 40 bytes, aws_iot_mqtt_client_yield.o(i._aws_iot_mqtt_internal_yield))
<BR><BR>[Stack]<UL><LI>Max Depth = 328<LI>Call Chain = _aws_iot_mqtt_internal_yield &rArr; aws_iot_mqtt_attempt_reconnect &rArr; aws_iot_mqtt_resubscribe &rArr; _aws_iot_mqtt_internal_resubscribe &rArr; aws_iot_mqtt_internal_wait_for_read &rArr; aws_iot_mqtt_internal_cycle_read &rArr; _aws_iot_mqtt_internal_read_packet &rArr; countdown_ms
</UL>
<BR>[Calls]<UL><LI><a href="#[16e]">&gt;&gt;</a>&nbsp;&nbsp;&nbsp;init_timer
<LI><a href="#[177]">&gt;&gt;</a>&nbsp;&nbsp;&nbsp;has_timer_expired
<LI><a href="#[16f]">&gt;&gt;</a>&nbsp;&nbsp;&nbsp;countdown_ms
<LI><a href="#[17a]">&gt;&gt;</a>&nbsp;&nbsp;&nbsp;_aws_iot_mqtt_keep_alive
<LI><a href="#[17b]">&gt;&gt;</a>&nbsp;&nbsp;&nbsp;_aws_iot_mqtt_handle_disconnect
<LI><a href="#[176]">&gt;&gt;</a>&nbsp;&nbsp;&nbsp;aws_iot_mqtt_internal_cycle_read
<LI><a href="#[179]">&gt;&gt;</a>&nbsp;&nbsp;&nbsp;aws_iot_mqtt_set_client_state
<LI><a href="#[175]">&gt;&gt;</a>&nbsp;&nbsp;&nbsp;aws_iot_mqtt_get_client_state
<LI><a href="#[178]">&gt;&gt;</a>&nbsp;&nbsp;&nbsp;aws_iot_mqtt_attempt_reconnect
</UL>
<BR>[Called By]<UL><LI><a href="#[369]">&gt;&gt;</a>&nbsp;&nbsp;&nbsp;aws_iot_mqtt_yield
</UL>

<P><STRONG><a name="[17a]"></a>_aws_iot_mqtt_keep_alive</STRONG> (Thumb, 106 bytes, Stack size 24 bytes, aws_iot_mqtt_client_yield.o(i._aws_iot_mqtt_keep_alive))
<BR><BR>[Stack]<UL><LI>Max Depth = 128<LI>Call Chain = _aws_iot_mqtt_keep_alive &rArr; _aws_iot_mqtt_handle_disconnect &rArr; aws_iot_mqtt_disconnect &rArr; _aws_iot_mqtt_internal_disconnect &rArr; aws_iot_mqtt_internal_send_packet &rArr; has_timer_expired
</UL>
<BR>[Calls]<UL><LI><a href="#[16e]">&gt;&gt;</a>&nbsp;&nbsp;&nbsp;init_timer
<LI><a href="#[177]">&gt;&gt;</a>&nbsp;&nbsp;&nbsp;has_timer_expired
<LI><a href="#[18e]">&gt;&gt;</a>&nbsp;&nbsp;&nbsp;countdown_sec
<LI><a href="#[16f]">&gt;&gt;</a>&nbsp;&nbsp;&nbsp;countdown_ms
<LI><a href="#[17b]">&gt;&gt;</a>&nbsp;&nbsp;&nbsp;_aws_iot_mqtt_handle_disconnect
<LI><a href="#[18f]">&gt;&gt;</a>&nbsp;&nbsp;&nbsp;aws_iot_mqtt_internal_serialize_zero
<LI><a href="#[165]">&gt;&gt;</a>&nbsp;&nbsp;&nbsp;aws_iot_mqtt_internal_send_packet
</UL>
<BR>[Called By]<UL><LI><a href="#[174]">&gt;&gt;</a>&nbsp;&nbsp;&nbsp;_aws_iot_mqtt_internal_yield
</UL>

<P><STRONG><a name="[143]"></a>RCCEx_PLLSAI1_Config</STRONG> (Thumb, 278 bytes, Stack size 24 bytes, stm32l4xx_hal_rcc_ex.o(i.RCCEx_PLLSAI1_Config))
<BR><BR>[Stack]<UL><LI>Max Depth = 24<LI>Call Chain = RCCEx_PLLSAI1_Config
</UL>
<BR>[Calls]<UL><LI><a href="#[132]">&gt;&gt;</a>&nbsp;&nbsp;&nbsp;HAL_GetTick
</UL>
<BR>[Called By]<UL><LI><a href="#[141]">&gt;&gt;</a>&nbsp;&nbsp;&nbsp;HAL_RCCEx_PeriphCLKConfig
</UL>

<P><STRONG><a name="[144]"></a>RCCEx_PLLSAI2_Config</STRONG> (Thumb, 250 bytes, Stack size 24 bytes, stm32l4xx_hal_rcc_ex.o(i.RCCEx_PLLSAI2_Config))
<BR><BR>[Stack]<UL><LI>Max Depth = 24<LI>Call Chain = RCCEx_PLLSAI2_Config
</UL>
<BR>[Calls]<UL><LI><a href="#[132]">&gt;&gt;</a>&nbsp;&nbsp;&nbsp;HAL_GetTick
</UL>
<BR>[Called By]<UL><LI><a href="#[141]">&gt;&gt;</a>&nbsp;&nbsp;&nbsp;HAL_RCCEx_PeriphCLKConfig
</UL>

<P><STRONG><a name="[145]"></a>RCC_SetFlashLatencyFromMSIRange</STRONG> (Thumb, 116 bytes, Stack size 24 bytes, stm32l4xx_hal_rcc.o(i.RCC_SetFlashLatencyFromMSIRange))
<BR><BR>[Stack]<UL><LI>Max Depth = 24<LI>Call Chain = RCC_SetFlashLatencyFromMSIRange
</UL>
<BR>[Calls]<UL><LI><a href="#[146]">&gt;&gt;</a>&nbsp;&nbsp;&nbsp;HAL_PWREx_GetVoltageRange
</UL>
<BR>[Called By]<UL><LI><a href="#[343]">&gt;&gt;</a>&nbsp;&nbsp;&nbsp;HAL_RCC_OscConfig
</UL>

<P><STRONG><a name="[148]"></a>SPI_EndRxTransaction</STRONG> (Thumb, 116 bytes, Stack size 32 bytes, stm32l4xx_hal_spi.o(i.SPI_EndRxTransaction))
<BR><BR>[Stack]<UL><LI>Max Depth = 64<LI>Call Chain = SPI_EndRxTransaction &rArr; SPI_WaitFifoStateUntilTimeout
</UL>
<BR>[Calls]<UL><LI><a href="#[149]">&gt;&gt;</a>&nbsp;&nbsp;&nbsp;SPI_WaitFlagStateUntilTimeout
<LI><a href="#[14a]">&gt;&gt;</a>&nbsp;&nbsp;&nbsp;SPI_WaitFifoStateUntilTimeout
</UL>
<BR>[Called By]<UL><LI><a href="#[14d]">&gt;&gt;</a>&nbsp;&nbsp;&nbsp;HAL_SPI_Receive
</UL>

<P><STRONG><a name="[34c]"></a>SPI_EndRxTxTransaction</STRONG> (Thumb, 72 bytes, Stack size 24 bytes, stm32l4xx_hal_spi.o(i.SPI_EndRxTxTransaction))
<BR><BR>[Stack]<UL><LI>Max Depth = 56<LI>Call Chain = SPI_EndRxTxTransaction &rArr; SPI_WaitFifoStateUntilTimeout
</UL>
<BR>[Calls]<UL><LI><a href="#[149]">&gt;&gt;</a>&nbsp;&nbsp;&nbsp;SPI_WaitFlagStateUntilTimeout
<LI><a href="#[14a]">&gt;&gt;</a>&nbsp;&nbsp;&nbsp;SPI_WaitFifoStateUntilTimeout
</UL>
<BR>[Called By]<UL><LI><a href="#[34a]">&gt;&gt;</a>&nbsp;&nbsp;&nbsp;HAL_SPI_TransmitReceive
<LI><a href="#[34b]">&gt;&gt;</a>&nbsp;&nbsp;&nbsp;HAL_SPI_Transmit
</UL>

<P><STRONG><a name="[14a]"></a>SPI_WaitFifoStateUntilTimeout</STRONG> (Thumb, 158 bytes, Stack size 32 bytes, stm32l4xx_hal_spi.o(i.SPI_WaitFifoStateUntilTimeout))
<BR><BR>[Stack]<UL><LI>Max Depth = 32<LI>Call Chain = SPI_WaitFifoStateUntilTimeout
</UL>
<BR>[Calls]<UL><LI><a href="#[132]">&gt;&gt;</a>&nbsp;&nbsp;&nbsp;HAL_GetTick
</UL>
<BR>[Called By]<UL><LI><a href="#[34c]">&gt;&gt;</a>&nbsp;&nbsp;&nbsp;SPI_EndRxTxTransaction
<LI><a href="#[148]">&gt;&gt;</a>&nbsp;&nbsp;&nbsp;SPI_EndRxTransaction
</UL>

<P><STRONG><a name="[149]"></a>SPI_WaitFlagStateUntilTimeout</STRONG> (Thumb, 148 bytes, Stack size 24 bytes, stm32l4xx_hal_spi.o(i.SPI_WaitFlagStateUntilTimeout))
<BR><BR>[Stack]<UL><LI>Max Depth = 24<LI>Call Chain = SPI_WaitFlagStateUntilTimeout
</UL>
<BR>[Calls]<UL><LI><a href="#[132]">&gt;&gt;</a>&nbsp;&nbsp;&nbsp;HAL_GetTick
</UL>
<BR>[Called By]<UL><LI><a href="#[34a]">&gt;&gt;</a>&nbsp;&nbsp;&nbsp;HAL_SPI_TransmitReceive
<LI><a href="#[14d]">&gt;&gt;</a>&nbsp;&nbsp;&nbsp;HAL_SPI_Receive
<LI><a href="#[34c]">&gt;&gt;</a>&nbsp;&nbsp;&nbsp;SPI_EndRxTxTransaction
<LI><a href="#[148]">&gt;&gt;</a>&nbsp;&nbsp;&nbsp;SPI_EndRxTransaction
</UL>

<P><STRONG><a name="[339]"></a>FLASH_MassErase</STRONG> (Thumb, 36 bytes, Stack size 0 bytes, stm32l4xx_hal_flash_ex.o(i.FLASH_MassErase))
<BR><BR>[Called By]<UL><LI><a href="#[338]">&gt;&gt;</a>&nbsp;&nbsp;&nbsp;HAL_FLASHEx_Erase
</UL>

<P><STRONG><a name="[33c]"></a>FLASH_OB_GetPCROP</STRONG> (Thumb, 126 bytes, Stack size 20 bytes, stm32l4xx_hal_flash_ex.o(i.FLASH_OB_GetPCROP))
<BR><BR>[Stack]<UL><LI>Max Depth = 20<LI>Call Chain = FLASH_OB_GetPCROP
</UL>
<BR>[Called By]<UL><LI><a href="#[334]">&gt;&gt;</a>&nbsp;&nbsp;&nbsp;HAL_FLASHEx_OBGetConfig
</UL>

<P><STRONG><a name="[126]"></a>FLASH_OB_PCROPConfig</STRONG> (Thumb, 186 bytes, Stack size 24 bytes, stm32l4xx_hal_flash_ex.o(i.FLASH_OB_PCROPConfig))
<BR><BR>[Stack]<UL><LI>Max Depth = 40<LI>Call Chain = FLASH_OB_PCROPConfig &rArr; FLASH_WaitForLastOperation
</UL>
<BR>[Calls]<UL><LI><a href="#[127]">&gt;&gt;</a>&nbsp;&nbsp;&nbsp;FLASH_WaitForLastOperation
</UL>
<BR>[Called By]<UL><LI><a href="#[335]">&gt;&gt;</a>&nbsp;&nbsp;&nbsp;HAL_FLASHEx_OBProgram
</UL>

<P><STRONG><a name="[32e]"></a>FLASH_OB_UserConfig</STRONG> (Thumb, 242 bytes, Stack size 24 bytes, stm32l4xx_hal_flash_ex.o(i.FLASH_OB_UserConfig))
<BR><BR>[Stack]<UL><LI>Max Depth = 40<LI>Call Chain = FLASH_OB_UserConfig &rArr; FLASH_WaitForLastOperation
</UL>
<BR>[Calls]<UL><LI><a href="#[127]">&gt;&gt;</a>&nbsp;&nbsp;&nbsp;FLASH_WaitForLastOperation
</UL>
<BR>[Called By]<UL><LI><a href="#[335]">&gt;&gt;</a>&nbsp;&nbsp;&nbsp;HAL_FLASHEx_OBProgram
</UL>

<P><STRONG><a name="[32f]"></a>FLASH_OB_WRPConfig</STRONG> (Thumb, 118 bytes, Stack size 24 bytes, stm32l4xx_hal_flash_ex.o(i.FLASH_OB_WRPConfig))
<BR><BR>[Stack]<UL><LI>Max Depth = 40<LI>Call Chain = FLASH_OB_WRPConfig &rArr; FLASH_WaitForLastOperation
</UL>
<BR>[Calls]<UL><LI><a href="#[127]">&gt;&gt;</a>&nbsp;&nbsp;&nbsp;FLASH_WaitForLastOperation
</UL>
<BR>[Called By]<UL><LI><a href="#[335]">&gt;&gt;</a>&nbsp;&nbsp;&nbsp;HAL_FLASHEx_OBProgram
</UL>

<P><STRONG><a name="[130]"></a>NVIC_SetPriority</STRONG> (Thumb, 32 bytes, Stack size 0 bytes, stm32l4xx_hal_cortex.o(i.NVIC_SetPriority))
<BR><BR>[Called By]<UL><LI><a href="#[12f]">&gt;&gt;</a>&nbsp;&nbsp;&nbsp;HAL_NVIC_SetPriority
<LI><a href="#[342]">&gt;&gt;</a>&nbsp;&nbsp;&nbsp;HAL_SYSTICK_Config
</UL>

<P><STRONG><a name="[33d]"></a>FLASH_Program_DoubleWord</STRONG> (Thumb, 18 bytes, Stack size 8 bytes, stm32l4xx_hal_flash.o(i.FLASH_Program_DoubleWord))
<BR><BR>[Stack]<UL><LI>Max Depth = 8<LI>Call Chain = FLASH_Program_DoubleWord
</UL>
<BR>[Called By]<UL><LI><a href="#[12b]">&gt;&gt;</a>&nbsp;&nbsp;&nbsp;HAL_FLASH_Program
</UL>

<P><STRONG><a name="[33e]"></a>FLASH_Program_Fast</STRONG> (Thumb, 32 bytes, Stack size 8 bytes, stm32l4xx_hal_flash.o(i.FLASH_Program_Fast))
<BR><BR>[Stack]<UL><LI>Max Depth = 8<LI>Call Chain = FLASH_Program_Fast
</UL>
<BR>[Called By]<UL><LI><a href="#[12b]">&gt;&gt;</a>&nbsp;&nbsp;&nbsp;HAL_FLASH_Program
</UL>

<P><STRONG><a name="[330]"></a>FLASH_SetErrorCode</STRONG> (Thumb, 174 bytes, Stack size 0 bytes, stm32l4xx_hal_flash.o(i.FLASH_SetErrorCode))
<BR><BR>[Called By]<UL><LI><a href="#[127]">&gt;&gt;</a>&nbsp;&nbsp;&nbsp;FLASH_WaitForLastOperation
</UL>

<P><STRONG><a name="[2e5]"></a>getWordFromArray</STRONG> (Thumb, 20 bytes, Stack size 0 bytes, rfu.o(i.getWordFromArray))
<BR><BR>[Called By]<UL><LI><a href="#[2e4]">&gt;&gt;</a>&nbsp;&nbsp;&nbsp;print_fileheader
<LI><a href="#[3f6]">&gt;&gt;</a>&nbsp;&nbsp;&nbsp;rfu_update
</UL>

<P><STRONG><a name="[2e4]"></a>print_fileheader</STRONG> (Thumb, 70 bytes, Stack size 8 bytes, rfu.o(i.print_fileheader))
<BR><BR>[Stack]<UL><LI>Max Depth = 32<LI>Call Chain = print_fileheader &rArr; __2printf
</UL>
<BR>[Calls]<UL><LI><a href="#[2e5]">&gt;&gt;</a>&nbsp;&nbsp;&nbsp;getWordFromArray
<LI><a href="#[113]">&gt;&gt;</a>&nbsp;&nbsp;&nbsp;__2printf
</UL>
<BR>[Called By]<UL><LI><a href="#[3f6]">&gt;&gt;</a>&nbsp;&nbsp;&nbsp;rfu_update
</UL>

<P><STRONG><a name="[3f7]"></a>sum_update</STRONG> (Thumb, 22 bytes, Stack size 12 bytes, rfu.o(i.sum_update))
<BR><BR>[Stack]<UL><LI>Max Depth = 12<LI>Call Chain = sum_update
</UL>
<BR>[Called By]<UL><LI><a href="#[3f6]">&gt;&gt;</a>&nbsp;&nbsp;&nbsp;rfu_update
</UL>

<P><STRONG><a name="[1d8]"></a>internal_close</STRONG> (Thumb, 78 bytes, Stack size 8 bytes, net_tls_mbedtls.o(i.internal_close))
<BR><BR>[Stack]<UL><LI>Max Depth = 592<LI>Call Chain = internal_close &rArr; mbedtls_ssl_free &rArr; mbedtls_debug_print_msg &rArr; vsnprintf
</UL>
<BR>[Calls]<UL><LI><a href="#[1de]">&gt;&gt;</a>&nbsp;&nbsp;&nbsp;mbedtls_ctr_drbg_free
<LI><a href="#[1da]">&gt;&gt;</a>&nbsp;&nbsp;&nbsp;mbedtls_pk_free
<LI><a href="#[1d9]">&gt;&gt;</a>&nbsp;&nbsp;&nbsp;mbedtls_x509_crt_free
<LI><a href="#[1dc]">&gt;&gt;</a>&nbsp;&nbsp;&nbsp;mbedtls_ssl_free
<LI><a href="#[1dd]">&gt;&gt;</a>&nbsp;&nbsp;&nbsp;mbedtls_ssl_config_free
<LI><a href="#[1db]">&gt;&gt;</a>&nbsp;&nbsp;&nbsp;mbedtls_x509_crl_free
<LI><a href="#[1df]">&gt;&gt;</a>&nbsp;&nbsp;&nbsp;mbedtls_entropy_free
</UL>
<BR>[Called By]<UL><LI><a href="#[68]">&gt;&gt;</a>&nbsp;&nbsp;&nbsp;net_sock_open_mbedtls
<LI><a href="#[6b]">&gt;&gt;</a>&nbsp;&nbsp;&nbsp;net_sock_close_mbedtls
</UL>

<P><STRONG><a name="[d1]"></a>my_debug</STRONG> (Thumb, 14 bytes, Stack size 8 bytes, net_tls_mbedtls.o(i.my_debug))
<BR><BR>[Stack]<UL><LI>Max Depth = 32<LI>Call Chain = my_debug &rArr; __2fprintf
</UL>
<BR>[Calls]<UL><LI><a href="#[2ce]">&gt;&gt;</a>&nbsp;&nbsp;&nbsp;__2fprintf
</UL>
<BR>[Address Reference Count : 1]<UL><LI> net_tls_mbedtls.o(i.net_sock_open_mbedtls)
</UL>
<P><STRONG><a name="[107]"></a>AT_ExecuteCommand</STRONG> (Thumb, 94 bytes, Stack size 16 bytes, es_wifi.o(i.AT_ExecuteCommand))
<BR><BR>[Stack]<UL><LI>Max Depth = 28<LI>Call Chain = AT_ExecuteCommand &rArr; strstr
</UL>
<BR>[Calls]<UL><LI><a href="#[108]">&gt;&gt;</a>&nbsp;&nbsp;&nbsp;strlen
<LI><a href="#[109]">&gt;&gt;</a>&nbsp;&nbsp;&nbsp;strstr
</UL>
<BR>[Called By]<UL><LI><a href="#[122]">&gt;&gt;</a>&nbsp;&nbsp;&nbsp;ES_WIFI_StopClientConnection
<LI><a href="#[121]">&gt;&gt;</a>&nbsp;&nbsp;&nbsp;ES_WIFI_StartClientConnection
<LI><a href="#[120]">&gt;&gt;</a>&nbsp;&nbsp;&nbsp;ES_WIFI_SendData
<LI><a href="#[11d]">&gt;&gt;</a>&nbsp;&nbsp;&nbsp;ES_WIFI_ReceiveData
<LI><a href="#[11c]">&gt;&gt;</a>&nbsp;&nbsp;&nbsp;ES_WIFI_Init
<LI><a href="#[153]">&gt;&gt;</a>&nbsp;&nbsp;&nbsp;ES_WIFI_GetNetworkSettings
<LI><a href="#[32c]">&gt;&gt;</a>&nbsp;&nbsp;&nbsp;ES_WIFI_GetMACAddress
<LI><a href="#[32b]">&gt;&gt;</a>&nbsp;&nbsp;&nbsp;ES_WIFI_DNS_LookUp
<LI><a href="#[11a]">&gt;&gt;</a>&nbsp;&nbsp;&nbsp;ES_WIFI_Connect
</UL>

<P><STRONG><a name="[10a]"></a>AT_ParseConnSettings</STRONG> (Thumb, 186 bytes, Stack size 16 bytes, es_wifi.o(i.AT_ParseConnSettings))
<BR><BR>[Stack]<UL><LI>Max Depth = 60<LI>Call Chain = AT_ParseConnSettings &rArr; ParseIP &rArr; ParseNumber
</UL>
<BR>[Calls]<UL><LI><a href="#[10b]">&gt;&gt;</a>&nbsp;&nbsp;&nbsp;strtok
<LI><a href="#[10c]">&gt;&gt;</a>&nbsp;&nbsp;&nbsp;strncpy
<LI><a href="#[10d]">&gt;&gt;</a>&nbsp;&nbsp;&nbsp;ParseNumber
<LI><a href="#[10e]">&gt;&gt;</a>&nbsp;&nbsp;&nbsp;ParseIP
</UL>
<BR>[Called By]<UL><LI><a href="#[153]">&gt;&gt;</a>&nbsp;&nbsp;&nbsp;ES_WIFI_GetNetworkSettings
</UL>

<P><STRONG><a name="[10f]"></a>AT_ParseInfo</STRONG> (Thumb, 128 bytes, Stack size 16 bytes, es_wifi.o(i.AT_ParseInfo))
<BR><BR>[Stack]<UL><LI>Max Depth = 36<LI>Call Chain = AT_ParseInfo &rArr; ParseNumber
</UL>
<BR>[Calls]<UL><LI><a href="#[10b]">&gt;&gt;</a>&nbsp;&nbsp;&nbsp;strtok
<LI><a href="#[10c]">&gt;&gt;</a>&nbsp;&nbsp;&nbsp;strncpy
<LI><a href="#[10d]">&gt;&gt;</a>&nbsp;&nbsp;&nbsp;ParseNumber
</UL>
<BR>[Called By]<UL><LI><a href="#[11c]">&gt;&gt;</a>&nbsp;&nbsp;&nbsp;ES_WIFI_Init
</UL>

<P><STRONG><a name="[110]"></a>AT_RequestSendData</STRONG> (Thumb, 118 bytes, Stack size 32 bytes, es_wifi.o(i.AT_RequestSendData))
<BR><BR>[Stack]<UL><LI>Max Depth = 44<LI>Call Chain = AT_RequestSendData &rArr; strstr
</UL>
<BR>[Calls]<UL><LI><a href="#[108]">&gt;&gt;</a>&nbsp;&nbsp;&nbsp;strlen
<LI><a href="#[109]">&gt;&gt;</a>&nbsp;&nbsp;&nbsp;strstr
</UL>
<BR>[Called By]<UL><LI><a href="#[120]">&gt;&gt;</a>&nbsp;&nbsp;&nbsp;ES_WIFI_SendData
</UL>

<P><STRONG><a name="[10e]"></a>ParseIP</STRONG> (Thumb, 50 bytes, Stack size 24 bytes, es_wifi.o(i.ParseIP))
<BR><BR>[Stack]<UL><LI>Max Depth = 44<LI>Call Chain = ParseIP &rArr; ParseNumber
</UL>
<BR>[Calls]<UL><LI><a href="#[10d]">&gt;&gt;</a>&nbsp;&nbsp;&nbsp;ParseNumber
</UL>
<BR>[Called By]<UL><LI><a href="#[32b]">&gt;&gt;</a>&nbsp;&nbsp;&nbsp;ES_WIFI_DNS_LookUp
<LI><a href="#[10a]">&gt;&gt;</a>&nbsp;&nbsp;&nbsp;AT_ParseConnSettings
</UL>

<P><STRONG><a name="[32d]"></a>ParseMAC</STRONG> (Thumb, 134 bytes, Stack size 24 bytes, es_wifi.o(i.ParseMAC))
<BR><BR>[Stack]<UL><LI>Max Depth = 24<LI>Call Chain = ParseMAC
</UL>
<BR>[Called By]<UL><LI><a href="#[32c]">&gt;&gt;</a>&nbsp;&nbsp;&nbsp;ES_WIFI_GetMACAddress
</UL>

<P><STRONG><a name="[10d]"></a>ParseNumber</STRONG> (Thumb, 66 bytes, Stack size 20 bytes, es_wifi.o(i.ParseNumber))
<BR><BR>[Stack]<UL><LI>Max Depth = 20<LI>Call Chain = ParseNumber
</UL>
<BR>[Called By]<UL><LI><a href="#[10e]">&gt;&gt;</a>&nbsp;&nbsp;&nbsp;ParseIP
<LI><a href="#[10f]">&gt;&gt;</a>&nbsp;&nbsp;&nbsp;AT_ParseInfo
<LI><a href="#[10a]">&gt;&gt;</a>&nbsp;&nbsp;&nbsp;AT_ParseConnSettings
</UL>

<P><STRONG><a name="[11f]"></a>ReceiveLongDataLen</STRONG> (Thumb, 174 bytes, Stack size 32 bytes, es_wifi.o(i.ReceiveLongDataLen))
<BR><BR>[Stack]<UL><LI>Max Depth = 44<LI>Call Chain = ReceiveLongDataLen &rArr; memcmp
</UL>
<BR>[Calls]<UL><LI><a href="#[147]">&gt;&gt;</a>&nbsp;&nbsp;&nbsp;memcmp
<LI><a href="#[109]">&gt;&gt;</a>&nbsp;&nbsp;&nbsp;strstr
</UL>
<BR>[Called By]<UL><LI><a href="#[11d]">&gt;&gt;</a>&nbsp;&nbsp;&nbsp;ES_WIFI_ReceiveData
</UL>

<P><STRONG><a name="[11e]"></a>ReceiveShortDataLen</STRONG> (Thumb, 114 bytes, Stack size 32 bytes, es_wifi.o(i.ReceiveShortDataLen))
<BR><BR>[Stack]<UL><LI>Max Depth = 44<LI>Call Chain = ReceiveShortDataLen &rArr; strstr
</UL>
<BR>[Calls]<UL><LI><a href="#[109]">&gt;&gt;</a>&nbsp;&nbsp;&nbsp;strstr
<LI><a href="#[128]">&gt;&gt;</a>&nbsp;&nbsp;&nbsp;__aeabi_memcpy
</UL>
<BR>[Called By]<UL><LI><a href="#[11d]">&gt;&gt;</a>&nbsp;&nbsp;&nbsp;ES_WIFI_ReceiveData
</UL>

<P><STRONG><a name="[17c]"></a>_fp_digits</STRONG> (Thumb, 366 bytes, Stack size 64 bytes, printfa.o(i._fp_digits), UNUSED)
<BR><BR>[Calls]<UL><LI><a href="#[17d]">&gt;&gt;</a>&nbsp;&nbsp;&nbsp;__aeabi_dmul
<LI><a href="#[17e]">&gt;&gt;</a>&nbsp;&nbsp;&nbsp;__aeabi_ddiv
<LI><a href="#[180]">&gt;&gt;</a>&nbsp;&nbsp;&nbsp;__aeabi_dadd
<LI><a href="#[181]">&gt;&gt;</a>&nbsp;&nbsp;&nbsp;__aeabi_d2ulz
<LI><a href="#[17f]">&gt;&gt;</a>&nbsp;&nbsp;&nbsp;__aeabi_cdrcmple
<LI><a href="#[182]">&gt;&gt;</a>&nbsp;&nbsp;&nbsp;__aeabi_uldivmod
</UL>
<BR>[Called By]<UL><LI><a href="#[159]">&gt;&gt;</a>&nbsp;&nbsp;&nbsp;_printf_core
</UL>

<P><STRONG><a name="[159]"></a>_printf_core</STRONG> (Thumb, 1744 bytes, Stack size 136 bytes, printfa.o(i._printf_core), UNUSED)
<BR><BR>[Calls]<UL><LI><a href="#[364]">&gt;&gt;</a>&nbsp;&nbsp;&nbsp;_printf_pre_padding
<LI><a href="#[365]">&gt;&gt;</a>&nbsp;&nbsp;&nbsp;_printf_post_padding
<LI><a href="#[17c]">&gt;&gt;</a>&nbsp;&nbsp;&nbsp;_fp_digits
<LI><a href="#[182]">&gt;&gt;</a>&nbsp;&nbsp;&nbsp;__aeabi_uldivmod
<LI><a href="#[366]">&gt;&gt;</a>&nbsp;&nbsp;&nbsp;__aeabi_uidivmod
</UL>
<BR>[Called By]<UL><LI><a href="#[15b]">&gt;&gt;</a>&nbsp;&nbsp;&nbsp;__0vsnprintf
<LI><a href="#[15a]">&gt;&gt;</a>&nbsp;&nbsp;&nbsp;__0sprintf
<LI><a href="#[158]">&gt;&gt;</a>&nbsp;&nbsp;&nbsp;__0snprintf
<LI><a href="#[35f]">&gt;&gt;</a>&nbsp;&nbsp;&nbsp;__0printf
<LI><a href="#[35e]">&gt;&gt;</a>&nbsp;&nbsp;&nbsp;__0fprintf
</UL>

<P><STRONG><a name="[365]"></a>_printf_post_padding</STRONG> (Thumb, 36 bytes, Stack size 24 bytes, printfa.o(i._printf_post_padding), UNUSED)
<BR><BR>[Called By]<UL><LI><a href="#[159]">&gt;&gt;</a>&nbsp;&nbsp;&nbsp;_printf_core
</UL>

<P><STRONG><a name="[364]"></a>_printf_pre_padding</STRONG> (Thumb, 46 bytes, Stack size 24 bytes, printfa.o(i._printf_pre_padding), UNUSED)
<BR><BR>[Called By]<UL><LI><a href="#[159]">&gt;&gt;</a>&nbsp;&nbsp;&nbsp;_printf_core
</UL>

<P><STRONG><a name="[5f]"></a>_snputc</STRONG> (Thumb, 22 bytes, Stack size 0 bytes, printfa.o(i._snputc))
<BR>[Address Reference Count : 2]<UL><LI> printfa.o(i.__0snprintf)
<LI> printfa.o(i.__0vsnprintf)
</UL>
<P><STRONG><a name="[60]"></a>_sputc</STRONG> (Thumb, 10 bytes, Stack size 0 bytes, printfa.o(i._sputc))
<BR><BR>[Called By]<UL><LI><a href="#[15a]">&gt;&gt;</a>&nbsp;&nbsp;&nbsp;__0sprintf
</UL>
<BR>[Address Reference Count : 1]<UL><LI> printfa.o(i.__0sprintf)
</UL>
<P><STRONG><a name="[b1]"></a>_scanf_char_input</STRONG> (Thumb, 12 bytes, Stack size 0 bytes, scanf_char.o(.text))
<BR>[Address Reference Count : 1]<UL><LI> scanf_char.o(.text)
</UL><P>
<H3>
Undefined Global Symbols
</H3><HR></body></html>
