20:45:07 **** Incremental Build of configuration Debug for project B-L475E-IOT01 ****
make all 
Building file: C:/Users/Justin Stadlbauer/Documents/Spring 2018/IoT/Cube - IOT - AWS/STM32CubeExpansion_Cloud_AWS_V1.1.0/Projects/B-L475E-IOT01/Applications/Cloud/AWS/Src/main.c
Invoking: MCU GCC Compiler
C:\Users\Justin Stadlbauer\Documents\Spring 2018\IoT\Cube - IOT - AWS\STM32CubeExpansion_Cloud_AWS_V1.1.0\Projects\B-L475E-IOT01\Applications\Cloud\AWS\SW4STM32\B-L475E-IOT01\Debug
arm-none-eabi-gcc -mcpu=cortex-m4 -mthumb -mfloat-abi=hard -mfpu=fpv4-sp-d16 -DSTM32L475xx -DUSE_HAL_DRIVER -DSENSOR '-DMBEDTLS_CONFIG_FILE=<aws_mbedtls_config.h>' -DENABLE_IOT_INFO -DENABLE_IOT_ERROR -DENABLE_IOT_WARNING -DUSE_MBED_TLS -DAWS -DUSE_WIFI -I"C:/Users/Justin Stadlbauer/Documents/Spring 2018/IoT/Cube - IOT - AWS/STM32CubeExpansion_Cloud_AWS_V1.1.0/Projects/B-L475E-IOT01/Applications/Cloud/AWS/Inc" -I"C:/Users/Justin Stadlbauer/Documents/Spring 2018/IoT/Cube - IOT - AWS/STM32CubeExpansion_Cloud_AWS_V1.1.0/Drivers/CMSIS/Device/ST/STM32L4xx/Include" -I"C:/Users/Justin Stadlbauer/Documents/Spring 2018/IoT/Cube - IOT - AWS/STM32CubeExpansion_Cloud_AWS_V1.1.0/Drivers/CMSIS/Include" -I"C:/Users/Justin Stadlbauer/Documents/Spring 2018/IoT/Cube - IOT - AWS/STM32CubeExpansion_Cloud_AWS_V1.1.0/Drivers/STM32L4xx_HAL_Driver/Inc" -I"C:/Users/Justin Stadlbauer/Documents/Spring 2018/IoT/Cube - IOT - AWS/STM32CubeExpansion_Cloud_AWS_V1.1.0/Drivers/BSP/B-L475E-IOT01" -I"C:/Users/Justin Stadlbauer/Documents/Spring 2018/IoT/Cube - IOT - AWS/STM32CubeExpansion_Cloud_AWS_V1.1.0/Projects/Common/AWS/Inc" -I"C:/Users/Justin Stadlbauer/Documents/Spring 2018/IoT/Cube - IOT - AWS/STM32CubeExpansion_Cloud_AWS_V1.1.0/Projects/Common/Shared/Inc" -I"C:/Users/Justin Stadlbauer/Documents/Spring 2018/IoT/Cube - IOT - AWS/STM32CubeExpansion_Cloud_AWS_V1.1.0/Middlewares/Third_Party/AWS/include" -I"C:/Users/Justin Stadlbauer/Documents/Spring 2018/IoT/Cube - IOT - AWS/STM32CubeExpansion_Cloud_AWS_V1.1.0/Middlewares/Third_Party/mbedTLS/include" -I"C:/Users/Justin Stadlbauer/Documents/Spring 2018/IoT/Cube - IOT - AWS/STM32CubeExpansion_Cloud_AWS_V1.1.0/Drivers/BSP/Components/es_wifi" -I"C:/Users/Justin Stadlbauer/Documents/Spring 2018/IoT/Cube - IOT - AWS/STM32CubeExpansion_Cloud_AWS_V1.1.0/Drivers/BSP/Components/hts221" -I"C:/Users/Justin Stadlbauer/Documents/Spring 2018/IoT/Cube - IOT - AWS/STM32CubeExpansion_Cloud_AWS_V1.1.0/Drivers/BSP/Components/lis3mdl" -I"C:/Users/Justin Stadlbauer/Documents/Spring 2018/IoT/Cube - IOT - AWS/STM32CubeExpansion_Cloud_AWS_V1.1.0/Drivers/BSP/Components/lps22hb" -I"C:/Users/Justin Stadlbauer/Documents/Spring 2018/IoT/Cube - IOT - AWS/STM32CubeExpansion_Cloud_AWS_V1.1.0/Drivers/BSP/Components/lsm6dsl" -I"C:/Users/Justin Stadlbauer/Documents/Spring 2018/IoT/Cube - IOT - AWS/STM32CubeExpansion_Cloud_AWS_V1.1.0/Drivers/BSP/Components/vl53l0x"  -Os -g3 -Wall -fmessage-length=0 -ffunction-sections -c -fmessage-length=0 -MMD -MP -MF"Application/User/main.d" -MT"Application/User/main.o" -o "Application/User/main.o" "C:/Users/Justin Stadlbauer/Documents/Spring 2018/IoT/Cube - IOT - AWS/STM32CubeExpansion_Cloud_AWS_V1.1.0/Projects/B-L475E-IOT01/Applications/Cloud/AWS/Src/main.c"
Finished building: C:/Users/Justin Stadlbauer/Documents/Spring 2018/IoT/Cube - IOT - AWS/STM32CubeExpansion_Cloud_AWS_V1.1.0/Projects/B-L475E-IOT01/Applications/Cloud/AWS/Src/main.c
 
Building file: C:/Users/Justin Stadlbauer/Documents/Spring 2018/IoT/Cube - IOT - AWS/STM32CubeExpansion_Cloud_AWS_V1.1.0/Projects/B-L475E-IOT01/Applications/Cloud/AWS/Src/stm32l4xx_hal_msp.c
Invoking: MCU GCC Compiler
C:\Users\Justin Stadlbauer\Documents\Spring 2018\IoT\Cube - IOT - AWS\STM32CubeExpansion_Cloud_AWS_V1.1.0\Projects\B-L475E-IOT01\Applications\Cloud\AWS\SW4STM32\B-L475E-IOT01\Debug
arm-none-eabi-gcc -mcpu=cortex-m4 -mthumb -mfloat-abi=hard -mfpu=fpv4-sp-d16 -DSTM32L475xx -DUSE_HAL_DRIVER -DSENSOR '-DMBEDTLS_CONFIG_FILE=<aws_mbedtls_config.h>' -DENABLE_IOT_INFO -DENABLE_IOT_ERROR -DENABLE_IOT_WARNING -DUSE_MBED_TLS -DAWS -DUSE_WIFI -I"C:/Users/Justin Stadlbauer/Documents/Spring 2018/IoT/Cube - IOT - AWS/STM32CubeExpansion_Cloud_AWS_V1.1.0/Projects/B-L475E-IOT01/Applications/Cloud/AWS/Inc" -I"C:/Users/Justin Stadlbauer/Documents/Spring 2018/IoT/Cube - IOT - AWS/STM32CubeExpansion_Cloud_AWS_V1.1.0/Drivers/CMSIS/Device/ST/STM32L4xx/Include" -I"C:/Users/Justin Stadlbauer/Documents/Spring 2018/IoT/Cube - IOT - AWS/STM32CubeExpansion_Cloud_AWS_V1.1.0/Drivers/CMSIS/Include" -I"C:/Users/Justin Stadlbauer/Documents/Spring 2018/IoT/Cube - IOT - AWS/STM32CubeExpansion_Cloud_AWS_V1.1.0/Drivers/STM32L4xx_HAL_Driver/Inc" -I"C:/Users/Justin Stadlbauer/Documents/Spring 2018/IoT/Cube - IOT - AWS/STM32CubeExpansion_Cloud_AWS_V1.1.0/Drivers/BSP/B-L475E-IOT01" -I"C:/Users/Justin Stadlbauer/Documents/Spring 2018/IoT/Cube - IOT - AWS/STM32CubeExpansion_Cloud_AWS_V1.1.0/Projects/Common/AWS/Inc" -I"C:/Users/Justin Stadlbauer/Documents/Spring 2018/IoT/Cube - IOT - AWS/STM32CubeExpansion_Cloud_AWS_V1.1.0/Projects/Common/Shared/Inc" -I"C:/Users/Justin Stadlbauer/Documents/Spring 2018/IoT/Cube - IOT - AWS/STM32CubeExpansion_Cloud_AWS_V1.1.0/Middlewares/Third_Party/AWS/include" -I"C:/Users/Justin Stadlbauer/Documents/Spring 2018/IoT/Cube - IOT - AWS/STM32CubeExpansion_Cloud_AWS_V1.1.0/Middlewares/Third_Party/mbedTLS/include" -I"C:/Users/Justin Stadlbauer/Documents/Spring 2018/IoT/Cube - IOT - AWS/STM32CubeExpansion_Cloud_AWS_V1.1.0/Drivers/BSP/Components/es_wifi" -I"C:/Users/Justin Stadlbauer/Documents/Spring 2018/IoT/Cube - IOT - AWS/STM32CubeExpansion_Cloud_AWS_V1.1.0/Drivers/BSP/Components/hts221" -I"C:/Users/Justin Stadlbauer/Documents/Spring 2018/IoT/Cube - IOT - AWS/STM32CubeExpansion_Cloud_AWS_V1.1.0/Drivers/BSP/Components/lis3mdl" -I"C:/Users/Justin Stadlbauer/Documents/Spring 2018/IoT/Cube - IOT - AWS/STM32CubeExpansion_Cloud_AWS_V1.1.0/Drivers/BSP/Components/lps22hb" -I"C:/Users/Justin Stadlbauer/Documents/Spring 2018/IoT/Cube - IOT - AWS/STM32CubeExpansion_Cloud_AWS_V1.1.0/Drivers/BSP/Components/lsm6dsl" -I"C:/Users/Justin Stadlbauer/Documents/Spring 2018/IoT/Cube - IOT - AWS/STM32CubeExpansion_Cloud_AWS_V1.1.0/Drivers/BSP/Components/vl53l0x"  -Os -g3 -Wall -fmessage-length=0 -ffunction-sections -c -fmessage-length=0 -MMD -MP -MF"Application/User/stm32l4xx_hal_msp.d" -MT"Application/User/stm32l4xx_hal_msp.o" -o "Application/User/stm32l4xx_hal_msp.o" "C:/Users/Justin Stadlbauer/Documents/Spring 2018/IoT/Cube - IOT - AWS/STM32CubeExpansion_Cloud_AWS_V1.1.0/Projects/B-L475E-IOT01/Applications/Cloud/AWS/Src/stm32l4xx_hal_msp.c"
Finished building: C:/Users/Justin Stadlbauer/Documents/Spring 2018/IoT/Cube - IOT - AWS/STM32CubeExpansion_Cloud_AWS_V1.1.0/Projects/B-L475E-IOT01/Applications/Cloud/AWS/Src/stm32l4xx_hal_msp.c
 
Building file: C:/Users/Justin Stadlbauer/Documents/Spring 2018/IoT/Cube - IOT - AWS/STM32CubeExpansion_Cloud_AWS_V1.1.0/Projects/Common/Shared/Src/STM32CubeRTCInterface.c
Invoking: MCU GCC Compiler
C:\Users\Justin Stadlbauer\Documents\Spring 2018\IoT\Cube - IOT - AWS\STM32CubeExpansion_Cloud_AWS_V1.1.0\Projects\B-L475E-IOT01\Applications\Cloud\AWS\SW4STM32\B-L475E-IOT01\Debug
arm-none-eabi-gcc -mcpu=cortex-m4 -mthumb -mfloat-abi=hard -mfpu=fpv4-sp-d16 -DSTM32L475xx -DUSE_HAL_DRIVER -DSENSOR '-DMBEDTLS_CONFIG_FILE=<aws_mbedtls_config.h>' -DENABLE_IOT_INFO -DENABLE_IOT_ERROR -DENABLE_IOT_WARNING -DUSE_MBED_TLS -DAWS -DUSE_WIFI -I"C:/Users/Justin Stadlbauer/Documents/Spring 2018/IoT/Cube - IOT - AWS/STM32CubeExpansion_Cloud_AWS_V1.1.0/Projects/B-L475E-IOT01/Applications/Cloud/AWS/Inc" -I"C:/Users/Justin Stadlbauer/Documents/Spring 2018/IoT/Cube - IOT - AWS/STM32CubeExpansion_Cloud_AWS_V1.1.0/Drivers/CMSIS/Device/ST/STM32L4xx/Include" -I"C:/Users/Justin Stadlbauer/Documents/Spring 2018/IoT/Cube - IOT - AWS/STM32CubeExpansion_Cloud_AWS_V1.1.0/Drivers/CMSIS/Include" -I"C:/Users/Justin Stadlbauer/Documents/Spring 2018/IoT/Cube - IOT - AWS/STM32CubeExpansion_Cloud_AWS_V1.1.0/Drivers/STM32L4xx_HAL_Driver/Inc" -I"C:/Users/Justin Stadlbauer/Documents/Spring 2018/IoT/Cube - IOT - AWS/STM32CubeExpansion_Cloud_AWS_V1.1.0/Drivers/BSP/B-L475E-IOT01" -I"C:/Users/Justin Stadlbauer/Documents/Spring 2018/IoT/Cube - IOT - AWS/STM32CubeExpansion_Cloud_AWS_V1.1.0/Projects/Common/AWS/Inc" -I"C:/Users/Justin Stadlbauer/Documents/Spring 2018/IoT/Cube - IOT - AWS/STM32CubeExpansion_Cloud_AWS_V1.1.0/Projects/Common/Shared/Inc" -I"C:/Users/Justin Stadlbauer/Documents/Spring 2018/IoT/Cube - IOT - AWS/STM32CubeExpansion_Cloud_AWS_V1.1.0/Middlewares/Third_Party/AWS/include" -I"C:/Users/Justin Stadlbauer/Documents/Spring 2018/IoT/Cube - IOT - AWS/STM32CubeExpansion_Cloud_AWS_V1.1.0/Middlewares/Third_Party/mbedTLS/include" -I"C:/Users/Justin Stadlbauer/Documents/Spring 2018/IoT/Cube - IOT - AWS/STM32CubeExpansion_Cloud_AWS_V1.1.0/Drivers/BSP/Components/es_wifi" -I"C:/Users/Justin Stadlbauer/Documents/Spring 2018/IoT/Cube - IOT - AWS/STM32CubeExpansion_Cloud_AWS_V1.1.0/Drivers/BSP/Components/hts221" -I"C:/Users/Justin Stadlbauer/Documents/Spring 2018/IoT/Cube - IOT - AWS/STM32CubeExpansion_Cloud_AWS_V1.1.0/Drivers/BSP/Components/lis3mdl" -I"C:/Users/Justin Stadlbauer/Documents/Spring 2018/IoT/Cube - IOT - AWS/STM32CubeExpansion_Cloud_AWS_V1.1.0/Drivers/BSP/Components/lps22hb" -I"C:/Users/Justin Stadlbauer/Documents/Spring 2018/IoT/Cube - IOT - AWS/STM32CubeExpansion_Cloud_AWS_V1.1.0/Drivers/BSP/Components/lsm6dsl" -I"C:/Users/Justin Stadlbauer/Documents/Spring 2018/IoT/Cube - IOT - AWS/STM32CubeExpansion_Cloud_AWS_V1.1.0/Drivers/BSP/Components/vl53l0x"  -Os -g3 -Wall -fmessage-length=0 -ffunction-sections -c -fmessage-length=0 -MMD -MP -MF"Application/Common/STM32CubeRTCInterface.d" -MT"Application/Common/STM32CubeRTCInterface.o" -o "Application/Common/STM32CubeRTCInterface.o" "C:/Users/Justin Stadlbauer/Documents/Spring 2018/IoT/Cube - IOT - AWS/STM32CubeExpansion_Cloud_AWS_V1.1.0/Projects/Common/Shared/Src/STM32CubeRTCInterface.c"
Finished building: C:/Users/Justin Stadlbauer/Documents/Spring 2018/IoT/Cube - IOT - AWS/STM32CubeExpansion_Cloud_AWS_V1.1.0/Projects/Common/Shared/Src/STM32CubeRTCInterface.c
 
Building file: C:/Users/Justin Stadlbauer/Documents/Spring 2018/IoT/Cube - IOT - AWS/STM32CubeExpansion_Cloud_AWS_V1.1.0/Projects/Common/Shared/Src/cloud.c
Invoking: MCU GCC Compiler
C:\Users\Justin Stadlbauer\Documents\Spring 2018\IoT\Cube - IOT - AWS\STM32CubeExpansion_Cloud_AWS_V1.1.0\Projects\B-L475E-IOT01\Applications\Cloud\AWS\SW4STM32\B-L475E-IOT01\Debug
arm-none-eabi-gcc -mcpu=cortex-m4 -mthumb -mfloat-abi=hard -mfpu=fpv4-sp-d16 -DSTM32L475xx -DUSE_HAL_DRIVER -DSENSOR '-DMBEDTLS_CONFIG_FILE=<aws_mbedtls_config.h>' -DENABLE_IOT_INFO -DENABLE_IOT_ERROR -DENABLE_IOT_WARNING -DUSE_MBED_TLS -DAWS -DUSE_WIFI -I"C:/Users/Justin Stadlbauer/Documents/Spring 2018/IoT/Cube - IOT - AWS/STM32CubeExpansion_Cloud_AWS_V1.1.0/Projects/B-L475E-IOT01/Applications/Cloud/AWS/Inc" -I"C:/Users/Justin Stadlbauer/Documents/Spring 2018/IoT/Cube - IOT - AWS/STM32CubeExpansion_Cloud_AWS_V1.1.0/Drivers/CMSIS/Device/ST/STM32L4xx/Include" -I"C:/Users/Justin Stadlbauer/Documents/Spring 2018/IoT/Cube - IOT - AWS/STM32CubeExpansion_Cloud_AWS_V1.1.0/Drivers/CMSIS/Include" -I"C:/Users/Justin Stadlbauer/Documents/Spring 2018/IoT/Cube - IOT - AWS/STM32CubeExpansion_Cloud_AWS_V1.1.0/Drivers/STM32L4xx_HAL_Driver/Inc" -I"C:/Users/Justin Stadlbauer/Documents/Spring 2018/IoT/Cube - IOT - AWS/STM32CubeExpansion_Cloud_AWS_V1.1.0/Drivers/BSP/B-L475E-IOT01" -I"C:/Users/Justin Stadlbauer/Documents/Spring 2018/IoT/Cube - IOT - AWS/STM32CubeExpansion_Cloud_AWS_V1.1.0/Projects/Common/AWS/Inc" -I"C:/Users/Justin Stadlbauer/Documents/Spring 2018/IoT/Cube - IOT - AWS/STM32CubeExpansion_Cloud_AWS_V1.1.0/Projects/Common/Shared/Inc" -I"C:/Users/Justin Stadlbauer/Documents/Spring 2018/IoT/Cube - IOT - AWS/STM32CubeExpansion_Cloud_AWS_V1.1.0/Middlewares/Third_Party/AWS/include" -I"C:/Users/Justin Stadlbauer/Documents/Spring 2018/IoT/Cube - IOT - AWS/STM32CubeExpansion_Cloud_AWS_V1.1.0/Middlewares/Third_Party/mbedTLS/include" -I"C:/Users/Justin Stadlbauer/Documents/Spring 2018/IoT/Cube - IOT - AWS/STM32CubeExpansion_Cloud_AWS_V1.1.0/Drivers/BSP/Components/es_wifi" -I"C:/Users/Justin Stadlbauer/Documents/Spring 2018/IoT/Cube - IOT - AWS/STM32CubeExpansion_Cloud_AWS_V1.1.0/Drivers/BSP/Components/hts221" -I"C:/Users/Justin Stadlbauer/Documents/Spring 2018/IoT/Cube - IOT - AWS/STM32CubeExpansion_Cloud_AWS_V1.1.0/Drivers/BSP/Components/lis3mdl" -I"C:/Users/Justin Stadlbauer/Documents/Spring 2018/IoT/Cube - IOT - AWS/STM32CubeExpansion_Cloud_AWS_V1.1.0/Drivers/BSP/Components/lps22hb" -I"C:/Users/Justin Stadlbauer/Documents/Spring 2018/IoT/Cube - IOT - AWS/STM32CubeExpansion_Cloud_AWS_V1.1.0/Drivers/BSP/Components/lsm6dsl" -I"C:/Users/Justin Stadlbauer/Documents/Spring 2018/IoT/Cube - IOT - AWS/STM32CubeExpansion_Cloud_AWS_V1.1.0/Drivers/BSP/Components/vl53l0x"  -Os -g3 -Wall -fmessage-length=0 -ffunction-sections -c -fmessage-length=0 -MMD -MP -MF"Application/Common/cloud.d" -MT"Application/Common/cloud.o" -o "Application/Common/cloud.o" "C:/Users/Justin Stadlbauer/Documents/Spring 2018/IoT/Cube - IOT - AWS/STM32CubeExpansion_Cloud_AWS_V1.1.0/Projects/Common/Shared/Src/cloud.c"
Finished building: C:/Users/Justin Stadlbauer/Documents/Spring 2018/IoT/Cube - IOT - AWS/STM32CubeExpansion_Cloud_AWS_V1.1.0/Projects/Common/Shared/Src/cloud.c
 
Building file: C:/Users/Justin Stadlbauer/Documents/Spring 2018/IoT/Cube - IOT - AWS/STM32CubeExpansion_Cloud_AWS_V1.1.0/Projects/Common/Shared/Src/entropy_hardware_poll.c
Invoking: MCU GCC Compiler
C:\Users\Justin Stadlbauer\Documents\Spring 2018\IoT\Cube - IOT - AWS\STM32CubeExpansion_Cloud_AWS_V1.1.0\Projects\B-L475E-IOT01\Applications\Cloud\AWS\SW4STM32\B-L475E-IOT01\Debug
arm-none-eabi-gcc -mcpu=cortex-m4 -mthumb -mfloat-abi=hard -mfpu=fpv4-sp-d16 -DSTM32L475xx -DUSE_HAL_DRIVER -DSENSOR '-DMBEDTLS_CONFIG_FILE=<aws_mbedtls_config.h>' -DENABLE_IOT_INFO -DENABLE_IOT_ERROR -DENABLE_IOT_WARNING -DUSE_MBED_TLS -DAWS -DUSE_WIFI -I"C:/Users/Justin Stadlbauer/Documents/Spring 2018/IoT/Cube - IOT - AWS/STM32CubeExpansion_Cloud_AWS_V1.1.0/Projects/B-L475E-IOT01/Applications/Cloud/AWS/Inc" -I"C:/Users/Justin Stadlbauer/Documents/Spring 2018/IoT/Cube - IOT - AWS/STM32CubeExpansion_Cloud_AWS_V1.1.0/Drivers/CMSIS/Device/ST/STM32L4xx/Include" -I"C:/Users/Justin Stadlbauer/Documents/Spring 2018/IoT/Cube - IOT - AWS/STM32CubeExpansion_Cloud_AWS_V1.1.0/Drivers/CMSIS/Include" -I"C:/Users/Justin Stadlbauer/Documents/Spring 2018/IoT/Cube - IOT - AWS/STM32CubeExpansion_Cloud_AWS_V1.1.0/Drivers/STM32L4xx_HAL_Driver/Inc" -I"C:/Users/Justin Stadlbauer/Documents/Spring 2018/IoT/Cube - IOT - AWS/STM32CubeExpansion_Cloud_AWS_V1.1.0/Drivers/BSP/B-L475E-IOT01" -I"C:/Users/Justin Stadlbauer/Documents/Spring 2018/IoT/Cube - IOT - AWS/STM32CubeExpansion_Cloud_AWS_V1.1.0/Projects/Common/AWS/Inc" -I"C:/Users/Justin Stadlbauer/Documents/Spring 2018/IoT/Cube - IOT - AWS/STM32CubeExpansion_Cloud_AWS_V1.1.0/Projects/Common/Shared/Inc" -I"C:/Users/Justin Stadlbauer/Documents/Spring 2018/IoT/Cube - IOT - AWS/STM32CubeExpansion_Cloud_AWS_V1.1.0/Middlewares/Third_Party/AWS/include" -I"C:/Users/Justin Stadlbauer/Documents/Spring 2018/IoT/Cube - IOT - AWS/STM32CubeExpansion_Cloud_AWS_V1.1.0/Middlewares/Third_Party/mbedTLS/include" -I"C:/Users/Justin Stadlbauer/Documents/Spring 2018/IoT/Cube - IOT - AWS/STM32CubeExpansion_Cloud_AWS_V1.1.0/Drivers/BSP/Components/es_wifi" -I"C:/Users/Justin Stadlbauer/Documents/Spring 2018/IoT/Cube - IOT - AWS/STM32CubeExpansion_Cloud_AWS_V1.1.0/Drivers/BSP/Components/hts221" -I"C:/Users/Justin Stadlbauer/Documents/Spring 2018/IoT/Cube - IOT - AWS/STM32CubeExpansion_Cloud_AWS_V1.1.0/Drivers/BSP/Components/lis3mdl" -I"C:/Users/Justin Stadlbauer/Documents/Spring 2018/IoT/Cube - IOT - AWS/STM32CubeExpansion_Cloud_AWS_V1.1.0/Drivers/BSP/Components/lps22hb" -I"C:/Users/Justin Stadlbauer/Documents/Spring 2018/IoT/Cube - IOT - AWS/STM32CubeExpansion_Cloud_AWS_V1.1.0/Drivers/BSP/Components/lsm6dsl" -I"C:/Users/Justin Stadlbauer/Documents/Spring 2018/IoT/Cube - IOT - AWS/STM32CubeExpansion_Cloud_AWS_V1.1.0/Drivers/BSP/Components/vl53l0x"  -Os -g3 -Wall -fmessage-length=0 -ffunction-sections -c -fmessage-length=0 -MMD -MP -MF"Application/Common/entropy_hardware_poll.d" -MT"Application/Common/entropy_hardware_poll.o" -o "Application/Common/entropy_hardware_poll.o" "C:/Users/Justin Stadlbauer/Documents/Spring 2018/IoT/Cube - IOT - AWS/STM32CubeExpansion_Cloud_AWS_V1.1.0/Projects/Common/Shared/Src/entropy_hardware_poll.c"
Finished building: C:/Users/Justin Stadlbauer/Documents/Spring 2018/IoT/Cube - IOT - AWS/STM32CubeExpansion_Cloud_AWS_V1.1.0/Projects/Common/Shared/Src/entropy_hardware_poll.c
 
Building file: C:/Users/Justin Stadlbauer/Documents/Spring 2018/IoT/Cube - IOT - AWS/STM32CubeExpansion_Cloud_AWS_V1.1.0/Projects/B-L475E-IOT01/Applications/Cloud/AWS/Src/flash_l4.c
Invoking: MCU GCC Compiler
C:\Users\Justin Stadlbauer\Documents\Spring 2018\IoT\Cube - IOT - AWS\STM32CubeExpansion_Cloud_AWS_V1.1.0\Projects\B-L475E-IOT01\Applications\Cloud\AWS\SW4STM32\B-L475E-IOT01\Debug
arm-none-eabi-gcc -mcpu=cortex-m4 -mthumb -mfloat-abi=hard -mfpu=fpv4-sp-d16 -DSTM32L475xx -DUSE_HAL_DRIVER -DSENSOR '-DMBEDTLS_CONFIG_FILE=<aws_mbedtls_config.h>' -DENABLE_IOT_INFO -DENABLE_IOT_ERROR -DENABLE_IOT_WARNING -DUSE_MBED_TLS -DAWS -DUSE_WIFI -I"C:/Users/Justin Stadlbauer/Documents/Spring 2018/IoT/Cube - IOT - AWS/STM32CubeExpansion_Cloud_AWS_V1.1.0/Projects/B-L475E-IOT01/Applications/Cloud/AWS/Inc" -I"C:/Users/Justin Stadlbauer/Documents/Spring 2018/IoT/Cube - IOT - AWS/STM32CubeExpansion_Cloud_AWS_V1.1.0/Drivers/CMSIS/Device/ST/STM32L4xx/Include" -I"C:/Users/Justin Stadlbauer/Documents/Spring 2018/IoT/Cube - IOT - AWS/STM32CubeExpansion_Cloud_AWS_V1.1.0/Drivers/CMSIS/Include" -I"C:/Users/Justin Stadlbauer/Documents/Spring 2018/IoT/Cube - IOT - AWS/STM32CubeExpansion_Cloud_AWS_V1.1.0/Drivers/STM32L4xx_HAL_Driver/Inc" -I"C:/Users/Justin Stadlbauer/Documents/Spring 2018/IoT/Cube - IOT - AWS/STM32CubeExpansion_Cloud_AWS_V1.1.0/Drivers/BSP/B-L475E-IOT01" -I"C:/Users/Justin Stadlbauer/Documents/Spring 2018/IoT/Cube - IOT - AWS/STM32CubeExpansion_Cloud_AWS_V1.1.0/Projects/Common/AWS/Inc" -I"C:/Users/Justin Stadlbauer/Documents/Spring 2018/IoT/Cube - IOT - AWS/STM32CubeExpansion_Cloud_AWS_V1.1.0/Projects/Common/Shared/Inc" -I"C:/Users/Justin Stadlbauer/Documents/Spring 2018/IoT/Cube - IOT - AWS/STM32CubeExpansion_Cloud_AWS_V1.1.0/Middlewares/Third_Party/AWS/include" -I"C:/Users/Justin Stadlbauer/Documents/Spring 2018/IoT/Cube - IOT - AWS/STM32CubeExpansion_Cloud_AWS_V1.1.0/Middlewares/Third_Party/mbedTLS/include" -I"C:/Users/Justin Stadlbauer/Documents/Spring 2018/IoT/Cube - IOT - AWS/STM32CubeExpansion_Cloud_AWS_V1.1.0/Drivers/BSP/Components/es_wifi" -I"C:/Users/Justin Stadlbauer/Documents/Spring 2018/IoT/Cube - IOT - AWS/STM32CubeExpansion_Cloud_AWS_V1.1.0/Drivers/BSP/Components/hts221" -I"C:/Users/Justin Stadlbauer/Documents/Spring 2018/IoT/Cube - IOT - AWS/STM32CubeExpansion_Cloud_AWS_V1.1.0/Drivers/BSP/Components/lis3mdl" -I"C:/Users/Justin Stadlbauer/Documents/Spring 2018/IoT/Cube - IOT - AWS/STM32CubeExpansion_Cloud_AWS_V1.1.0/Drivers/BSP/Components/lps22hb" -I"C:/Users/Justin Stadlbauer/Documents/Spring 2018/IoT/Cube - IOT - AWS/STM32CubeExpansion_Cloud_AWS_V1.1.0/Drivers/BSP/Components/lsm6dsl" -I"C:/Users/Justin Stadlbauer/Documents/Spring 2018/IoT/Cube - IOT - AWS/STM32CubeExpansion_Cloud_AWS_V1.1.0/Drivers/BSP/Components/vl53l0x"  -Os -g3 -Wall -fmessage-length=0 -ffunction-sections -c -fmessage-length=0 -MMD -MP -MF"Application/Common/flash_l4.d" -MT"Application/Common/flash_l4.o" -o "Application/Common/flash_l4.o" "C:/Users/Justin Stadlbauer/Documents/Spring 2018/IoT/Cube - IOT - AWS/STM32CubeExpansion_Cloud_AWS_V1.1.0/Projects/B-L475E-IOT01/Applications/Cloud/AWS/Src/flash_l4.c"
Finished building: C:/Users/Justin Stadlbauer/Documents/Spring 2018/IoT/Cube - IOT - AWS/STM32CubeExpansion_Cloud_AWS_V1.1.0/Projects/B-L475E-IOT01/Applications/Cloud/AWS/Src/flash_l4.c
 
Building file: C:/Users/Justin Stadlbauer/Documents/Spring 2018/IoT/Cube - IOT - AWS/STM32CubeExpansion_Cloud_AWS_V1.1.0/Projects/Common/Shared/Src/http_util.c
Invoking: MCU GCC Compiler
C:\Users\Justin Stadlbauer\Documents\Spring 2018\IoT\Cube - IOT - AWS\STM32CubeExpansion_Cloud_AWS_V1.1.0\Projects\B-L475E-IOT01\Applications\Cloud\AWS\SW4STM32\B-L475E-IOT01\Debug
arm-none-eabi-gcc -mcpu=cortex-m4 -mthumb -mfloat-abi=hard -mfpu=fpv4-sp-d16 -DSTM32L475xx -DUSE_HAL_DRIVER -DSENSOR '-DMBEDTLS_CONFIG_FILE=<aws_mbedtls_config.h>' -DENABLE_IOT_INFO -DENABLE_IOT_ERROR -DENABLE_IOT_WARNING -DUSE_MBED_TLS -DAWS -DUSE_WIFI -I"C:/Users/Justin Stadlbauer/Documents/Spring 2018/IoT/Cube - IOT - AWS/STM32CubeExpansion_Cloud_AWS_V1.1.0/Projects/B-L475E-IOT01/Applications/Cloud/AWS/Inc" -I"C:/Users/Justin Stadlbauer/Documents/Spring 2018/IoT/Cube - IOT - AWS/STM32CubeExpansion_Cloud_AWS_V1.1.0/Drivers/CMSIS/Device/ST/STM32L4xx/Include" -I"C:/Users/Justin Stadlbauer/Documents/Spring 2018/IoT/Cube - IOT - AWS/STM32CubeExpansion_Cloud_AWS_V1.1.0/Drivers/CMSIS/Include" -I"C:/Users/Justin Stadlbauer/Documents/Spring 2018/IoT/Cube - IOT - AWS/STM32CubeExpansion_Cloud_AWS_V1.1.0/Drivers/STM32L4xx_HAL_Driver/Inc" -I"C:/Users/Justin Stadlbauer/Documents/Spring 2018/IoT/Cube - IOT - AWS/STM32CubeExpansion_Cloud_AWS_V1.1.0/Drivers/BSP/B-L475E-IOT01" -I"C:/Users/Justin Stadlbauer/Documents/Spring 2018/IoT/Cube - IOT - AWS/STM32CubeExpansion_Cloud_AWS_V1.1.0/Projects/Common/AWS/Inc" -I"C:/Users/Justin Stadlbauer/Documents/Spring 2018/IoT/Cube - IOT - AWS/STM32CubeExpansion_Cloud_AWS_V1.1.0/Projects/Common/Shared/Inc" -I"C:/Users/Justin Stadlbauer/Documents/Spring 2018/IoT/Cube - IOT - AWS/STM32CubeExpansion_Cloud_AWS_V1.1.0/Middlewares/Third_Party/AWS/include" -I"C:/Users/Justin Stadlbauer/Documents/Spring 2018/IoT/Cube - IOT - AWS/STM32CubeExpansion_Cloud_AWS_V1.1.0/Middlewares/Third_Party/mbedTLS/include" -I"C:/Users/Justin Stadlbauer/Documents/Spring 2018/IoT/Cube - IOT - AWS/STM32CubeExpansion_Cloud_AWS_V1.1.0/Drivers/BSP/Components/es_wifi" -I"C:/Users/Justin Stadlbauer/Documents/Spring 2018/IoT/Cube - IOT - AWS/STM32CubeExpansion_Cloud_AWS_V1.1.0/Drivers/BSP/Components/hts221" -I"C:/Users/Justin Stadlbauer/Documents/Spring 2018/IoT/Cube - IOT - AWS/STM32CubeExpansion_Cloud_AWS_V1.1.0/Drivers/BSP/Components/lis3mdl" -I"C:/Users/Justin Stadlbauer/Documents/Spring 2018/IoT/Cube - IOT - AWS/STM32CubeExpansion_Cloud_AWS_V1.1.0/Drivers/BSP/Components/lps22hb" -I"C:/Users/Justin Stadlbauer/Documents/Spring 2018/IoT/Cube - IOT - AWS/STM32CubeExpansion_Cloud_AWS_V1.1.0/Drivers/BSP/Components/lsm6dsl" -I"C:/Users/Justin Stadlbauer/Documents/Spring 2018/IoT/Cube - IOT - AWS/STM32CubeExpansion_Cloud_AWS_V1.1.0/Drivers/BSP/Components/vl53l0x"  -Os -g3 -Wall -fmessage-length=0 -ffunction-sections -c -fmessage-length=0 -MMD -MP -MF"Application/Common/http_util.d" -MT"Application/Common/http_util.o" -o "Application/Common/http_util.o" "C:/Users/Justin Stadlbauer/Documents/Spring 2018/IoT/Cube - IOT - AWS/STM32CubeExpansion_Cloud_AWS_V1.1.0/Projects/Common/Shared/Src/http_util.c"
Finished building: C:/Users/Justin Stadlbauer/Documents/Spring 2018/IoT/Cube - IOT - AWS/STM32CubeExpansion_Cloud_AWS_V1.1.0/Projects/Common/Shared/Src/http_util.c
 
Building file: C:/Users/Justin Stadlbauer/Documents/Spring 2018/IoT/Cube - IOT - AWS/STM32CubeExpansion_Cloud_AWS_V1.1.0/Projects/Common/Shared/Src/iot_flash_config.c
Invoking: MCU GCC Compiler
C:\Users\Justin Stadlbauer\Documents\Spring 2018\IoT\Cube - IOT - AWS\STM32CubeExpansion_Cloud_AWS_V1.1.0\Projects\B-L475E-IOT01\Applications\Cloud\AWS\SW4STM32\B-L475E-IOT01\Debug
arm-none-eabi-gcc -mcpu=cortex-m4 -mthumb -mfloat-abi=hard -mfpu=fpv4-sp-d16 -DSTM32L475xx -DUSE_HAL_DRIVER -DSENSOR '-DMBEDTLS_CONFIG_FILE=<aws_mbedtls_config.h>' -DENABLE_IOT_INFO -DENABLE_IOT_ERROR -DENABLE_IOT_WARNING -DUSE_MBED_TLS -DAWS -DUSE_WIFI -I"C:/Users/Justin Stadlbauer/Documents/Spring 2018/IoT/Cube - IOT - AWS/STM32CubeExpansion_Cloud_AWS_V1.1.0/Projects/B-L475E-IOT01/Applications/Cloud/AWS/Inc" -I"C:/Users/Justin Stadlbauer/Documents/Spring 2018/IoT/Cube - IOT - AWS/STM32CubeExpansion_Cloud_AWS_V1.1.0/Drivers/CMSIS/Device/ST/STM32L4xx/Include" -I"C:/Users/Justin Stadlbauer/Documents/Spring 2018/IoT/Cube - IOT - AWS/STM32CubeExpansion_Cloud_AWS_V1.1.0/Drivers/CMSIS/Include" -I"C:/Users/Justin Stadlbauer/Documents/Spring 2018/IoT/Cube - IOT - AWS/STM32CubeExpansion_Cloud_AWS_V1.1.0/Drivers/STM32L4xx_HAL_Driver/Inc" -I"C:/Users/Justin Stadlbauer/Documents/Spring 2018/IoT/Cube - IOT - AWS/STM32CubeExpansion_Cloud_AWS_V1.1.0/Drivers/BSP/B-L475E-IOT01" -I"C:/Users/Justin Stadlbauer/Documents/Spring 2018/IoT/Cube - IOT - AWS/STM32CubeExpansion_Cloud_AWS_V1.1.0/Projects/Common/AWS/Inc" -I"C:/Users/Justin Stadlbauer/Documents/Spring 2018/IoT/Cube - IOT - AWS/STM32CubeExpansion_Cloud_AWS_V1.1.0/Projects/Common/Shared/Inc" -I"C:/Users/Justin Stadlbauer/Documents/Spring 2018/IoT/Cube - IOT - AWS/STM32CubeExpansion_Cloud_AWS_V1.1.0/Middlewares/Third_Party/AWS/include" -I"C:/Users/Justin Stadlbauer/Documents/Spring 2018/IoT/Cube - IOT - AWS/STM32CubeExpansion_Cloud_AWS_V1.1.0/Middlewares/Third_Party/mbedTLS/include" -I"C:/Users/Justin Stadlbauer/Documents/Spring 2018/IoT/Cube - IOT - AWS/STM32CubeExpansion_Cloud_AWS_V1.1.0/Drivers/BSP/Components/es_wifi" -I"C:/Users/Justin Stadlbauer/Documents/Spring 2018/IoT/Cube - IOT - AWS/STM32CubeExpansion_Cloud_AWS_V1.1.0/Drivers/BSP/Components/hts221" -I"C:/Users/Justin Stadlbauer/Documents/Spring 2018/IoT/Cube - IOT - AWS/STM32CubeExpansion_Cloud_AWS_V1.1.0/Drivers/BSP/Components/lis3mdl" -I"C:/Users/Justin Stadlbauer/Documents/Spring 2018/IoT/Cube - IOT - AWS/STM32CubeExpansion_Cloud_AWS_V1.1.0/Drivers/BSP/Components/lps22hb" -I"C:/Users/Justin Stadlbauer/Documents/Spring 2018/IoT/Cube - IOT - AWS/STM32CubeExpansion_Cloud_AWS_V1.1.0/Drivers/BSP/Components/lsm6dsl" -I"C:/Users/Justin Stadlbauer/Documents/Spring 2018/IoT/Cube - IOT - AWS/STM32CubeExpansion_Cloud_AWS_V1.1.0/Drivers/BSP/Components/vl53l0x"  -Os -g3 -Wall -fmessage-length=0 -ffunction-sections -c -fmessage-length=0 -MMD -MP -MF"Application/Common/iot_flash_config.d" -MT"Application/Common/iot_flash_config.o" -o "Application/Common/iot_flash_config.o" "C:/Users/Justin Stadlbauer/Documents/Spring 2018/IoT/Cube - IOT - AWS/STM32CubeExpansion_Cloud_AWS_V1.1.0/Projects/Common/Shared/Src/iot_flash_config.c"
Finished building: C:/Users/Justin Stadlbauer/Documents/Spring 2018/IoT/Cube - IOT - AWS/STM32CubeExpansion_Cloud_AWS_V1.1.0/Projects/Common/Shared/Src/iot_flash_config.c
 
Building file: C:/Users/Justin Stadlbauer/Documents/Spring 2018/IoT/Cube - IOT - AWS/STM32CubeExpansion_Cloud_AWS_V1.1.0/Projects/Common/Shared/Src/net.c
Invoking: MCU GCC Compiler
C:\Users\Justin Stadlbauer\Documents\Spring 2018\IoT\Cube - IOT - AWS\STM32CubeExpansion_Cloud_AWS_V1.1.0\Projects\B-L475E-IOT01\Applications\Cloud\AWS\SW4STM32\B-L475E-IOT01\Debug
arm-none-eabi-gcc -mcpu=cortex-m4 -mthumb -mfloat-abi=hard -mfpu=fpv4-sp-d16 -DSTM32L475xx -DUSE_HAL_DRIVER -DSENSOR '-DMBEDTLS_CONFIG_FILE=<aws_mbedtls_config.h>' -DENABLE_IOT_INFO -DENABLE_IOT_ERROR -DENABLE_IOT_WARNING -DUSE_MBED_TLS -DAWS -DUSE_WIFI -I"C:/Users/Justin Stadlbauer/Documents/Spring 2018/IoT/Cube - IOT - AWS/STM32CubeExpansion_Cloud_AWS_V1.1.0/Projects/B-L475E-IOT01/Applications/Cloud/AWS/Inc" -I"C:/Users/Justin Stadlbauer/Documents/Spring 2018/IoT/Cube - IOT - AWS/STM32CubeExpansion_Cloud_AWS_V1.1.0/Drivers/CMSIS/Device/ST/STM32L4xx/Include" -I"C:/Users/Justin Stadlbauer/Documents/Spring 2018/IoT/Cube - IOT - AWS/STM32CubeExpansion_Cloud_AWS_V1.1.0/Drivers/CMSIS/Include" -I"C:/Users/Justin Stadlbauer/Documents/Spring 2018/IoT/Cube - IOT - AWS/STM32CubeExpansion_Cloud_AWS_V1.1.0/Drivers/STM32L4xx_HAL_Driver/Inc" -I"C:/Users/Justin Stadlbauer/Documents/Spring 2018/IoT/Cube - IOT - AWS/STM32CubeExpansion_Cloud_AWS_V1.1.0/Drivers/BSP/B-L475E-IOT01" -I"C:/Users/Justin Stadlbauer/Documents/Spring 2018/IoT/Cube - IOT - AWS/STM32CubeExpansion_Cloud_AWS_V1.1.0/Projects/Common/AWS/Inc" -I"C:/Users/Justin Stadlbauer/Documents/Spring 2018/IoT/Cube - IOT - AWS/STM32CubeExpansion_Cloud_AWS_V1.1.0/Projects/Common/Shared/Inc" -I"C:/Users/Justin Stadlbauer/Documents/Spring 2018/IoT/Cube - IOT - AWS/STM32CubeExpansion_Cloud_AWS_V1.1.0/Middlewares/Third_Party/AWS/include" -I"C:/Users/Justin Stadlbauer/Documents/Spring 2018/IoT/Cube - IOT - AWS/STM32CubeExpansion_Cloud_AWS_V1.1.0/Middlewares/Third_Party/mbedTLS/include" -I"C:/Users/Justin Stadlbauer/Documents/Spring 2018/IoT/Cube - IOT - AWS/STM32CubeExpansion_Cloud_AWS_V1.1.0/Drivers/BSP/Components/es_wifi" -I"C:/Users/Justin Stadlbauer/Documents/Spring 2018/IoT/Cube - IOT - AWS/STM32CubeExpansion_Cloud_AWS_V1.1.0/Drivers/BSP/Components/hts221" -I"C:/Users/Justin Stadlbauer/Documents/Spring 2018/IoT/Cube - IOT - AWS/STM32CubeExpansion_Cloud_AWS_V1.1.0/Drivers/BSP/Components/lis3mdl" -I"C:/Users/Justin Stadlbauer/Documents/Spring 2018/IoT/Cube - IOT - AWS/STM32CubeExpansion_Cloud_AWS_V1.1.0/Drivers/BSP/Components/lps22hb" -I"C:/Users/Justin Stadlbauer/Documents/Spring 2018/IoT/Cube - IOT - AWS/STM32CubeExpansion_Cloud_AWS_V1.1.0/Drivers/BSP/Components/lsm6dsl" -I"C:/Users/Justin Stadlbauer/Documents/Spring 2018/IoT/Cube - IOT - AWS/STM32CubeExpansion_Cloud_AWS_V1.1.0/Drivers/BSP/Components/vl53l0x"  -Os -g3 -Wall -fmessage-length=0 -ffunction-sections -c -fmessage-length=0 -MMD -MP -MF"Application/Common/net.d" -MT"Application/Common/net.o" -o "Application/Common/net.o" "C:/Users/Justin Stadlbauer/Documents/Spring 2018/IoT/Cube - IOT - AWS/STM32CubeExpansion_Cloud_AWS_V1.1.0/Projects/Common/Shared/Src/net.c"
Finished building: C:/Users/Justin Stadlbauer/Documents/Spring 2018/IoT/Cube - IOT - AWS/STM32CubeExpansion_Cloud_AWS_V1.1.0/Projects/Common/Shared/Src/net.c
 
Building file: C:/Users/Justin Stadlbauer/Documents/Spring 2018/IoT/Cube - IOT - AWS/STM32CubeExpansion_Cloud_AWS_V1.1.0/Projects/Common/Shared/Src/net_tcp_lwip.c
Invoking: MCU GCC Compiler
C:\Users\Justin Stadlbauer\Documents\Spring 2018\IoT\Cube - IOT - AWS\STM32CubeExpansion_Cloud_AWS_V1.1.0\Projects\B-L475E-IOT01\Applications\Cloud\AWS\SW4STM32\B-L475E-IOT01\Debug
arm-none-eabi-gcc -mcpu=cortex-m4 -mthumb -mfloat-abi=hard -mfpu=fpv4-sp-d16 -DSTM32L475xx -DUSE_HAL_DRIVER -DSENSOR '-DMBEDTLS_CONFIG_FILE=<aws_mbedtls_config.h>' -DENABLE_IOT_INFO -DENABLE_IOT_ERROR -DENABLE_IOT_WARNING -DUSE_MBED_TLS -DAWS -DUSE_WIFI -I"C:/Users/Justin Stadlbauer/Documents/Spring 2018/IoT/Cube - IOT - AWS/STM32CubeExpansion_Cloud_AWS_V1.1.0/Projects/B-L475E-IOT01/Applications/Cloud/AWS/Inc" -I"C:/Users/Justin Stadlbauer/Documents/Spring 2018/IoT/Cube - IOT - AWS/STM32CubeExpansion_Cloud_AWS_V1.1.0/Drivers/CMSIS/Device/ST/STM32L4xx/Include" -I"C:/Users/Justin Stadlbauer/Documents/Spring 2018/IoT/Cube - IOT - AWS/STM32CubeExpansion_Cloud_AWS_V1.1.0/Drivers/CMSIS/Include" -I"C:/Users/Justin Stadlbauer/Documents/Spring 2018/IoT/Cube - IOT - AWS/STM32CubeExpansion_Cloud_AWS_V1.1.0/Drivers/STM32L4xx_HAL_Driver/Inc" -I"C:/Users/Justin Stadlbauer/Documents/Spring 2018/IoT/Cube - IOT - AWS/STM32CubeExpansion_Cloud_AWS_V1.1.0/Drivers/BSP/B-L475E-IOT01" -I"C:/Users/Justin Stadlbauer/Documents/Spring 2018/IoT/Cube - IOT - AWS/STM32CubeExpansion_Cloud_AWS_V1.1.0/Projects/Common/AWS/Inc" -I"C:/Users/Justin Stadlbauer/Documents/Spring 2018/IoT/Cube - IOT - AWS/STM32CubeExpansion_Cloud_AWS_V1.1.0/Projects/Common/Shared/Inc" -I"C:/Users/Justin Stadlbauer/Documents/Spring 2018/IoT/Cube - IOT - AWS/STM32CubeExpansion_Cloud_AWS_V1.1.0/Middlewares/Third_Party/AWS/include" -I"C:/Users/Justin Stadlbauer/Documents/Spring 2018/IoT/Cube - IOT - AWS/STM32CubeExpansion_Cloud_AWS_V1.1.0/Middlewares/Third_Party/mbedTLS/include" -I"C:/Users/Justin Stadlbauer/Documents/Spring 2018/IoT/Cube - IOT - AWS/STM32CubeExpansion_Cloud_AWS_V1.1.0/Drivers/BSP/Components/es_wifi" -I"C:/Users/Justin Stadlbauer/Documents/Spring 2018/IoT/Cube - IOT - AWS/STM32CubeExpansion_Cloud_AWS_V1.1.0/Drivers/BSP/Components/hts221" -I"C:/Users/Justin Stadlbauer/Documents/Spring 2018/IoT/Cube - IOT - AWS/STM32CubeExpansion_Cloud_AWS_V1.1.0/Drivers/BSP/Components/lis3mdl" -I"C:/Users/Justin Stadlbauer/Documents/Spring 2018/IoT/Cube - IOT - AWS/STM32CubeExpansion_Cloud_AWS_V1.1.0/Drivers/BSP/Components/lps22hb" -I"C:/Users/Justin Stadlbauer/Documents/Spring 2018/IoT/Cube - IOT - AWS/STM32CubeExpansion_Cloud_AWS_V1.1.0/Drivers/BSP/Components/lsm6dsl" -I"C:/Users/Justin Stadlbauer/Documents/Spring 2018/IoT/Cube - IOT - AWS/STM32CubeExpansion_Cloud_AWS_V1.1.0/Drivers/BSP/Components/vl53l0x"  -Os -g3 -Wall -fmessage-length=0 -ffunction-sections -c -fmessage-length=0 -MMD -MP -MF"Application/Common/net_tcp_lwip.d" -MT"Application/Common/net_tcp_lwip.o" -o "Application/Common/net_tcp_lwip.o" "C:/Users/Justin Stadlbauer/Documents/Spring 2018/IoT/Cube - IOT - AWS/STM32CubeExpansion_Cloud_AWS_V1.1.0/Projects/Common/Shared/Src/net_tcp_lwip.c"
Finished building: C:/Users/Justin Stadlbauer/Documents/Spring 2018/IoT/Cube - IOT - AWS/STM32CubeExpansion_Cloud_AWS_V1.1.0/Projects/Common/Shared/Src/net_tcp_lwip.c
 
Building file: C:/Users/Justin Stadlbauer/Documents/Spring 2018/IoT/Cube - IOT - AWS/STM32CubeExpansion_Cloud_AWS_V1.1.0/Projects/Common/Shared/Src/net_tcp_wifi.c
Invoking: MCU GCC Compiler
C:\Users\Justin Stadlbauer\Documents\Spring 2018\IoT\Cube - IOT - AWS\STM32CubeExpansion_Cloud_AWS_V1.1.0\Projects\B-L475E-IOT01\Applications\Cloud\AWS\SW4STM32\B-L475E-IOT01\Debug
arm-none-eabi-gcc -mcpu=cortex-m4 -mthumb -mfloat-abi=hard -mfpu=fpv4-sp-d16 -DSTM32L475xx -DUSE_HAL_DRIVER -DSENSOR '-DMBEDTLS_CONFIG_FILE=<aws_mbedtls_config.h>' -DENABLE_IOT_INFO -DENABLE_IOT_ERROR -DENABLE_IOT_WARNING -DUSE_MBED_TLS -DAWS -DUSE_WIFI -I"C:/Users/Justin Stadlbauer/Documents/Spring 2018/IoT/Cube - IOT - AWS/STM32CubeExpansion_Cloud_AWS_V1.1.0/Projects/B-L475E-IOT01/Applications/Cloud/AWS/Inc" -I"C:/Users/Justin Stadlbauer/Documents/Spring 2018/IoT/Cube - IOT - AWS/STM32CubeExpansion_Cloud_AWS_V1.1.0/Drivers/CMSIS/Device/ST/STM32L4xx/Include" -I"C:/Users/Justin Stadlbauer/Documents/Spring 2018/IoT/Cube - IOT - AWS/STM32CubeExpansion_Cloud_AWS_V1.1.0/Drivers/CMSIS/Include" -I"C:/Users/Justin Stadlbauer/Documents/Spring 2018/IoT/Cube - IOT - AWS/STM32CubeExpansion_Cloud_AWS_V1.1.0/Drivers/STM32L4xx_HAL_Driver/Inc" -I"C:/Users/Justin Stadlbauer/Documents/Spring 2018/IoT/Cube - IOT - AWS/STM32CubeExpansion_Cloud_AWS_V1.1.0/Drivers/BSP/B-L475E-IOT01" -I"C:/Users/Justin Stadlbauer/Documents/Spring 2018/IoT/Cube - IOT - AWS/STM32CubeExpansion_Cloud_AWS_V1.1.0/Projects/Common/AWS/Inc" -I"C:/Users/Justin Stadlbauer/Documents/Spring 2018/IoT/Cube - IOT - AWS/STM32CubeExpansion_Cloud_AWS_V1.1.0/Projects/Common/Shared/Inc" -I"C:/Users/Justin Stadlbauer/Documents/Spring 2018/IoT/Cube - IOT - AWS/STM32CubeExpansion_Cloud_AWS_V1.1.0/Middlewares/Third_Party/AWS/include" -I"C:/Users/Justin Stadlbauer/Documents/Spring 2018/IoT/Cube - IOT - AWS/STM32CubeExpansion_Cloud_AWS_V1.1.0/Middlewares/Third_Party/mbedTLS/include" -I"C:/Users/Justin Stadlbauer/Documents/Spring 2018/IoT/Cube - IOT - AWS/STM32CubeExpansion_Cloud_AWS_V1.1.0/Drivers/BSP/Components/es_wifi" -I"C:/Users/Justin Stadlbauer/Documents/Spring 2018/IoT/Cube - IOT - AWS/STM32CubeExpansion_Cloud_AWS_V1.1.0/Drivers/BSP/Components/hts221" -I"C:/Users/Justin Stadlbauer/Documents/Spring 2018/IoT/Cube - IOT - AWS/STM32CubeExpansion_Cloud_AWS_V1.1.0/Drivers/BSP/Components/lis3mdl" -I"C:/Users/Justin Stadlbauer/Documents/Spring 2018/IoT/Cube - IOT - AWS/STM32CubeExpansion_Cloud_AWS_V1.1.0/Drivers/BSP/Components/lps22hb" -I"C:/Users/Justin Stadlbauer/Documents/Spring 2018/IoT/Cube - IOT - AWS/STM32CubeExpansion_Cloud_AWS_V1.1.0/Drivers/BSP/Components/lsm6dsl" -I"C:/Users/Justin Stadlbauer/Documents/Spring 2018/IoT/Cube - IOT - AWS/STM32CubeExpansion_Cloud_AWS_V1.1.0/Drivers/BSP/Components/vl53l0x"  -Os -g3 -Wall -fmessage-length=0 -ffunction-sections -c -fmessage-length=0 -MMD -MP -MF"Application/Common/net_tcp_wifi.d" -MT"Application/Common/net_tcp_wifi.o" -o "Application/Common/net_tcp_wifi.o" "C:/Users/Justin Stadlbauer/Documents/Spring 2018/IoT/Cube - IOT - AWS/STM32CubeExpansion_Cloud_AWS_V1.1.0/Projects/Common/Shared/Src/net_tcp_wifi.c"
Finished building: C:/Users/Justin Stadlbauer/Documents/Spring 2018/IoT/Cube - IOT - AWS/STM32CubeExpansion_Cloud_AWS_V1.1.0/Projects/Common/Shared/Src/net_tcp_wifi.c
 
Building file: C:/Users/Justin Stadlbauer/Documents/Spring 2018/IoT/Cube - IOT - AWS/STM32CubeExpansion_Cloud_AWS_V1.1.0/Projects/Common/Shared/Src/net_tls_mbedtls.c
Invoking: MCU GCC Compiler
C:\Users\Justin Stadlbauer\Documents\Spring 2018\IoT\Cube - IOT - AWS\STM32CubeExpansion_Cloud_AWS_V1.1.0\Projects\B-L475E-IOT01\Applications\Cloud\AWS\SW4STM32\B-L475E-IOT01\Debug
arm-none-eabi-gcc -mcpu=cortex-m4 -mthumb -mfloat-abi=hard -mfpu=fpv4-sp-d16 -DSTM32L475xx -DUSE_HAL_DRIVER -DSENSOR '-DMBEDTLS_CONFIG_FILE=<aws_mbedtls_config.h>' -DENABLE_IOT_INFO -DENABLE_IOT_ERROR -DENABLE_IOT_WARNING -DUSE_MBED_TLS -DAWS -DUSE_WIFI -I"C:/Users/Justin Stadlbauer/Documents/Spring 2018/IoT/Cube - IOT - AWS/STM32CubeExpansion_Cloud_AWS_V1.1.0/Projects/B-L475E-IOT01/Applications/Cloud/AWS/Inc" -I"C:/Users/Justin Stadlbauer/Documents/Spring 2018/IoT/Cube - IOT - AWS/STM32CubeExpansion_Cloud_AWS_V1.1.0/Drivers/CMSIS/Device/ST/STM32L4xx/Include" -I"C:/Users/Justin Stadlbauer/Documents/Spring 2018/IoT/Cube - IOT - AWS/STM32CubeExpansion_Cloud_AWS_V1.1.0/Drivers/CMSIS/Include" -I"C:/Users/Justin Stadlbauer/Documents/Spring 2018/IoT/Cube - IOT - AWS/STM32CubeExpansion_Cloud_AWS_V1.1.0/Drivers/STM32L4xx_HAL_Driver/Inc" -I"C:/Users/Justin Stadlbauer/Documents/Spring 2018/IoT/Cube - IOT - AWS/STM32CubeExpansion_Cloud_AWS_V1.1.0/Drivers/BSP/B-L475E-IOT01" -I"C:/Users/Justin Stadlbauer/Documents/Spring 2018/IoT/Cube - IOT - AWS/STM32CubeExpansion_Cloud_AWS_V1.1.0/Projects/Common/AWS/Inc" -I"C:/Users/Justin Stadlbauer/Documents/Spring 2018/IoT/Cube - IOT - AWS/STM32CubeExpansion_Cloud_AWS_V1.1.0/Projects/Common/Shared/Inc" -I"C:/Users/Justin Stadlbauer/Documents/Spring 2018/IoT/Cube - IOT - AWS/STM32CubeExpansion_Cloud_AWS_V1.1.0/Middlewares/Third_Party/AWS/include" -I"C:/Users/Justin Stadlbauer/Documents/Spring 2018/IoT/Cube - IOT - AWS/STM32CubeExpansion_Cloud_AWS_V1.1.0/Middlewares/Third_Party/mbedTLS/include" -I"C:/Users/Justin Stadlbauer/Documents/Spring 2018/IoT/Cube - IOT - AWS/STM32CubeExpansion_Cloud_AWS_V1.1.0/Drivers/BSP/Components/es_wifi" -I"C:/Users/Justin Stadlbauer/Documents/Spring 2018/IoT/Cube - IOT - AWS/STM32CubeExpansion_Cloud_AWS_V1.1.0/Drivers/BSP/Components/hts221" -I"C:/Users/Justin Stadlbauer/Documents/Spring 2018/IoT/Cube - IOT - AWS/STM32CubeExpansion_Cloud_AWS_V1.1.0/Drivers/BSP/Components/lis3mdl" -I"C:/Users/Justin Stadlbauer/Documents/Spring 2018/IoT/Cube - IOT - AWS/STM32CubeExpansion_Cloud_AWS_V1.1.0/Drivers/BSP/Components/lps22hb" -I"C:/Users/Justin Stadlbauer/Documents/Spring 2018/IoT/Cube - IOT - AWS/STM32CubeExpansion_Cloud_AWS_V1.1.0/Drivers/BSP/Components/lsm6dsl" -I"C:/Users/Justin Stadlbauer/Documents/Spring 2018/IoT/Cube - IOT - AWS/STM32CubeExpansion_Cloud_AWS_V1.1.0/Drivers/BSP/Components/vl53l0x"  -Os -g3 -Wall -fmessage-length=0 -ffunction-sections -c -fmessage-length=0 -MMD -MP -MF"Application/Common/net_tls_mbedtls.d" -MT"Application/Common/net_tls_mbedtls.o" -o "Application/Common/net_tls_mbedtls.o" "C:/Users/Justin Stadlbauer/Documents/Spring 2018/IoT/Cube - IOT - AWS/STM32CubeExpansion_Cloud_AWS_V1.1.0/Projects/Common/Shared/Src/net_tls_mbedtls.c"
Finished building: C:/Users/Justin Stadlbauer/Documents/Spring 2018/IoT/Cube - IOT - AWS/STM32CubeExpansion_Cloud_AWS_V1.1.0/Projects/Common/Shared/Src/net_tls_mbedtls.c
 
Building file: C:/Users/Justin Stadlbauer/Documents/Spring 2018/IoT/Cube - IOT - AWS/STM32CubeExpansion_Cloud_AWS_V1.1.0/Projects/Common/Shared/Src/rfu.c
Invoking: MCU GCC Compiler
C:\Users\Justin Stadlbauer\Documents\Spring 2018\IoT\Cube - IOT - AWS\STM32CubeExpansion_Cloud_AWS_V1.1.0\Projects\B-L475E-IOT01\Applications\Cloud\AWS\SW4STM32\B-L475E-IOT01\Debug
arm-none-eabi-gcc -mcpu=cortex-m4 -mthumb -mfloat-abi=hard -mfpu=fpv4-sp-d16 -DSTM32L475xx -DUSE_HAL_DRIVER -DSENSOR '-DMBEDTLS_CONFIG_FILE=<aws_mbedtls_config.h>' -DENABLE_IOT_INFO -DENABLE_IOT_ERROR -DENABLE_IOT_WARNING -DUSE_MBED_TLS -DAWS -DUSE_WIFI -I"C:/Users/Justin Stadlbauer/Documents/Spring 2018/IoT/Cube - IOT - AWS/STM32CubeExpansion_Cloud_AWS_V1.1.0/Projects/B-L475E-IOT01/Applications/Cloud/AWS/Inc" -I"C:/Users/Justin Stadlbauer/Documents/Spring 2018/IoT/Cube - IOT - AWS/STM32CubeExpansion_Cloud_AWS_V1.1.0/Drivers/CMSIS/Device/ST/STM32L4xx/Include" -I"C:/Users/Justin Stadlbauer/Documents/Spring 2018/IoT/Cube - IOT - AWS/STM32CubeExpansion_Cloud_AWS_V1.1.0/Drivers/CMSIS/Include" -I"C:/Users/Justin Stadlbauer/Documents/Spring 2018/IoT/Cube - IOT - AWS/STM32CubeExpansion_Cloud_AWS_V1.1.0/Drivers/STM32L4xx_HAL_Driver/Inc" -I"C:/Users/Justin Stadlbauer/Documents/Spring 2018/IoT/Cube - IOT - AWS/STM32CubeExpansion_Cloud_AWS_V1.1.0/Drivers/BSP/B-L475E-IOT01" -I"C:/Users/Justin Stadlbauer/Documents/Spring 2018/IoT/Cube - IOT - AWS/STM32CubeExpansion_Cloud_AWS_V1.1.0/Projects/Common/AWS/Inc" -I"C:/Users/Justin Stadlbauer/Documents/Spring 2018/IoT/Cube - IOT - AWS/STM32CubeExpansion_Cloud_AWS_V1.1.0/Projects/Common/Shared/Inc" -I"C:/Users/Justin Stadlbauer/Documents/Spring 2018/IoT/Cube - IOT - AWS/STM32CubeExpansion_Cloud_AWS_V1.1.0/Middlewares/Third_Party/AWS/include" -I"C:/Users/Justin Stadlbauer/Documents/Spring 2018/IoT/Cube - IOT - AWS/STM32CubeExpansion_Cloud_AWS_V1.1.0/Middlewares/Third_Party/mbedTLS/include" -I"C:/Users/Justin Stadlbauer/Documents/Spring 2018/IoT/Cube - IOT - AWS/STM32CubeExpansion_Cloud_AWS_V1.1.0/Drivers/BSP/Components/es_wifi" -I"C:/Users/Justin Stadlbauer/Documents/Spring 2018/IoT/Cube - IOT - AWS/STM32CubeExpansion_Cloud_AWS_V1.1.0/Drivers/BSP/Components/hts221" -I"C:/Users/Justin Stadlbauer/Documents/Spring 2018/IoT/Cube - IOT - AWS/STM32CubeExpansion_Cloud_AWS_V1.1.0/Drivers/BSP/Components/lis3mdl" -I"C:/Users/Justin Stadlbauer/Documents/Spring 2018/IoT/Cube - IOT - AWS/STM32CubeExpansion_Cloud_AWS_V1.1.0/Drivers/BSP/Components/lps22hb" -I"C:/Users/Justin Stadlbauer/Documents/Spring 2018/IoT/Cube - IOT - AWS/STM32CubeExpansion_Cloud_AWS_V1.1.0/Drivers/BSP/Components/lsm6dsl" -I"C:/Users/Justin Stadlbauer/Documents/Spring 2018/IoT/Cube - IOT - AWS/STM32CubeExpansion_Cloud_AWS_V1.1.0/Drivers/BSP/Components/vl53l0x"  -Os -g3 -Wall -fmessage-length=0 -ffunction-sections -c -fmessage-length=0 -MMD -MP -MF"Application/Common/rfu.d" -MT"Application/Common/rfu.o" -o "Application/Common/rfu.o" "C:/Users/Justin Stadlbauer/Documents/Spring 2018/IoT/Cube - IOT - AWS/STM32CubeExpansion_Cloud_AWS_V1.1.0/Projects/Common/Shared/Src/rfu.c"
Finished building: C:/Users/Justin Stadlbauer/Documents/Spring 2018/IoT/Cube - IOT - AWS/STM32CubeExpansion_Cloud_AWS_V1.1.0/Projects/Common/Shared/Src/rfu.c
 
Building file: C:/Users/Justin Stadlbauer/Documents/Spring 2018/IoT/Cube - IOT - AWS/STM32CubeExpansion_Cloud_AWS_V1.1.0/Projects/Common/Shared/Src/sensors_data.c
Invoking: MCU GCC Compiler
C:\Users\Justin Stadlbauer\Documents\Spring 2018\IoT\Cube - IOT - AWS\STM32CubeExpansion_Cloud_AWS_V1.1.0\Projects\B-L475E-IOT01\Applications\Cloud\AWS\SW4STM32\B-L475E-IOT01\Debug
arm-none-eabi-gcc -mcpu=cortex-m4 -mthumb -mfloat-abi=hard -mfpu=fpv4-sp-d16 -DSTM32L475xx -DUSE_HAL_DRIVER -DSENSOR '-DMBEDTLS_CONFIG_FILE=<aws_mbedtls_config.h>' -DENABLE_IOT_INFO -DENABLE_IOT_ERROR -DENABLE_IOT_WARNING -DUSE_MBED_TLS -DAWS -DUSE_WIFI -I"C:/Users/Justin Stadlbauer/Documents/Spring 2018/IoT/Cube - IOT - AWS/STM32CubeExpansion_Cloud_AWS_V1.1.0/Projects/B-L475E-IOT01/Applications/Cloud/AWS/Inc" -I"C:/Users/Justin Stadlbauer/Documents/Spring 2018/IoT/Cube - IOT - AWS/STM32CubeExpansion_Cloud_AWS_V1.1.0/Drivers/CMSIS/Device/ST/STM32L4xx/Include" -I"C:/Users/Justin Stadlbauer/Documents/Spring 2018/IoT/Cube - IOT - AWS/STM32CubeExpansion_Cloud_AWS_V1.1.0/Drivers/CMSIS/Include" -I"C:/Users/Justin Stadlbauer/Documents/Spring 2018/IoT/Cube - IOT - AWS/STM32CubeExpansion_Cloud_AWS_V1.1.0/Drivers/STM32L4xx_HAL_Driver/Inc" -I"C:/Users/Justin Stadlbauer/Documents/Spring 2018/IoT/Cube - IOT - AWS/STM32CubeExpansion_Cloud_AWS_V1.1.0/Drivers/BSP/B-L475E-IOT01" -I"C:/Users/Justin Stadlbauer/Documents/Spring 2018/IoT/Cube - IOT - AWS/STM32CubeExpansion_Cloud_AWS_V1.1.0/Projects/Common/AWS/Inc" -I"C:/Users/Justin Stadlbauer/Documents/Spring 2018/IoT/Cube - IOT - AWS/STM32CubeExpansion_Cloud_AWS_V1.1.0/Projects/Common/Shared/Inc" -I"C:/Users/Justin Stadlbauer/Documents/Spring 2018/IoT/Cube - IOT - AWS/STM32CubeExpansion_Cloud_AWS_V1.1.0/Middlewares/Third_Party/AWS/include" -I"C:/Users/Justin Stadlbauer/Documents/Spring 2018/IoT/Cube - IOT - AWS/STM32CubeExpansion_Cloud_AWS_V1.1.0/Middlewares/Third_Party/mbedTLS/include" -I"C:/Users/Justin Stadlbauer/Documents/Spring 2018/IoT/Cube - IOT - AWS/STM32CubeExpansion_Cloud_AWS_V1.1.0/Drivers/BSP/Components/es_wifi" -I"C:/Users/Justin Stadlbauer/Documents/Spring 2018/IoT/Cube - IOT - AWS/STM32CubeExpansion_Cloud_AWS_V1.1.0/Drivers/BSP/Components/hts221" -I"C:/Users/Justin Stadlbauer/Documents/Spring 2018/IoT/Cube - IOT - AWS/STM32CubeExpansion_Cloud_AWS_V1.1.0/Drivers/BSP/Components/lis3mdl" -I"C:/Users/Justin Stadlbauer/Documents/Spring 2018/IoT/Cube - IOT - AWS/STM32CubeExpansion_Cloud_AWS_V1.1.0/Drivers/BSP/Components/lps22hb" -I"C:/Users/Justin Stadlbauer/Documents/Spring 2018/IoT/Cube - IOT - AWS/STM32CubeExpansion_Cloud_AWS_V1.1.0/Drivers/BSP/Components/lsm6dsl" -I"C:/Users/Justin Stadlbauer/Documents/Spring 2018/IoT/Cube - IOT - AWS/STM32CubeExpansion_Cloud_AWS_V1.1.0/Drivers/BSP/Components/vl53l0x"  -Os -g3 -Wall -fmessage-length=0 -ffunction-sections -c -fmessage-length=0 -MMD -MP -MF"Application/Common/sensors_data.d" -MT"Application/Common/sensors_data.o" -o "Application/Common/sensors_data.o" "C:/Users/Justin Stadlbauer/Documents/Spring 2018/IoT/Cube - IOT - AWS/STM32CubeExpansion_Cloud_AWS_V1.1.0/Projects/Common/Shared/Src/sensors_data.c"
Finished building: C:/Users/Justin Stadlbauer/Documents/Spring 2018/IoT/Cube - IOT - AWS/STM32CubeExpansion_Cloud_AWS_V1.1.0/Projects/Common/Shared/Src/sensors_data.c
 
Building file: C:/Users/Justin Stadlbauer/Documents/Spring 2018/IoT/Cube - IOT - AWS/STM32CubeExpansion_Cloud_AWS_V1.1.0/Projects/Common/Shared/Src/timedate.c
Invoking: MCU GCC Compiler
C:\Users\Justin Stadlbauer\Documents\Spring 2018\IoT\Cube - IOT - AWS\STM32CubeExpansion_Cloud_AWS_V1.1.0\Projects\B-L475E-IOT01\Applications\Cloud\AWS\SW4STM32\B-L475E-IOT01\Debug
arm-none-eabi-gcc -mcpu=cortex-m4 -mthumb -mfloat-abi=hard -mfpu=fpv4-sp-d16 -DSTM32L475xx -DUSE_HAL_DRIVER -DSENSOR '-DMBEDTLS_CONFIG_FILE=<aws_mbedtls_config.h>' -DENABLE_IOT_INFO -DENABLE_IOT_ERROR -DENABLE_IOT_WARNING -DUSE_MBED_TLS -DAWS -DUSE_WIFI -I"C:/Users/Justin Stadlbauer/Documents/Spring 2018/IoT/Cube - IOT - AWS/STM32CubeExpansion_Cloud_AWS_V1.1.0/Projects/B-L475E-IOT01/Applications/Cloud/AWS/Inc" -I"C:/Users/Justin Stadlbauer/Documents/Spring 2018/IoT/Cube - IOT - AWS/STM32CubeExpansion_Cloud_AWS_V1.1.0/Drivers/CMSIS/Device/ST/STM32L4xx/Include" -I"C:/Users/Justin Stadlbauer/Documents/Spring 2018/IoT/Cube - IOT - AWS/STM32CubeExpansion_Cloud_AWS_V1.1.0/Drivers/CMSIS/Include" -I"C:/Users/Justin Stadlbauer/Documents/Spring 2018/IoT/Cube - IOT - AWS/STM32CubeExpansion_Cloud_AWS_V1.1.0/Drivers/STM32L4xx_HAL_Driver/Inc" -I"C:/Users/Justin Stadlbauer/Documents/Spring 2018/IoT/Cube - IOT - AWS/STM32CubeExpansion_Cloud_AWS_V1.1.0/Drivers/BSP/B-L475E-IOT01" -I"C:/Users/Justin Stadlbauer/Documents/Spring 2018/IoT/Cube - IOT - AWS/STM32CubeExpansion_Cloud_AWS_V1.1.0/Projects/Common/AWS/Inc" -I"C:/Users/Justin Stadlbauer/Documents/Spring 2018/IoT/Cube - IOT - AWS/STM32CubeExpansion_Cloud_AWS_V1.1.0/Projects/Common/Shared/Inc" -I"C:/Users/Justin Stadlbauer/Documents/Spring 2018/IoT/Cube - IOT - AWS/STM32CubeExpansion_Cloud_AWS_V1.1.0/Middlewares/Third_Party/AWS/include" -I"C:/Users/Justin Stadlbauer/Documents/Spring 2018/IoT/Cube - IOT - AWS/STM32CubeExpansion_Cloud_AWS_V1.1.0/Middlewares/Third_Party/mbedTLS/include" -I"C:/Users/Justin Stadlbauer/Documents/Spring 2018/IoT/Cube - IOT - AWS/STM32CubeExpansion_Cloud_AWS_V1.1.0/Drivers/BSP/Components/es_wifi" -I"C:/Users/Justin Stadlbauer/Documents/Spring 2018/IoT/Cube - IOT - AWS/STM32CubeExpansion_Cloud_AWS_V1.1.0/Drivers/BSP/Components/hts221" -I"C:/Users/Justin Stadlbauer/Documents/Spring 2018/IoT/Cube - IOT - AWS/STM32CubeExpansion_Cloud_AWS_V1.1.0/Drivers/BSP/Components/lis3mdl" -I"C:/Users/Justin Stadlbauer/Documents/Spring 2018/IoT/Cube - IOT - AWS/STM32CubeExpansion_Cloud_AWS_V1.1.0/Drivers/BSP/Components/lps22hb" -I"C:/Users/Justin Stadlbauer/Documents/Spring 2018/IoT/Cube - IOT - AWS/STM32CubeExpansion_Cloud_AWS_V1.1.0/Drivers/BSP/Components/lsm6dsl" -I"C:/Users/Justin Stadlbauer/Documents/Spring 2018/IoT/Cube - IOT - AWS/STM32CubeExpansion_Cloud_AWS_V1.1.0/Drivers/BSP/Components/vl53l0x"  -Os -g3 -Wall -fmessage-length=0 -ffunction-sections -c -fmessage-length=0 -MMD -MP -MF"Application/Common/timedate.d" -MT"Application/Common/timedate.o" -o "Application/Common/timedate.o" "C:/Users/Justin Stadlbauer/Documents/Spring 2018/IoT/Cube - IOT - AWS/STM32CubeExpansion_Cloud_AWS_V1.1.0/Projects/Common/Shared/Src/timedate.c"
Finished building: C:/Users/Justin Stadlbauer/Documents/Spring 2018/IoT/Cube - IOT - AWS/STM32CubeExpansion_Cloud_AWS_V1.1.0/Projects/Common/Shared/Src/timedate.c
 
Building file: C:/Users/Justin Stadlbauer/Documents/Spring 2018/IoT/Cube - IOT - AWS/STM32CubeExpansion_Cloud_AWS_V1.1.0/Projects/Common/Shared/Src/wifi_net.c
Invoking: MCU GCC Compiler
C:\Users\Justin Stadlbauer\Documents\Spring 2018\IoT\Cube - IOT - AWS\STM32CubeExpansion_Cloud_AWS_V1.1.0\Projects\B-L475E-IOT01\Applications\Cloud\AWS\SW4STM32\B-L475E-IOT01\Debug
arm-none-eabi-gcc -mcpu=cortex-m4 -mthumb -mfloat-abi=hard -mfpu=fpv4-sp-d16 -DSTM32L475xx -DUSE_HAL_DRIVER -DSENSOR '-DMBEDTLS_CONFIG_FILE=<aws_mbedtls_config.h>' -DENABLE_IOT_INFO -DENABLE_IOT_ERROR -DENABLE_IOT_WARNING -DUSE_MBED_TLS -DAWS -DUSE_WIFI -I"C:/Users/Justin Stadlbauer/Documents/Spring 2018/IoT/Cube - IOT - AWS/STM32CubeExpansion_Cloud_AWS_V1.1.0/Projects/B-L475E-IOT01/Applications/Cloud/AWS/Inc" -I"C:/Users/Justin Stadlbauer/Documents/Spring 2018/IoT/Cube - IOT - AWS/STM32CubeExpansion_Cloud_AWS_V1.1.0/Drivers/CMSIS/Device/ST/STM32L4xx/Include" -I"C:/Users/Justin Stadlbauer/Documents/Spring 2018/IoT/Cube - IOT - AWS/STM32CubeExpansion_Cloud_AWS_V1.1.0/Drivers/CMSIS/Include" -I"C:/Users/Justin Stadlbauer/Documents/Spring 2018/IoT/Cube - IOT - AWS/STM32CubeExpansion_Cloud_AWS_V1.1.0/Drivers/STM32L4xx_HAL_Driver/Inc" -I"C:/Users/Justin Stadlbauer/Documents/Spring 2018/IoT/Cube - IOT - AWS/STM32CubeExpansion_Cloud_AWS_V1.1.0/Drivers/BSP/B-L475E-IOT01" -I"C:/Users/Justin Stadlbauer/Documents/Spring 2018/IoT/Cube - IOT - AWS/STM32CubeExpansion_Cloud_AWS_V1.1.0/Projects/Common/AWS/Inc" -I"C:/Users/Justin Stadlbauer/Documents/Spring 2018/IoT/Cube - IOT - AWS/STM32CubeExpansion_Cloud_AWS_V1.1.0/Projects/Common/Shared/Inc" -I"C:/Users/Justin Stadlbauer/Documents/Spring 2018/IoT/Cube - IOT - AWS/STM32CubeExpansion_Cloud_AWS_V1.1.0/Middlewares/Third_Party/AWS/include" -I"C:/Users/Justin Stadlbauer/Documents/Spring 2018/IoT/Cube - IOT - AWS/STM32CubeExpansion_Cloud_AWS_V1.1.0/Middlewares/Third_Party/mbedTLS/include" -I"C:/Users/Justin Stadlbauer/Documents/Spring 2018/IoT/Cube - IOT - AWS/STM32CubeExpansion_Cloud_AWS_V1.1.0/Drivers/BSP/Components/es_wifi" -I"C:/Users/Justin Stadlbauer/Documents/Spring 2018/IoT/Cube - IOT - AWS/STM32CubeExpansion_Cloud_AWS_V1.1.0/Drivers/BSP/Components/hts221" -I"C:/Users/Justin Stadlbauer/Documents/Spring 2018/IoT/Cube - IOT - AWS/STM32CubeExpansion_Cloud_AWS_V1.1.0/Drivers/BSP/Components/lis3mdl" -I"C:/Users/Justin Stadlbauer/Documents/Spring 2018/IoT/Cube - IOT - AWS/STM32CubeExpansion_Cloud_AWS_V1.1.0/Drivers/BSP/Components/lps22hb" -I"C:/Users/Justin Stadlbauer/Documents/Spring 2018/IoT/Cube - IOT - AWS/STM32CubeExpansion_Cloud_AWS_V1.1.0/Drivers/BSP/Components/lsm6dsl" -I"C:/Users/Justin Stadlbauer/Documents/Spring 2018/IoT/Cube - IOT - AWS/STM32CubeExpansion_Cloud_AWS_V1.1.0/Drivers/BSP/Components/vl53l0x"  -Os -g3 -Wall -fmessage-length=0 -ffunction-sections -c -fmessage-length=0 -MMD -MP -MF"Application/Common/wifi_net.d" -MT"Application/Common/wifi_net.o" -o "Application/Common/wifi_net.o" "C:/Users/Justin Stadlbauer/Documents/Spring 2018/IoT/Cube - IOT - AWS/STM32CubeExpansion_Cloud_AWS_V1.1.0/Projects/Common/Shared/Src/wifi_net.c"
Finished building: C:/Users/Justin Stadlbauer/Documents/Spring 2018/IoT/Cube - IOT - AWS/STM32CubeExpansion_Cloud_AWS_V1.1.0/Projects/Common/Shared/Src/wifi_net.c
 
Building file: C:/Users/Justin Stadlbauer/Documents/Spring 2018/IoT/Cube - IOT - AWS/STM32CubeExpansion_Cloud_AWS_V1.1.0/Projects/Common/AWS/Src/aws_subscribe_publish_sensor_values.c
Invoking: MCU GCC Compiler
C:\Users\Justin Stadlbauer\Documents\Spring 2018\IoT\Cube - IOT - AWS\STM32CubeExpansion_Cloud_AWS_V1.1.0\Projects\B-L475E-IOT01\Applications\Cloud\AWS\SW4STM32\B-L475E-IOT01\Debug
arm-none-eabi-gcc -mcpu=cortex-m4 -mthumb -mfloat-abi=hard -mfpu=fpv4-sp-d16 -DSTM32L475xx -DUSE_HAL_DRIVER -DSENSOR '-DMBEDTLS_CONFIG_FILE=<aws_mbedtls_config.h>' -DENABLE_IOT_INFO -DENABLE_IOT_ERROR -DENABLE_IOT_WARNING -DUSE_MBED_TLS -DAWS -DUSE_WIFI -I"C:/Users/Justin Stadlbauer/Documents/Spring 2018/IoT/Cube - IOT - AWS/STM32CubeExpansion_Cloud_AWS_V1.1.0/Projects/B-L475E-IOT01/Applications/Cloud/AWS/Inc" -I"C:/Users/Justin Stadlbauer/Documents/Spring 2018/IoT/Cube - IOT - AWS/STM32CubeExpansion_Cloud_AWS_V1.1.0/Drivers/CMSIS/Device/ST/STM32L4xx/Include" -I"C:/Users/Justin Stadlbauer/Documents/Spring 2018/IoT/Cube - IOT - AWS/STM32CubeExpansion_Cloud_AWS_V1.1.0/Drivers/CMSIS/Include" -I"C:/Users/Justin Stadlbauer/Documents/Spring 2018/IoT/Cube - IOT - AWS/STM32CubeExpansion_Cloud_AWS_V1.1.0/Drivers/STM32L4xx_HAL_Driver/Inc" -I"C:/Users/Justin Stadlbauer/Documents/Spring 2018/IoT/Cube - IOT - AWS/STM32CubeExpansion_Cloud_AWS_V1.1.0/Drivers/BSP/B-L475E-IOT01" -I"C:/Users/Justin Stadlbauer/Documents/Spring 2018/IoT/Cube - IOT - AWS/STM32CubeExpansion_Cloud_AWS_V1.1.0/Projects/Common/AWS/Inc" -I"C:/Users/Justin Stadlbauer/Documents/Spring 2018/IoT/Cube - IOT - AWS/STM32CubeExpansion_Cloud_AWS_V1.1.0/Projects/Common/Shared/Inc" -I"C:/Users/Justin Stadlbauer/Documents/Spring 2018/IoT/Cube - IOT - AWS/STM32CubeExpansion_Cloud_AWS_V1.1.0/Middlewares/Third_Party/AWS/include" -I"C:/Users/Justin Stadlbauer/Documents/Spring 2018/IoT/Cube - IOT - AWS/STM32CubeExpansion_Cloud_AWS_V1.1.0/Middlewares/Third_Party/mbedTLS/include" -I"C:/Users/Justin Stadlbauer/Documents/Spring 2018/IoT/Cube - IOT - AWS/STM32CubeExpansion_Cloud_AWS_V1.1.0/Drivers/BSP/Components/es_wifi" -I"C:/Users/Justin Stadlbauer/Documents/Spring 2018/IoT/Cube - IOT - AWS/STM32CubeExpansion_Cloud_AWS_V1.1.0/Drivers/BSP/Components/hts221" -I"C:/Users/Justin Stadlbauer/Documents/Spring 2018/IoT/Cube - IOT - AWS/STM32CubeExpansion_Cloud_AWS_V1.1.0/Drivers/BSP/Components/lis3mdl" -I"C:/Users/Justin Stadlbauer/Documents/Spring 2018/IoT/Cube - IOT - AWS/STM32CubeExpansion_Cloud_AWS_V1.1.0/Drivers/BSP/Components/lps22hb" -I"C:/Users/Justin Stadlbauer/Documents/Spring 2018/IoT/Cube - IOT - AWS/STM32CubeExpansion_Cloud_AWS_V1.1.0/Drivers/BSP/Components/lsm6dsl" -I"C:/Users/Justin Stadlbauer/Documents/Spring 2018/IoT/Cube - IOT - AWS/STM32CubeExpansion_Cloud_AWS_V1.1.0/Drivers/BSP/Components/vl53l0x"  -Os -g3 -Wall -fmessage-length=0 -ffunction-sections -c -fmessage-length=0 -MMD -MP -MF"Application/AWS/aws_subscribe_publish_sensor_values.d" -MT"Application/AWS/aws_subscribe_publish_sensor_values.o" -o "Application/AWS/aws_subscribe_publish_sensor_values.o" "C:/Users/Justin Stadlbauer/Documents/Spring 2018/IoT/Cube - IOT - AWS/STM32CubeExpansion_Cloud_AWS_V1.1.0/Projects/Common/AWS/Src/aws_subscribe_publish_sensor_values.c"
Finished building: C:/Users/Justin Stadlbauer/Documents/Spring 2018/IoT/Cube - IOT - AWS/STM32CubeExpansion_Cloud_AWS_V1.1.0/Projects/Common/AWS/Src/aws_subscribe_publish_sensor_values.c
 
Building file: C:/Users/Justin Stadlbauer/Documents/Spring 2018/IoT/Cube - IOT - AWS/STM32CubeExpansion_Cloud_AWS_V1.1.0/Projects/Common/AWS/Src/aws_timer.c
Invoking: MCU GCC Compiler
C:\Users\Justin Stadlbauer\Documents\Spring 2018\IoT\Cube - IOT - AWS\STM32CubeExpansion_Cloud_AWS_V1.1.0\Projects\B-L475E-IOT01\Applications\Cloud\AWS\SW4STM32\B-L475E-IOT01\Debug
arm-none-eabi-gcc -mcpu=cortex-m4 -mthumb -mfloat-abi=hard -mfpu=fpv4-sp-d16 -DSTM32L475xx -DUSE_HAL_DRIVER -DSENSOR '-DMBEDTLS_CONFIG_FILE=<aws_mbedtls_config.h>' -DENABLE_IOT_INFO -DENABLE_IOT_ERROR -DENABLE_IOT_WARNING -DUSE_MBED_TLS -DAWS -DUSE_WIFI -I"C:/Users/Justin Stadlbauer/Documents/Spring 2018/IoT/Cube - IOT - AWS/STM32CubeExpansion_Cloud_AWS_V1.1.0/Projects/B-L475E-IOT01/Applications/Cloud/AWS/Inc" -I"C:/Users/Justin Stadlbauer/Documents/Spring 2018/IoT/Cube - IOT - AWS/STM32CubeExpansion_Cloud_AWS_V1.1.0/Drivers/CMSIS/Device/ST/STM32L4xx/Include" -I"C:/Users/Justin Stadlbauer/Documents/Spring 2018/IoT/Cube - IOT - AWS/STM32CubeExpansion_Cloud_AWS_V1.1.0/Drivers/CMSIS/Include" -I"C:/Users/Justin Stadlbauer/Documents/Spring 2018/IoT/Cube - IOT - AWS/STM32CubeExpansion_Cloud_AWS_V1.1.0/Drivers/STM32L4xx_HAL_Driver/Inc" -I"C:/Users/Justin Stadlbauer/Documents/Spring 2018/IoT/Cube - IOT - AWS/STM32CubeExpansion_Cloud_AWS_V1.1.0/Drivers/BSP/B-L475E-IOT01" -I"C:/Users/Justin Stadlbauer/Documents/Spring 2018/IoT/Cube - IOT - AWS/STM32CubeExpansion_Cloud_AWS_V1.1.0/Projects/Common/AWS/Inc" -I"C:/Users/Justin Stadlbauer/Documents/Spring 2018/IoT/Cube - IOT - AWS/STM32CubeExpansion_Cloud_AWS_V1.1.0/Projects/Common/Shared/Inc" -I"C:/Users/Justin Stadlbauer/Documents/Spring 2018/IoT/Cube - IOT - AWS/STM32CubeExpansion_Cloud_AWS_V1.1.0/Middlewares/Third_Party/AWS/include" -I"C:/Users/Justin Stadlbauer/Documents/Spring 2018/IoT/Cube - IOT - AWS/STM32CubeExpansion_Cloud_AWS_V1.1.0/Middlewares/Third_Party/mbedTLS/include" -I"C:/Users/Justin Stadlbauer/Documents/Spring 2018/IoT/Cube - IOT - AWS/STM32CubeExpansion_Cloud_AWS_V1.1.0/Drivers/BSP/Components/es_wifi" -I"C:/Users/Justin Stadlbauer/Documents/Spring 2018/IoT/Cube - IOT - AWS/STM32CubeExpansion_Cloud_AWS_V1.1.0/Drivers/BSP/Components/hts221" -I"C:/Users/Justin Stadlbauer/Documents/Spring 2018/IoT/Cube - IOT - AWS/STM32CubeExpansion_Cloud_AWS_V1.1.0/Drivers/BSP/Components/lis3mdl" -I"C:/Users/Justin Stadlbauer/Documents/Spring 2018/IoT/Cube - IOT - AWS/STM32CubeExpansion_Cloud_AWS_V1.1.0/Drivers/BSP/Components/lps22hb" -I"C:/Users/Justin Stadlbauer/Documents/Spring 2018/IoT/Cube - IOT - AWS/STM32CubeExpansion_Cloud_AWS_V1.1.0/Drivers/BSP/Components/lsm6dsl" -I"C:/Users/Justin Stadlbauer/Documents/Spring 2018/IoT/Cube - IOT - AWS/STM32CubeExpansion_Cloud_AWS_V1.1.0/Drivers/BSP/Components/vl53l0x"  -Os -g3 -Wall -fmessage-length=0 -ffunction-sections -c -fmessage-length=0 -MMD -MP -MF"Application/AWS/aws_timer.d" -MT"Application/AWS/aws_timer.o" -o "Application/AWS/aws_timer.o" "C:/Users/Justin Stadlbauer/Documents/Spring 2018/IoT/Cube - IOT - AWS/STM32CubeExpansion_Cloud_AWS_V1.1.0/Projects/Common/AWS/Src/aws_timer.c"
Finished building: C:/Users/Justin Stadlbauer/Documents/Spring 2018/IoT/Cube - IOT - AWS/STM32CubeExpansion_Cloud_AWS_V1.1.0/Projects/Common/AWS/Src/aws_timer.c
 
Building target: B-L475E-IOT01.elf
Invoking: MCU GCC Linker
arm-none-eabi-gcc -mcpu=cortex-m4 -mthumb -mfloat-abi=hard -mfpu=fpv4-sp-d16 -specs=nosys.specs -specs=nano.specs -u _printf_float -T"../STM32L475VGTx_FLASH.ld" -Wl,-Map=output.map -Wl,--gc-sections -o "B-L475E-IOT01.elf" @"objects.list"   -lm
Finished building target: B-L475E-IOT01.elf
 
make --no-print-directory post-build
Generating binary and Printing size information:
arm-none-eabi-objcopy -O binary "B-L475E-IOT01.elf" "B-L475E-IOT01.bin"
arm-none-eabi-size "B-L475E-IOT01.elf"
   text	   data	    bss	    dec	    hex	filename
 220864	   1904	  95320	 318088	  4da88	B-L475E-IOT01.elf
 

20:45:32 Build Finished (took 24s.222ms)

